Archive member included because of file (symbol)

c:/program files (x86)/atmel/atmel toolchain/avr8 gcc/native/3.4.2.1002/avr8-gnu-toolchain/bin/../lib/gcc/avr/4.7.2/../../../../avr/lib/avrxmega5\libm.a(addsf3.o)
                              libs/motor.o (__subsf3)
c:/program files (x86)/atmel/atmel toolchain/avr8 gcc/native/3.4.2.1002/avr8-gnu-toolchain/bin/../lib/gcc/avr/4.7.2/../../../../avr/lib/avrxmega5\libm.a(addsf3x.o)
                              c:/program files (x86)/atmel/atmel toolchain/avr8 gcc/native/3.4.2.1002/avr8-gnu-toolchain/bin/../lib/gcc/avr/4.7.2/../../../../avr/lib/avrxmega5\libm.a(addsf3.o) (__addsf3x)
c:/program files (x86)/atmel/atmel toolchain/avr8 gcc/native/3.4.2.1002/avr8-gnu-toolchain/bin/../lib/gcc/avr/4.7.2/../../../../avr/lib/avrxmega5\libm.a(atan2.o)
                              main.o (atan2)
c:/program files (x86)/atmel/atmel toolchain/avr8 gcc/native/3.4.2.1002/avr8-gnu-toolchain/bin/../lib/gcc/avr/4.7.2/../../../../avr/lib/avrxmega5\libm.a(atan.o)
                              c:/program files (x86)/atmel/atmel toolchain/avr8 gcc/native/3.4.2.1002/avr8-gnu-toolchain/bin/../lib/gcc/avr/4.7.2/../../../../avr/lib/avrxmega5\libm.a(atan2.o) (atan)
c:/program files (x86)/atmel/atmel toolchain/avr8 gcc/native/3.4.2.1002/avr8-gnu-toolchain/bin/../lib/gcc/avr/4.7.2/../../../../avr/lib/avrxmega5\libm.a(ceil.o)
                              libs/motor.o (ceil)
c:/program files (x86)/atmel/atmel toolchain/avr8 gcc/native/3.4.2.1002/avr8-gnu-toolchain/bin/../lib/gcc/avr/4.7.2/../../../../avr/lib/avrxmega5\libm.a(cmpsf2.o)
                              libs/motor.o (__ltsf2)
c:/program files (x86)/atmel/atmel toolchain/avr8 gcc/native/3.4.2.1002/avr8-gnu-toolchain/bin/../lib/gcc/avr/4.7.2/../../../../avr/lib/avrxmega5\libm.a(divsf3.o)
                              libs/motor.o (__divsf3)
c:/program files (x86)/atmel/atmel toolchain/avr8 gcc/native/3.4.2.1002/avr8-gnu-toolchain/bin/../lib/gcc/avr/4.7.2/../../../../avr/lib/avrxmega5\libm.a(divsf3x.o)
                              c:/program files (x86)/atmel/atmel toolchain/avr8 gcc/native/3.4.2.1002/avr8-gnu-toolchain/bin/../lib/gcc/avr/4.7.2/../../../../avr/lib/avrxmega5\libm.a(divsf3.o) (__divsf3x)
c:/program files (x86)/atmel/atmel toolchain/avr8 gcc/native/3.4.2.1002/avr8-gnu-toolchain/bin/../lib/gcc/avr/4.7.2/../../../../avr/lib/avrxmega5\libm.a(fixsfsi.o)
                              libs/atmega8.o (__fixsfsi)
c:/program files (x86)/atmel/atmel toolchain/avr8 gcc/native/3.4.2.1002/avr8-gnu-toolchain/bin/../lib/gcc/avr/4.7.2/../../../../avr/lib/avrxmega5\libm.a(fixunssfsi.o)
                              libs/atmega8.o (__fixunssfsi)
c:/program files (x86)/atmel/atmel toolchain/avr8 gcc/native/3.4.2.1002/avr8-gnu-toolchain/bin/../lib/gcc/avr/4.7.2/../../../../avr/lib/avrxmega5\libm.a(floatsisf.o)
                              libs/motor.o (__floatunsisf)
c:/program files (x86)/atmel/atmel toolchain/avr8 gcc/native/3.4.2.1002/avr8-gnu-toolchain/bin/../lib/gcc/avr/4.7.2/../../../../avr/lib/avrxmega5\libm.a(floor.o)
                              libs/motor.o (floor)
c:/program files (x86)/atmel/atmel toolchain/avr8 gcc/native/3.4.2.1002/avr8-gnu-toolchain/bin/../lib/gcc/avr/4.7.2/../../../../avr/lib/avrxmega5\libm.a(fp_cmp.o)
                              c:/program files (x86)/atmel/atmel toolchain/avr8 gcc/native/3.4.2.1002/avr8-gnu-toolchain/bin/../lib/gcc/avr/4.7.2/../../../../avr/lib/avrxmega5\libm.a(cmpsf2.o) (__fp_cmp)
c:/program files (x86)/atmel/atmel toolchain/avr8 gcc/native/3.4.2.1002/avr8-gnu-toolchain/bin/../lib/gcc/avr/4.7.2/../../../../avr/lib/avrxmega5\libm.a(fp_inf.o)
                              c:/program files (x86)/atmel/atmel toolchain/avr8 gcc/native/3.4.2.1002/avr8-gnu-toolchain/bin/../lib/gcc/avr/4.7.2/../../../../avr/lib/avrxmega5\libm.a(addsf3x.o) (__fp_inf)
c:/program files (x86)/atmel/atmel toolchain/avr8 gcc/native/3.4.2.1002/avr8-gnu-toolchain/bin/../lib/gcc/avr/4.7.2/../../../../avr/lib/avrxmega5\libm.a(fp_mintl.o)
                              c:/program files (x86)/atmel/atmel toolchain/avr8 gcc/native/3.4.2.1002/avr8-gnu-toolchain/bin/../lib/gcc/avr/4.7.2/../../../../avr/lib/avrxmega5\libm.a(ceil.o) (__fp_mintl)
c:/program files (x86)/atmel/atmel toolchain/avr8 gcc/native/3.4.2.1002/avr8-gnu-toolchain/bin/../lib/gcc/avr/4.7.2/../../../../avr/lib/avrxmega5\libm.a(fp_mpack.o)
                              c:/program files (x86)/atmel/atmel toolchain/avr8 gcc/native/3.4.2.1002/avr8-gnu-toolchain/bin/../lib/gcc/avr/4.7.2/../../../../avr/lib/avrxmega5\libm.a(ceil.o) (__fp_mpack)
c:/program files (x86)/atmel/atmel toolchain/avr8 gcc/native/3.4.2.1002/avr8-gnu-toolchain/bin/../lib/gcc/avr/4.7.2/../../../../avr/lib/avrxmega5\libm.a(fp_nan.o)
                              c:/program files (x86)/atmel/atmel toolchain/avr8 gcc/native/3.4.2.1002/avr8-gnu-toolchain/bin/../lib/gcc/avr/4.7.2/../../../../avr/lib/avrxmega5\libm.a(addsf3x.o) (__fp_nan)
[...]
Memory Configuration

Name             Origin             Length             Attributes
text             0x00000000         0x00100000         xr
data             0x00802000         0x0000ffa0         rw !x
eeprom           0x00810000         0x00010000         rw !x
fuse             0x00820000         0x00000400         rw !x
lock             0x00830000         0x00000400         rw !x
signature        0x00840000         0x00000400         rw !x
user_signatures  0x00850000         0x00000400         rw !x
*default*        0x00000000         0xffffffff

Linker script and memory map

LOAD c:/program files (x86)/atmel/atmel toolchain/avr8 gcc/native/3.4.2.1002/avr8-gnu-toolchain/bin/../lib/gcc/avr/4.7.2/../../../../avr/lib/avrxmega5/crtx64a1.o
LOAD driver/spimaster.o
LOAD driver/twimaster.o
LOAD driver/usart.o
LOAD libs/atmega8.o
LOAD libs/ir.o
LOAD libs/ir_asm.o
LOAD libs/motor.o
LOAD libs/periphery.o
LOAD main.o
LOAD sensor/bno055.o
LOAD sensor/cmps03.o
LOAD sensor/lcd03.o
LOAD sensor/legoIR.o
LOAD sensor/ltc2945.o
LOAD sensor/mpu6050.o
LOAD sensor/pixie.o
LOAD sensor/pulsedlight.o
LOAD sensor/srf08.o
START GROUP
LOAD c:/program files (x86)/atmel/atmel toolchain/avr8 gcc/native/3.4.2.1002/avr8-gnu-toolchain/bin/../lib/gcc/avr/4.7.2/../../../../avr/lib/avrxmega5\libm.a
END GROUP
LOAD c:/program files (x86)/atmel/atmel toolchain/avr8 gcc/native/3.4.2.1002/avr8-gnu-toolchain/bin/../lib/gcc/avr/4.7.2/avrxmega5\libgcc.a
LOAD c:/program files (x86)/atmel/atmel toolchain/avr8 gcc/native/3.4.2.1002/avr8-gnu-toolchain/bin/../lib/gcc/avr/4.7.2/../../../../avr/lib/avrxmega5\libm.a
LOAD c:/program files (x86)/atmel/atmel toolchain/avr8 gcc/native/3.4.2.1002/avr8-gnu-toolchain/bin/../lib/gcc/avr/4.7.2/avrxmega5\libgcc.a
LOAD c:/program files (x86)/atmel/atmel toolchain/avr8 gcc/native/3.4.2.1002/avr8-gnu-toolchain/bin/../lib/gcc/avr/4.7.2/../../../../avr/lib/avrxmega5\libc.a
LOAD c:/program files (x86)/atmel/atmel toolchain/avr8 gcc/native/3.4.2.1002/avr8-gnu-toolchain/bin/../lib/gcc/avr/4.7.2/avrxmega5\libgcc.a

.hash
 *(.hash)

.dynsym
 *(.dynsym)

.dynstr
 *(.dynstr)

.gnu.version
 *(.gnu.version)

.gnu.version_d
 *(.gnu.version_d)

.gnu.version_r
 *(.gnu.version_r)

.rel.init
 *(.rel.init)

.rela.init
 *(.rela.init)

.rel.text
 *(.rel.text)
 *(.rel.text.*)
 *(.rel.gnu.linkonce.t*)

.rela.text
 *(.rela.text)
 *(.rela.text.*)
 *(.rela.gnu.linkonce.t*)

.rel.fini
 *(.rel.fini)

.rela.fini
 *(.rela.fini)

.rel.rodata
 *(.rel.rodata)
 *(.rel.rodata.*)
 *(.rel.gnu.linkonce.r*)

.rela.rodata
 *(.rela.rodata)
 *(.rela.rodata.*)
 *(.rela.gnu.linkonce.r*)

.rel.data
 *(.rel.data)
 *(.rel.data.*)
 *(.rel.gnu.linkonce.d*)

.rela.data
 *(.rela.data)
 *(.rela.data.*)
 *(.rela.gnu.linkonce.d*)

.rel.ctors
 *(.rel.ctors)

.rela.ctors
 *(.rela.ctors)

.rel.dtors
 *(.rel.dtors)

.rela.dtors
 *(.rela.dtors)

.rel.got
 *(.rel.got)

.rela.got
 *(.rela.got)

.rel.bss
 *(.rel.bss)

.rela.bss
 *(.rela.bss)

.rel.plt
 *(.rel.plt)

.rela.plt
 *(.rela.plt)

.text           0x00000000     0x868a
 *(.vectors)
 .vectors       0x00000000      0x1f4 c:/program files (x86)/atmel/atmel toolchain/avr8 gcc/native/3.4.2.1002/avr8-gnu-toolchain/bin/../lib/gcc/avr/4.7.2/../../../../avr/lib/avrxmega5/crtx64a1.o
                0x00000000                __vector_default
                0x00000000                __vectors
 *(.vectors)
 *(.progmem.gcc*)
 .progmem.gcc_sw_table._Z12debug_outputv
                0x000001f4       0x36 main.o
 .progmem.gcc_fplib
                0x0000022a       0x2d c:/program files (x86)/atmel/atmel toolchain/avr8 gcc/native/3.4.2.1002/avr8-gnu-toolchain/bin/../lib/gcc/avr/4.7.2/../../../../avr/lib/avrxmega5\libm.a(atan.o)
 *(.progmem*)
                0x00000258                . = ALIGN (0x2)
 *fill*         0x00000257        0x1 
                0x00000258                __trampolines_start = .
 *(.trampolines)
 .trampolines   0x00000258        0x0 linker stubs
 *(.trampolines*)
                0x00000258                __trampolines_end = .
 *(.jumptables)
 *(.jumptables*)
 *(.lowtext)
 *(.lowtext*)
                0x00000258                __ctors_start = .
 *(.ctors)
 .ctors         0x00000258        0x2 main.o
                0x0000025a                __ctors_end = .
                0x0000025a                __dtors_start = .
 *(.dtors)
 .dtors         0x0000025a        0x2 main.o
                0x0000025c                __dtors_end = .
 SORT(*)(.ctors)
 SORT(*)(.dtors)
 *(.init0)
 .init0         0x0000025c        0x0 c:/program files (x86)/atmel/atmel toolchain/avr8 gcc/native/3.4.2.1002/avr8-gnu-toolchain/bin/../lib/gcc/avr/4.7.2/../../../../avr/lib/avrxmega5/crtx64a1.o
                0x0000025c                __init
 *(.init0)
 *(.init1)
 *(.init1)
 *(.init2)
 .init2         0x0000025c       0x14 c:/program files (x86)/atmel/atmel toolchain/avr8 gcc/native/3.4.2.1002/avr8-gnu-toolchain/bin/../lib/gcc/avr/4.7.2/../../../../avr/lib/avrxmega5/crtx64a1.o
 *(.init2)
 *(.init3)
 *(.init3)
 *(.init4)
 .init4         0x00000270       0x1c c:/program files (x86)/atmel/atmel toolchain/avr8 gcc/native/3.4.2.1002/avr8-gnu-toolchain/bin/../lib/gcc/avr/4.7.2/avrxmega5\libgcc.a(_copy_data.o)
                0x00000270                __do_copy_data
 .init4         0x0000028c       0x10 c:/program files (x86)/atmel/atmel toolchain/avr8 gcc/native/3.4.2.1002/avr8-gnu-toolchain/bin/../lib/gcc/avr/4.7.2/avrxmega5\libgcc.a(_clear_bss.o)
                0x0000028c                __do_clear_bss
 *(.init4)
 *(.init5)
 *(.init5)
 *(.init6)
 .init6         0x0000029c       0x20 c:/program files (x86)/atmel/atmel toolchain/avr8 gcc/native/3.4.2.1002/avr8-gnu-toolchain/bin/../lib/gcc/avr/4.7.2/avrxmega5\libgcc.a(_ctors.o)
                0x0000029c                __do_global_ctors
 *(.init6)
 *(.init7)
 *(.init7)
 *(.init8)
 *(.init8)
 *(.init9)
 .init9         0x000002bc        0x8 c:/program files (x86)/atmel/atmel toolchain/avr8 gcc/native/3.4.2.1002/avr8-gnu-toolchain/bin/../lib/gcc/avr/4.7.2/../../../../avr/lib/avrxmega5/crtx64a1.o
 *(.init9)
 *(.text)
 .text          0x000002c4        0x4 c:/program files (x86)/atmel/atmel toolchain/avr8 gcc/native/3.4.2.1002/avr8-gnu-toolchain/bin/../lib/gcc/avr/4.7.2/../../../../avr/lib/avrxmega5/crtx64a1.o
                0x000002c4                __vector_38
                0x000002c4                __vector_104
                0x000002c4                __vector_22
                0x000002c4                __vector_63
                0x000002c4                __vector_28
                0x000002c4                __vector_67
                0x000002c4                __vector_119
                0x000002c4                __vector_32
                0x000002c4                __vector_75
                0x000002c4                __vector_102
                0x000002c4                __vector_12
                0x000002c4                __vector_55
                0x000002c4                __vector_69
                0x000002c4                __vector_81
                0x000002c4                __vector_90
                0x000002c4                __vector_46
                0x000002c4                __bad_interrupt
                0x000002c4                __vector_122
                0x000002c4                __vector_72
                0x000002c4                __vector_6
                0x000002c4                __vector_110
                0x000002c4                __vector_31
                0x000002c4                __vector_92
                0x000002c4                __vector_78
                0x000002c4                __vector_74
                0x000002c4                __vector_117
                0x000002c4                __vector_3
                0x000002c4                __vector_105
                0x000002c4                __vector_98
                0x000002c4                __vector_23
                0x000002c4                __vector_68
                0x000002c4                __vector_30
                0x000002c4                __vector_73
                0x000002c4                __vector_45
                0x000002c4                __vector_93
                0x000002c4                __vector_11
                0x000002c4                __vector_54
                0x000002c4                __vector_99
                0x000002c4                __vector_13
                0x000002c4                __vector_17
                0x000002c4                __vector_19
                0x000002c4                __vector_56
                0x000002c4                __vector_7
                0x000002c4                __vector_49
                0x000002c4                __vector_41
                0x000002c4                __vector_86
                0x000002c4                __vector_100
                0x000002c4                __vector_101
                0x000002c4                __vector_64
                0x000002c4                __vector_109
                0x000002c4                __vector_27
                0x000002c4                __vector_5
                0x000002c4                __vector_113
                0x000002c4                __vector_33
                0x000002c4                __vector_115
                0x000002c4                __vector_47
                0x000002c4                __vector_52
                0x000002c4                __vector_37
                0x000002c4                __vector_95
                0x000002c4                __vector_103
                0x000002c4                __vector_96
                0x000002c4                __vector_4
                0x000002c4                __vector_82
                0x000002c4                __vector_106
                0x000002c4                __vector_118
                0x000002c4                __vector_51
                0x000002c4                __vector_9
                0x000002c4                __vector_2
                0x000002c4                __vector_21
                0x000002c4                __vector_15
                0x000002c4                __vector_66
                0x000002c4                __vector_36
                0x000002c4                __vector_79
                0x000002c4                __vector_58
                0x000002c4                __vector_70
                0x000002c4                __vector_29
                0x000002c4                __vector_60
                0x000002c4                __vector_121
                0x000002c4                __vector_40
                0x000002c4                __vector_85
                0x000002c4                __vector_94
                0x000002c4                __vector_8
                0x000002c4                __vector_26
                0x000002c4                __vector_48
                0x000002c4                __vector_124
                0x000002c4                __vector_116
                0x000002c4                __vector_112
                0x000002c4                __vector_111
                0x000002c4                __vector_80
                0x000002c4                __vector_14
                0x000002c4                __vector_84
                0x000002c4                __vector_57
                0x000002c4                __vector_53
                0x000002c4                __vector_10
                0x000002c4                __vector_50
                0x000002c4                __vector_16
                0x000002c4                __vector_59
                0x000002c4                __vector_18
                0x000002c4                __vector_97
                0x000002c4                __vector_42
                0x000002c4                __vector_87
                0x000002c4                __vector_65
                0x000002c4                __vector_120
                0x000002c8                . = ALIGN (0x2)
 *(.text.*)
 .text.TWI_MasterInit
                0x000002c8       0x22 driver/twimaster.o
                0x000002c8                TWI_MasterInit
 .text.TWI_MasterWriteRead
                0x000002ea       0xbc driver/twimaster.o
                0x000002ea                TWI_MasterWriteRead
 .text.TWI_MasterWriteNull
                0x000003a6       0x5a driver/twimaster.o
                0x000003a6                TWI_MasterWriteNull
 .text.TWI_MasterArbitrationLostBusErrorHandler
                0x00000400       0x30 driver/twimaster.o
                0x00000400                TWI_MasterArbitrationLostBusErrorHandler
 .text.TWI_MasterTransactionFinished
                0x00000430       0x12 driver/twimaster.o
                0x00000430                TWI_MasterTransactionFinished
 .text.TWI_MasterReadHandler
                0x00000442       0x76 driver/twimaster.o
                0x00000442                TWI_MasterReadHandler
 .text.TWI_MasterWriteHandler
                0x000004b8       0x86 driver/twimaster.o
                0x000004b8                TWI_MasterWriteHandler
 .text.TWI_MasterInterruptHandler
                0x0000053e       0x30 driver/twimaster.o
                0x0000053e                TWI_MasterInterruptHandler
 .text.usart_init
                0x0000056e      0x136 driver/usart.o
                0x0000056e                usart_init
 .text.usart_putc
                0x000006a4       0x4e driver/usart.o
                0x000006a4                usart_putc
 .text.USART_DataRegEmpty
                0x000006f2       0x42 driver/usart.o
                0x000006f2                USART_DataRegEmpty
 .text.__vector_61
                0x00000734      0x812 libs/atmega8.o
                0x00000734                __vector_61
 .text.__vector_62
                0x00000f46       0x6a libs/atmega8.o
                0x00000f46                __vector_62
 .text._Z12atmega8_initv
                0x00000fb0       0x22 libs/atmega8.o
                0x00000fb0                _Z12atmega8_initv
 .text._Z19atmega8_kalibrationh
                0x00000fd2       0x3e libs/atmega8.o
                0x00000fd2                _Z19atmega8_kalibrationh
 .text.__vector_71
                0x00001010       0xb2 libs/ir.o
                0x00001010                __vector_71
 .text.__vector_39
                0x000010c2       0x1e libs/ir.o
                0x000010c2                __vector_39
 .text._Z8ADC_calli
                0x000010e0       0x12 libs/ir.o
                0x000010e0                _Z8ADC_calli
 .text._Z8ADC_initv
                0x000010f2       0x56 libs/ir.o
                0x000010f2                _Z8ADC_initv
 .text._Z10MotorPowerhi
                0x00001148       0x92 libs/motor.o
                0x00001148                _Z10MotorPowerhi
 .text._Z13Fahrtrichtungif
                0x000011da      0x2ba libs/motor.o
                0x000011da                _Z13Fahrtrichtungif
 .text._Z14FahrtrichtungBif
                0x00001494      0x318 libs/motor.o
                0x00001494                _Z14FahrtrichtungBif
 .text._Z16Fahrtrichtung_XYii
                0x000017ac      0x63a libs/motor.o
                0x000017ac                _Z16Fahrtrichtung_XYii
 .text._ZN8dribbler5powerEh
                0x00001de6       0x44 libs/periphery.o
                0x00001de6                _ZN8dribbler5powerEh
 .text._ZN6schuss4KickEv
                0x00001e2a       0x38 libs/periphery.o
                0x00001e2a                _ZN6schuss4KickEv
 .text._ZN6schuss4tickEv
                0x00001e62       0x6a libs/periphery.o
                0x00001e62                _ZN6schuss4tickEv
 .text._ZN6ballda6updateEv
                0x00001ecc       0xc0 libs/periphery.o
                0x00001ecc                _ZN6ballda6updateEv
 .text._Z41__static_initialization_and_destruction_0ii
                0x00001f8c       0xcc main.o
 .text._Z8pixyInitv
                0x00002058       0x34 main.o
                0x00002058                _Z8pixyInitv
 .text.__vector_25
                0x0000208c      0x2b2 main.o
                0x0000208c                __vector_25
 .text.__vector_91
                0x0000233e      0x2ee main.o
                0x0000233e                __vector_91
 .text.__vector_20
                0x0000262c     0x1722 main.o
                0x0000262c                __vector_20
 .text.__vector_123
                0x00003d4e       0x6a main.o
                0x00003d4e                __vector_123
 .text.__vector_89
                0x00003db8       0x6a main.o
                0x00003db8                __vector_89
 .text.__vector_88
                0x00003e22       0x42 main.o
                0x00003e22                __vector_88
 .text.__vector_76
                0x00003e64       0x6a main.o
                0x00003e64                __vector_76
 .text.__vector_107
                0x00003ece       0x6a main.o
                0x00003ece                __vector_107
 .text.__vector_24
                0x00003f38       0xea main.o
                0x00003f38                __vector_24
 .text.__vector_77
                0x00004022       0x56 main.o
                0x00004022                __vector_77
 .text.__vector_83
                0x00004078       0x56 main.o
                0x00004078                __vector_83
 .text.__vector_108
                0x000040ce       0x56 main.o
                0x000040ce                __vector_108
 .text.__vector_114
                0x00004124       0x56 main.o
                0x00004124                __vector_114
 .text.__vector_34
                0x0000417a       0xbc main.o
                0x0000417a                __vector_34
 .text.__vector_35
                0x00004236       0xbc main.o
                0x00004236                __vector_35
 .text.__vector_43
                0x000042f2       0xbc main.o
                0x000042f2                __vector_43
 .text.__vector_44
                0x000043ae       0xbc main.o
                0x000043ae                __vector_44
 .text.__vector_1
                0x0000446a       0x42 main.o
                0x0000446a                __vector_1
 .text._Z12debug_outputv
                0x000044ac     0x1166 main.o
                0x000044ac                _Z12debug_outputv
 .text._Z19ausweichenUndZuruckv
                0x00005612       0xee main.o
                0x00005612                _Z19ausweichenUndZuruckv
 .text._Z7torwartv
                0x00005700      0x452 main.o
                0x00005700                _Z7torwartv
 .text._Z20anfahrenMitBluetoothv
                0x00005b52      0x404 main.o
                0x00005b52                _Z20anfahrenMitBluetoothv
 .text._Z7spielB2v
                0x00005f56      0x5a8 main.o
                0x00005f56                _Z7spielB2v
 .text._Z11PIDprogrammv
                0x000064fe       0x8c main.o
                0x000064fe                _Z11PIDprogrammv
 .text._Z11spielSuper1v
                0x0000658a      0x6b0 main.o
                0x0000658a                _Z11spielSuper1v
 .text._Z11spielSuper2v
                0x00006c3a      0x21a main.o
                0x00006c3a                _Z11spielSuper2v
 .text.main     0x00006e54      0x3f2 main.o
                0x00006e54                main
 .text._GLOBAL__sub_I_pixyVorneUART
                0x00007246        0xe main.o
 .text._GLOBAL__sub_D_pixyVorneUART
                0x00007254        0xe main.o
 .text._ZN6bno055C2EP10TWI_Masterh
                0x00007262        0xc sensor/bno055.o
                0x00007262                _ZN6bno055C2EP10TWI_Masterh
                0x00007262                _ZN6bno055C1EP10TWI_Masterh
 .text._ZN6bno055D2Ev
                0x0000726e        0x2 sensor/bno055.o
                0x0000726e                _ZN6bno055D1Ev
                0x0000726e                _ZN6bno055D2Ev
 .text._ZN6bno0554initEv
                0x00007270       0x7a sensor/bno055.o
                0x00007270                _ZN6bno0554initEv
 .text._ZN6bno0558gyrDataXEv
                0x000072ea       0x9c sensor/bno055.o
                0x000072ea                _ZN6bno0558gyrDataXEv
 .text._ZN6bno0558gyrDataYEv
                0x00007386       0x9c sensor/bno055.o
                0x00007386                _ZN6bno0558gyrDataYEv
 .text._ZN6bno0558gyrDataZEv
                0x00007422       0x9c sensor/bno055.o
                0x00007422                _ZN6bno0558gyrDataZEv
 .text._ZN6bno05510eulHeadingEv
                0x000074be       0xb6 sensor/bno055.o
                0x000074be                _ZN6bno05510eulHeadingEv
 .text._ZN6bno0557eulRollEv
                0x00007574       0xb6 sensor/bno055.o
                0x00007574                _ZN6bno0557eulRollEv
 .text._ZN6bno0558eulPitchEv
                0x0000762a       0xb6 sensor/bno055.o
                0x0000762a                _ZN6bno0558eulPitchEv
 .text._ZN6bno05511calibStatusEv
                0x000076e0       0x84 sensor/bno055.o
                0x000076e0                _ZN6bno05511calibStatusEv
 .text._ZN6bno05512systemStatusEv
                0x00007764       0x84 sensor/bno055.o
                0x00007764                _ZN6bno05512systemStatusEv
 .text._ZN6cmps03C2EP10TWI_Masterh
                0x000077e8        0xc sensor/cmps03.o
                0x000077e8                _ZN6cmps03C1EP10TWI_Masterh
                0x000077e8                _ZN6cmps03C2EP10TWI_Masterh
 .text._ZN6cmps03D2Ev
                0x000077f4        0x2 sensor/cmps03.o
                0x000077f4                _ZN6cmps03D2Ev
                0x000077f4                _ZN6cmps03D1Ev
 .text._ZN5lcd03C2EP10TWI_Masterh
                0x000077f6        0xa sensor/lcd03.o
                0x000077f6                _ZN5lcd03C1EP10TWI_Masterh
                0x000077f6                _ZN5lcd03C2EP10TWI_Masterh
 .text._ZN5lcd03D2Ev
                0x00007800        0x2 sensor/lcd03.o
                0x00007800                _ZN5lcd03D1Ev
                0x00007800                _ZN5lcd03D2Ev
 .text._ZN5lcd037out_strEhhPKc
                0x00007802       0x96 sensor/lcd03.o
                0x00007802                _ZN5lcd037out_strEhhPKc
 .text._ZN5lcd037out_intEhhi
                0x00007898       0x60 sensor/lcd03.o
                0x00007898                _ZN5lcd037out_intEhhi
 .text._ZN5lcd035clearEv
                0x000078f8       0x44 sensor/lcd03.o
                0x000078f8                _ZN5lcd035clearEv
 .text._ZN5lcd035lightEh
                0x0000793c       0x4e sensor/lcd03.o
                0x0000793c                _ZN5lcd035lightEh
 .text._ZN5lcd0310set_cursorEhh
                0x0000798a       0x4c sensor/lcd03.o
                0x0000798a                _ZN5lcd0310set_cursorEhh
 .text._ZN5lcd0310write_charEc
                0x000079d6       0x44 sensor/lcd03.o
                0x000079d6                _ZN5lcd0310write_charEc
 .text._ZN5lcd038read_keyEv
                0x00007a1a       0x94 sensor/lcd03.o
                0x00007a1a                _ZN5lcd038read_keyEv
 .text._ZN7ltc2945C2EP10TWI_Masterh
                0x00007aae        0xc sensor/ltc2945.o
                0x00007aae                _ZN7ltc2945C2EP10TWI_Masterh
                0x00007aae                _ZN7ltc2945C1EP10TWI_Masterh
 .text._ZN7ltc2945D2Ev
                0x00007aba        0x2 sensor/ltc2945.o
                0x00007aba                _ZN7ltc2945D1Ev
                0x00007aba                _ZN7ltc2945D2Ev
 .text._ZN5PixieC2EP10TWI_Masterh
                0x00007abc        0xa sensor/pixie.o
                0x00007abc                _ZN5PixieC1EP10TWI_Masterh
                0x00007abc                _ZN5PixieC2EP10TWI_Masterh
 .text._ZN5PixieD2Ev
                0x00007ac6        0x2 sensor/pixie.o
                0x00007ac6                _ZN5PixieD2Ev
                0x00007ac6                _ZN5PixieD1Ev
 .text._ZN5srf08C2EP10TWI_Masterh
                0x00007ac8        0xc sensor/srf08.o
                0x00007ac8                _ZN5srf08C2EP10TWI_Masterh
                0x00007ac8                _ZN5srf08C1EP10TWI_Masterh
 .text._ZN5srf08D2Ev
                0x00007ad4        0x2 sensor/srf08.o
                0x00007ad4                _ZN5srf08D2Ev
                0x00007ad4                _ZN5srf08D1Ev
 .text._ZN5srf084initEv
                0x00007ad6       0x4c sensor/srf08.o
                0x00007ad6                _ZN5srf084initEv
 .text._ZN5srf085startEv
                0x00007b22       0x44 sensor/srf08.o
                0x00007b22                _ZN5srf085startEv
 .text._ZN5srf0810init_startEv
                0x00007b66       0x16 sensor/srf08.o
                0x00007b66                _ZN5srf0810init_startEv
 .text._ZN5srf084readEv
                0x00007b7c       0x9c sensor/srf08.o
                0x00007b7c                _ZN5srf084readEv
 .text._ZN5srf085readyEv
                0x00007c18       0x42 sensor/srf08.o
                0x00007c18                _ZN5srf085readyEv
 .text.avr-libc.fplib
                0x00007c5a        0xa c:/program files (x86)/atmel/atmel toolchain/avr8 gcc/native/3.4.2.1002/avr8-gnu-toolchain/bin/../lib/gcc/avr/4.7.2/../../../../avr/lib/avrxmega5\libm.a(addsf3.o)
                0x00007c5a                __subsf3
                0x00007c5c                __addsf3
 .text.avr-libc.fplib
                0x00007c64       0xc0 c:/program files (x86)/atmel/atmel toolchain/avr8 gcc/native/3.4.2.1002/avr8-gnu-toolchain/bin/../lib/gcc/avr/4.7.2/../../../../avr/lib/avrxmega5\libm.a(addsf3x.o)
                0x00007c7e                __addsf3x
 .text.avr-libc.fplib
                0x00007d24       0x74 c:/program files (x86)/atmel/atmel toolchain/avr8 gcc/native/3.4.2.1002/avr8-gnu-toolchain/bin/../lib/gcc/avr/4.7.2/../../../../avr/lib/avrxmega5\libm.a(atan2.o)
                0x00007d42                atan2
 .text.avr-libc.fplib
                0x00007d98       0x50 c:/program files (x86)/atmel/atmel toolchain/avr8 gcc/native/3.4.2.1002/avr8-gnu-toolchain/bin/../lib/gcc/avr/4.7.2/../../../../avr/lib/avrxmega5\libm.a(atan.o)
                0x00007d98                atan
 .text.avr-libc.fplib
                0x00007de8       0x26 c:/program files (x86)/atmel/atmel toolchain/avr8 gcc/native/3.4.2.1002/avr8-gnu-toolchain/bin/../lib/gcc/avr/4.7.2/../../../../avr/lib/avrxmega5\libm.a(ceil.o)
                0x00007de8                ceil
 .text.avr-libc.fplib
                0x00007e0e        0x8 c:/program files (x86)/atmel/atmel toolchain/avr8 gcc/native/3.4.2.1002/avr8-gnu-toolchain/bin/../lib/gcc/avr/4.7.2/../../../../avr/lib/avrxmega5\libm.a(cmpsf2.o)
                0x00007e0e                __nesf2
                0x00007e0e                __eqsf2
                0x00007e0e                __cmpsf2
                0x00007e0e                __ltsf2
                0x00007e0e                __lesf2
 .text.avr-libc.fplib
                0x00007e16        0x4 c:/program files (x86)/atmel/atmel toolchain/avr8 gcc/native/3.4.2.1002/avr8-gnu-toolchain/bin/../lib/gcc/avr/4.7.2/../../../../avr/lib/avrxmega5\libm.a(divsf3.o)
                0x00007e16                __divsf3
 .text.avr-libc.fplib
                0x00007e1a       0xcc c:/program files (x86)/atmel/atmel toolchain/avr8 gcc/native/3.4.2.1002/avr8-gnu-toolchain/bin/../lib/gcc/avr/4.7.2/../../../../avr/lib/avrxmega5\libm.a(divsf3x.o)
                0x00007e30                __divsf3x
                0x00007e34                __divsf3_pse
 .text.avr-libc.fplib
                0x00007ee6        0xa c:/program files (x86)/atmel/atmel toolchain/avr8 gcc/native/3.4.2.1002/avr8-gnu-toolchain/bin/../lib/gcc/avr/4.7.2/../../../../avr/lib/avrxmega5\libm.a(fixsfsi.o)
                0x00007ee6                __fixsfsi
 .text.avr-libc.fplib
                0x00007ef0       0x58 c:/program files (x86)/atmel/atmel toolchain/avr8 gcc/native/3.4.2.1002/avr8-gnu-toolchain/bin/../lib/gcc/avr/4.7.2/../../../../avr/lib/avrxmega5\libm.a(fixunssfsi.o)
                0x00007ef0                __fixunssfsi
 .text.avr-libc.fplib
                0x00007f48       0x7a c:/program files (x86)/atmel/atmel toolchain/avr8 gcc/native/3.4.2.1002/avr8-gnu-toolchain/bin/../lib/gcc/avr/4.7.2/../../../../avr/lib/avrxmega5\libm.a(floatsisf.o)
                0x00007f48                __floatunsisf
                0x00007f4c                __floatsisf
 .text.avr-libc.fplib
                0x00007fc2       0x26 c:/program files (x86)/atmel/atmel toolchain/avr8 gcc/native/3.4.2.1002/avr8-gnu-toolchain/bin/../lib/gcc/avr/4.7.2/../../../../avr/lib/avrxmega5\libm.a(floor.o)
                0x00007fc2                floor
 .text.avr-libc.fplib
                0x00007fe8       0x48 c:/program files (x86)/atmel/atmel toolchain/avr8 gcc/native/3.4.2.1002/avr8-gnu-toolchain/bin/../lib/gcc/avr/4.7.2/../../../../avr/lib/avrxmega5\libm.a(fp_cmp.o)
                0x00007fe8                __fp_cmp
 .text.avr-libc.fplib
                0x00008030        0xc c:/program files (x86)/atmel/atmel toolchain/avr8 gcc/native/3.4.2.1002/avr8-gnu-toolchain/bin/../lib/gcc/avr/4.7.2/../../../../avr/lib/avrxmega5\libm.a(fp_inf.o)
                0x00008030                __fp_inf
 .text.avr-libc.fplib
                0x0000803c       0x36 c:/program files (x86)/atmel/atmel toolchain/avr8 gcc/native/3.4.2.1002/avr8-gnu-toolchain/bin/../lib/gcc/avr/4.7.2/../../../../avr/lib/avrxmega5\libm.a(fp_mintl.o)
                0x0000803c                __fp_mintl
 .text.avr-libc.fplib
                0x00008072       0x1c c:/program files (x86)/atmel/atmel toolchain/avr8 gcc/native/3.4.2.1002/avr8-gnu-toolchain/bin/../lib/gcc/avr/4.7.2/../../../../avr/lib/avrxmega5\libm.a(fp_mpack.o)
                0x00008072                __fp_mpack
                0x00008076                __fp_mpack_finite
 .text.avr-libc.fplib
                0x0000808e        0x6 c:/program files (x86)/atmel/atmel toolchain/avr8 gcc/native/3.4.2.1002/avr8-gnu-toolchain/bin/../lib/gcc/avr/4.7.2/../../../../avr/lib/avrxmega5\libm.a(fp_nan.o)
                0x0000808e                __fp_nan
 .text.avr-libc.fplib
                0x00008094       0x4a c:/program files (x86)/atmel/atmel toolchain/avr8 gcc/native/3.4.2.1002/avr8-gnu-toolchain/bin/../lib/gcc/avr/4.7.2/../../../../avr/lib/avrxmega5\libm.a(fp_powser.o)
                0x00008094                __fp_powser
 .text.avr-libc.fplib
                0x000080de        0xe c:/program files (x86)/atmel/atmel toolchain/avr8 gcc/native/3.4.2.1002/avr8-gnu-toolchain/bin/../lib/gcc/avr/4.7.2/../../../../avr/lib/avrxmega5\libm.a(fp_pscA.o)
                0x000080de                __fp_pscA
 .text.avr-libc.fplib
                0x000080ec        0xe c:/program files (x86)/atmel/atmel toolchain/avr8 gcc/native/3.4.2.1002/avr8-gnu-toolchain/bin/../lib/gcc/avr/4.7.2/../../../../avr/lib/avrxmega5\libm.a(fp_pscB.o)
                0x000080ec                __fp_pscB
 .text.avr-libc.fplib
                0x000080fa       0x22 c:/program files (x86)/atmel/atmel toolchain/avr8 gcc/native/3.4.2.1002/avr8-gnu-toolchain/bin/../lib/gcc/avr/4.7.2/../../../../avr/lib/avrxmega5\libm.a(fp_round.o)
                0x000080fa                __fp_round
 .text.avr-libc.fplib
                0x0000811c       0x44 c:/program files (x86)/atmel/atmel toolchain/avr8 gcc/native/3.4.2.1002/avr8-gnu-toolchain/bin/../lib/gcc/avr/4.7.2/../../../../avr/lib/avrxmega5\libm.a(fp_split3.o)
                0x0000811c                __fp_split3
                0x0000812c                __fp_splitA
 .text.avr-libc.fplib
                0x00008160       0x2e c:/program files (x86)/atmel/atmel toolchain/avr8 gcc/native/3.4.2.1002/avr8-gnu-toolchain/bin/../lib/gcc/avr/4.7.2/../../../../avr/lib/avrxmega5\libm.a(fp_trunc.o)
                0x00008160                __fp_trunc
 .text.avr-libc.fplib
                0x0000818e        0xe c:/program files (x86)/atmel/atmel toolchain/avr8 gcc/native/3.4.2.1002/avr8-gnu-toolchain/bin/../lib/gcc/avr/4.7.2/../../../../avr/lib/avrxmega5\libm.a(fp_zero.o)
                0x0000818e                __fp_zero
                0x00008190                __fp_szero
 .text.avr-libc.fplib
                0x0000819c        0x8 c:/program files (x86)/atmel/atmel toolchain/avr8 gcc/native/3.4.2.1002/avr8-gnu-toolchain/bin/../lib/gcc/avr/4.7.2/../../../../avr/lib/avrxmega5\libm.a(gesf2.o)
                0x0000819c                __gesf2
                0x0000819c                __gtsf2
 .text.avr-libc.fplib
                0x000081a4       0xc2 c:/program files (x86)/atmel/atmel toolchain/avr8 gcc/native/3.4.2.1002/avr8-gnu-toolchain/bin/../lib/gcc/avr/4.7.2/../../../../avr/lib/avrxmega5\libm.a(hypot.o)
                0x000081b6                hypot
 .text.avr-libc.fplib
                0x00008266        0xe c:/program files (x86)/atmel/atmel toolchain/avr8 gcc/native/3.4.2.1002/avr8-gnu-toolchain/bin/../lib/gcc/avr/4.7.2/../../../../avr/lib/avrxmega5\libm.a(inverse.o)
                0x00008266                inverse
 .text.avr-libc.fplib
                0x00008274       0x6c c:/program files (x86)/atmel/atmel toolchain/avr8 gcc/native/3.4.2.1002/avr8-gnu-toolchain/bin/../lib/gcc/avr/4.7.2/../../../../avr/lib/avrxmega5\libm.a(ldexp.o)
                0x00008278                ldexp
 .text.avr-libc.fplib
                0x000082e0        0x4 c:/program files (x86)/atmel/atmel toolchain/avr8 gcc/native/3.4.2.1002/avr8-gnu-toolchain/bin/../lib/gcc/avr/4.7.2/../../../../avr/lib/avrxmega5\libm.a(mulsf3.o)
                0x000082e0                __mulsf3
 .text.avr-libc.fplib
                0x000082e4       0xc2 c:/program files (x86)/atmel/atmel toolchain/avr8 gcc/native/3.4.2.1002/avr8-gnu-toolchain/bin/../lib/gcc/avr/4.7.2/../../../../avr/lib/avrxmega5\libm.a(mulsf3x.o)
                0x000082f8                __mulsf3x
                0x000082fc                __mulsf3_pse
 .text.avr-libc.fplib
                0x000083a6       0x40 c:/program files (x86)/atmel/atmel toolchain/avr8 gcc/native/3.4.2.1002/avr8-gnu-toolchain/bin/../lib/gcc/avr/4.7.2/../../../../avr/lib/avrxmega5\libm.a(round.o)
                0x000083a6                round
 .text.avr-libc.fplib
                0x000083e6       0x84 c:/program files (x86)/atmel/atmel toolchain/avr8 gcc/native/3.4.2.1002/avr8-gnu-toolchain/bin/../lib/gcc/avr/4.7.2/../../../../avr/lib/avrxmega5\libm.a(sqrt.o)
                0x000083ee                sqrt
 .text.avr-libc.fplib
                0x0000846a        0x6 c:/program files (x86)/atmel/atmel toolchain/avr8 gcc/native/3.4.2.1002/avr8-gnu-toolchain/bin/../lib/gcc/avr/4.7.2/../../../../avr/lib/avrxmega5\libm.a(square.o)
                0x0000846a                square
 .text.avr-libc.fplib
                0x00008470        0xe c:/program files (x86)/atmel/atmel toolchain/avr8 gcc/native/3.4.2.1002/avr8-gnu-toolchain/bin/../lib/gcc/avr/4.7.2/../../../../avr/lib/avrxmega5\libm.a(fp_norm2.o)
                0x00008470                __fp_norm2
 .text.libgcc.div
                0x0000847e       0x28 c:/program files (x86)/atmel/atmel toolchain/avr8 gcc/native/3.4.2.1002/avr8-gnu-toolchain/bin/../lib/gcc/avr/4.7.2/avrxmega5\libgcc.a(_divmodhi4.o)
                0x0000847e                _div
                0x0000847e                __divmodhi4
 .text.libgcc.div
                0x000084a6       0x38 c:/program files (x86)/atmel/atmel toolchain/avr8 gcc/native/3.4.2.1002/avr8-gnu-toolchain/bin/../lib/gcc/avr/4.7.2/avrxmega5\libgcc.a(_divmodsi4.o)
                0x000084a6                __divmodsi4
 .text.libgcc   0x000084de        0xc c:/program files (x86)/atmel/atmel toolchain/avr8 gcc/native/3.4.2.1002/avr8-gnu-toolchain/bin/../lib/gcc/avr/4.7.2/avrxmega5\libgcc.a(_tablejump.o)
                0x000084de                __tablejump2__
                0x000084e2                __tablejump__
 .text.libgcc.mul
                0x000084ea       0x18 c:/program files (x86)/atmel/atmel toolchain/avr8 gcc/native/3.4.2.1002/avr8-gnu-toolchain/bin/../lib/gcc/avr/4.7.2/avrxmega5\libgcc.a(_umulhisi3.o)
                0x000084ea                __umulhisi3
 .text.libgcc   0x00008502        0xa c:/program files (x86)/atmel/atmel toolchain/avr8 gcc/native/3.4.2.1002/avr8-gnu-toolchain/bin/../lib/gcc/avr/4.7.2/avrxmega5\libgcc.a(_tablejump_elpm.o)
                0x00008502                __tablejump_elpm__
 .text.libgcc.div
                0x0000850c       0x28 c:/program files (x86)/atmel/atmel toolchain/avr8 gcc/native/3.4.2.1002/avr8-gnu-toolchain/bin/../lib/gcc/avr/4.7.2/avrxmega5\libgcc.a(_udivmodhi4.o)
                0x0000850c                __udivmodhi4
 .text.libgcc.div
                0x00008534       0x44 c:/program files (x86)/atmel/atmel toolchain/avr8 gcc/native/3.4.2.1002/avr8-gnu-toolchain/bin/../lib/gcc/avr/4.7.2/avrxmega5\libgcc.a(_udivmodsi4.o)
                0x00008534                __udivmodsi4
 .text.avr-libc
                0x00008578       0x12 c:/program files (x86)/atmel/atmel toolchain/avr8 gcc/native/3.4.2.1002/avr8-gnu-toolchain/bin/../lib/gcc/avr/4.7.2/../../../../avr/lib/avrxmega5\libc.a(memcpy.o)
                0x00008578                memcpy
 .text.avr-libc
                0x0000858a       0x42 c:/program files (x86)/atmel/atmel toolchain/avr8 gcc/native/3.4.2.1002/avr8-gnu-toolchain/bin/../lib/gcc/avr/4.7.2/../../../../avr/lib/avrxmega5\libc.a(itoa.o)
                0x0000858a                itoa
 .text.avr-libc
                0x000085cc        0xa c:/program files (x86)/atmel/atmel toolchain/avr8 gcc/native/3.4.2.1002/avr8-gnu-toolchain/bin/../lib/gcc/avr/4.7.2/../../../../avr/lib/avrxmega5\libc.a(eerd_word_atxmega64a1.o)
                0x000085cc                __eerd_word_x64a1
 .text.avr-libc
                0x000085d6        0xa c:/program files (x86)/atmel/atmel toolchain/avr8 gcc/native/3.4.2.1002/avr8-gnu-toolchain/bin/../lib/gcc/avr/4.7.2/../../../../avr/lib/avrxmega5\libc.a(eewr_word_atxmega64a1.o)
                0x000085d6                __eewr_word_x64a1
 .text.avr-libc
                0x000085e0       0x20 c:/program files (x86)/atmel/atmel toolchain/avr8 gcc/native/3.4.2.1002/avr8-gnu-toolchain/bin/../lib/gcc/avr/4.7.2/../../../../avr/lib/avrxmega5\libc.a(eerd_byte_atxmega64a1u.o)
                0x000085e0                __eerd_byte_x64a1u
                0x000085e8                eeprom_mapen
 .text.avr-libc
                0x00008600       0x20 c:/program files (x86)/atmel/atmel toolchain/avr8 gcc/native/3.4.2.1002/avr8-gnu-toolchain/bin/../lib/gcc/avr/4.7.2/../../../../avr/lib/avrxmega5\libc.a(strrev.o)
                0x00008600                strrev
 .text.avr-libc
                0x00008620       0x46 c:/program files (x86)/atmel/atmel toolchain/avr8 gcc/native/3.4.2.1002/avr8-gnu-toolchain/bin/../lib/gcc/avr/4.7.2/../../../../avr/lib/avrxmega5\libc.a(eewr_byte_atxmega64a1.o)
                0x00008620                __eewr_byte_x64a1
                0x00008622                __eewr_r18_x64a1
                0x00008666                . = ALIGN (0x2)
 *(.fini9)
 .fini9         0x00008666        0x0 c:/program files (x86)/atmel/atmel toolchain/avr8 gcc/native/3.4.2.1002/avr8-gnu-toolchain/bin/../lib/gcc/avr/4.7.2/avrxmega5\libgcc.a(_exit.o)
                0x00008666                _exit
                0x00008666                exit
 *(.fini9)
 *(.fini8)
 *(.fini8)
 *(.fini7)
 *(.fini7)
 *(.fini6)
 .fini6         0x00008666       0x20 c:/program files (x86)/atmel/atmel toolchain/avr8 gcc/native/3.4.2.1002/avr8-gnu-toolchain/bin/../lib/gcc/avr/4.7.2/avrxmega5\libgcc.a(_dtors.o)
                0x00008666                __do_global_dtors
 *(.fini6)
 *(.fini5)
 *(.fini5)
 *(.fini4)
 *(.fini4)
 *(.fini3)
 *(.fini3)
 *(.fini2)
 *(.fini2)
 *(.fini1)
 *(.fini1)
 *(.fini0)
 .fini0         0x00008686        0x4 c:/program files (x86)/atmel/atmel toolchain/avr8 gcc/native/3.4.2.1002/avr8-gnu-toolchain/bin/../lib/gcc/avr/4.7.2/avrxmega5\libgcc.a(_exit.o)
 *(.fini0)
                0x0000868a                _etext = .

.data           0x00802000      0x554 load address 0x0000868a
                0x00802000                PROVIDE (__data_start, .)
 *(.data)
 .data          0x00802000        0x0 c:/program files (x86)/atmel/atmel toolchain/avr8 gcc/native/3.4.2.1002/avr8-gnu-toolchain/bin/../lib/gcc/avr/4.7.2/../../../../avr/lib/avrxmega5/crtx64a1.o
 .data          0x00802000        0x0 driver/spimaster.o
 .data          0x00802000        0x0 driver/twimaster.o
 .data          0x00802000        0x0 driver/usart.o
 .data          0x00802000        0x0 libs/atmega8.o
 .data          0x00802000        0x0 libs/ir.o
 .data          0x00802000        0x0 libs/ir_asm.o
 .data          0x00802000        0x0 libs/motor.o
 .data          0x00802000        0x0 libs/periphery.o
 .data          0x00802000        0x0 main.o
 .data          0x00802000        0x0 sensor/bno055.o
 .data          0x00802000        0x0 sensor/cmps03.o
 .data          0x00802000        0x0 sensor/lcd03.o
 .data          0x00802000        0x0 sensor/legoIR.o
 .data          0x00802000        0x0 sensor/ltc2945.o
 .data          0x00802000        0x0 sensor/mpu6050.o
 .data          0x00802000        0x0 sensor/pixie.o
 .data          0x00802000        0x0 sensor/pulsedlight.o
 .data          0x00802000        0x0 sensor/srf08.o
 .data          0x00802000        0x0 c:/program files (x86)/atmel/atmel toolchain/avr8 gcc/native/3.4.2.1002/avr8-gnu-toolchain/bin/../lib/gcc/avr/4.7.2/../../../../avr/lib/avrxmega5\libm.a(addsf3.o)
 .data          0x00802000        0x0 c:/program files (x86)/atmel/atmel toolchain/avr8 gcc/native/3.4.2.1002/avr8-gnu-toolchain/bin/../lib/gcc/avr/4.7.2/../../../../avr/lib/avrxmega5\libm.a(addsf3x.o)
 .data          0x00802000        0x0 c:/program files (x86)/atmel/atmel toolchain/avr8 gcc/native/3.4.2.1002/avr8-gnu-toolchain/bin/../lib/gcc/avr/4.7.2/../../../../avr/lib/avrxmega5\libm.a(atan2.o)
 .data          0x00802000        0x0 c:/program files (x86)/atmel/atmel toolchain/avr8 gcc/native/3.4.2.1002/avr8-gnu-toolchain/bin/../lib/gcc/avr/4.7.2/../../../../avr/lib/avrxmega5\libm.a(atan.o)
 .data          0x00802000        0x0 c:/program files (x86)/atmel/atmel toolchain/avr8 gcc/native/3.4.2.1002/avr8-gnu-toolchain/bin/../lib/gcc/avr/4.7.2/../../../../avr/lib/avrxmega5\libm.a(ceil.o)
 .data          0x00802000        0x0 c:/program files (x86)/atmel/atmel toolchain/avr8 gcc/native/3.4.2.1002/avr8-gnu-toolchain/bin/../lib/gcc/avr/4.7.2/../../../../avr/lib/avrxmega5\libm.a(cmpsf2.o)
 .data          0x00802000        0x0 c:/program files (x86)/atmel/atmel toolchain/avr8 gcc/native/3.4.2.1002/avr8-gnu-toolchain/bin/../lib/gcc/avr/4.7.2/../../../../avr/lib/avrxmega5\libm.a(divsf3.o)
 .data          0x00802000        0x0 c:/program files (x86)/atmel/atmel toolchain/avr8 gcc/native/3.4.2.1002/avr8-gnu-toolchain/bin/../lib/gcc/avr/4.7.2/../../../../avr/lib/avrxmega5\libm.a(divsf3x.o)
 .data          0x00802000        0x0 c:/program files (x86)/atmel/atmel toolchain/avr8 gcc/native/3.4.2.1002/avr8-gnu-toolchain/bin/../lib/gcc/avr/4.7.2/../../../../avr/lib/avrxmega5\libm.a(fixsfsi.o)
 .data          0x00802000        0x0 c:/program files (x86)/atmel/atmel toolchain/avr8 gcc/native/3.4.2.1002/avr8-gnu-toolchain/bin/../lib/gcc/avr/4.7.2/../../../../avr/lib/avrxmega5\libm.a(fixunssfsi.o)
 .data          0x00802000        0x0 c:/program files (x86)/atmel/atmel toolchain/avr8 gcc/native/3.4.2.1002/avr8-gnu-toolchain/bin/../lib/gcc/avr/4.7.2/../../../../avr/lib/avrxmega5\libm.a(floatsisf.o)
 .data          0x00802000        0x0 c:/program files (x86)/atmel/atmel toolchain/avr8 gcc/native/3.4.2.1002/avr8-gnu-toolchain/bin/../lib/gcc/avr/4.7.2/../../../../avr/lib/avrxmega5\libm.a(floor.o)
 .data          0x00802000        0x0 c:/program files (x86)/atmel/atmel toolchain/avr8 gcc/native/3.4.2.1002/avr8-gnu-toolchain/bin/../lib/gcc/avr/4.7.2/../../../../avr/lib/avrxmega5\libm.a(fp_cmp.o)
 .data          0x00802000        0x0 c:/program files (x86)/atmel/atmel toolchain/avr8 gcc/native/3.4.2.1002/avr8-gnu-toolchain/bin/../lib/gcc/avr/4.7.2/../../../../avr/lib/avrxmega5\libm.a(fp_inf.o)
 .data          0x00802000        0x0 c:/program files (x86)/atmel/atmel toolchain/avr8 gcc/native/3.4.2.1002/avr8-gnu-toolchain/bin/../lib/gcc/avr/4.7.2/../../../../avr/lib/avrxmega5\libm.a(fp_mintl.o)
 .data          0x00802000        0x0 c:/program files (x86)/atmel/atmel toolchain/avr8 gcc/native/3.4.2.1002/avr8-gnu-toolchain/bin/../lib/gcc/avr/4.7.2/../../../../avr/lib/avrxmega5\libm.a(fp_mpack.o)
 .data          0x00802000        0x0 c:/program files (x86)/atmel/atmel toolchain/avr8 gcc/native/3.4.2.1002/avr8-gnu-toolchain/bin/../lib/gcc/avr/4.7.2/../../../../avr/lib/avrxmega5\libm.a(fp_nan.o)
 .data          0x00802000        0x0 c:/program files (x86)/atmel/atmel toolchain/avr8 gcc/native/3.4.2.1002/avr8-gnu-toolchain/bin/../lib/gcc/avr/4.7.2/../../../../avr/lib/avrxmega5\libm.a(fp_powser.o)
 .data          0x00802000        0x0 c:/program files (x86)/atmel/atmel toolchain/avr8 gcc/native/3.4.2.1002/avr8-gnu-toolchain/bin/../lib/gcc/avr/4.7.2/../../../../avr/lib/avrxmega5\libm.a(fp_pscA.o)
 .data          0x00802000        0x0 c:/program files (x86)/atmel/atmel toolchain/avr8 gcc/native/3.4.2.1002/avr8-gnu-toolchain/bin/../lib/gcc/avr/4.7.2/../../../../avr/lib/avrxmega5\libm.a(fp_pscB.o)
 .data          0x00802000        0x0 c:/program files (x86)/atmel/atmel toolchain/avr8 gcc/native/3.4.2.1002/avr8-gnu-toolchain/bin/../lib/gcc/avr/4.7.2/../../../../avr/lib/avrxmega5\libm.a(fp_round.o)
 .data          0x00802000        0x0 c:/program files (x86)/atmel/atmel toolchain/avr8 gcc/native/3.4.2.1002/avr8-gnu-toolchain/bin/../lib/gcc/avr/4.7.2/../../../../avr/lib/avrxmega5\libm.a(fp_split3.o)
 .data          0x00802000        0x0 c:/program files (x86)/atmel/atmel toolchain/avr8 gcc/native/3.4.2.1002/avr8-gnu-toolchain/bin/../lib/gcc/avr/4.7.2/../../../../avr/lib/avrxmega5\libm.a(fp_trunc.o)
 .data          0x00802000        0x0 c:/program files (x86)/atmel/atmel toolchain/avr8 gcc/native/3.4.2.1002/avr8-gnu-toolchain/bin/../lib/gcc/avr/4.7.2/../../../../avr/lib/avrxmega5\libm.a(fp_zero.o)
 .data          0x00802000        0x0 c:/program files (x86)/atmel/atmel toolchain/avr8 gcc/native/3.4.2.1002/avr8-gnu-toolchain/bin/../lib/gcc/avr/4.7.2/../../../../avr/lib/avrxmega5\libm.a(gesf2.o)
 .data          0x00802000        0x0 c:/program files (x86)/atmel/atmel toolchain/avr8 gcc/native/3.4.2.1002/avr8-gnu-toolchain/bin/../lib/gcc/avr/4.7.2/../../../../avr/lib/avrxmega5\libm.a(hypot.o)
 .data          0x00802000        0x0 c:/program files (x86)/atmel/atmel toolchain/avr8 gcc/native/3.4.2.1002/avr8-gnu-toolchain/bin/../lib/gcc/avr/4.7.2/../../../../avr/lib/avrxmega5\libm.a(inverse.o)
 .data          0x00802000        0x0 c:/program files (x86)/atmel/atmel toolchain/avr8 gcc/native/3.4.2.1002/avr8-gnu-toolchain/bin/../lib/gcc/avr/4.7.2/../../../../avr/lib/avrxmega5\libm.a(ldexp.o)
 .data          0x00802000        0x0 c:/program files (x86)/atmel/atmel toolchain/avr8 gcc/native/3.4.2.1002/avr8-gnu-toolchain/bin/../lib/gcc/avr/4.7.2/../../../../avr/lib/avrxmega5\libm.a(mulsf3.o)
 .data          0x00802000        0x0 c:/program files (x86)/atmel/atmel toolchain/avr8 gcc/native/3.4.2.1002/avr8-gnu-toolchain/bin/../lib/gcc/avr/4.7.2/../../../../avr/lib/avrxmega5\libm.a(mulsf3x.o)
 .data          0x00802000        0x0 c:/program files (x86)/atmel/atmel toolchain/avr8 gcc/native/3.4.2.1002/avr8-gnu-toolchain/bin/../lib/gcc/avr/4.7.2/../../../../avr/lib/avrxmega5\libm.a(round.o)
 .data          0x00802000        0x0 c:/program files (x86)/atmel/atmel toolchain/avr8 gcc/native/3.4.2.1002/avr8-gnu-toolchain/bin/../lib/gcc/avr/4.7.2/../../../../avr/lib/avrxmega5\libm.a(sqrt.o)
 .data          0x00802000        0x0 c:/program files (x86)/atmel/atmel toolchain/avr8 gcc/native/3.4.2.1002/avr8-gnu-toolchain/bin/../lib/gcc/avr/4.7.2/../../../../avr/lib/avrxmega5\libm.a(square.o)
 .data          0x00802000        0x0 c:/program files (x86)/atmel/atmel toolchain/avr8 gcc/native/3.4.2.1002/avr8-gnu-toolchain/bin/../lib/gcc/avr/4.7.2/../../../../avr/lib/avrxmega5\libm.a(fp_norm2.o)
 .data          0x00802000        0x0 c:/program files (x86)/atmel/atmel toolchain/avr8 gcc/native/3.4.2.1002/avr8-gnu-toolchain/bin/../lib/gcc/avr/4.7.2/avrxmega5\libgcc.a(_divmodhi4.o)
 .data          0x00802000        0x0 c:/program files (x86)/atmel/atmel toolchain/avr8 gcc/native/3.4.2.1002/avr8-gnu-toolchain/bin/../lib/gcc/avr/4.7.2/avrxmega5\libgcc.a(_divmodsi4.o)
 .data          0x00802000        0x0 c:/program files (x86)/atmel/atmel toolchain/avr8 gcc/native/3.4.2.1002/avr8-gnu-toolchain/bin/../lib/gcc/avr/4.7.2/avrxmega5\libgcc.a(_exit.o)
 .data          0x00802000        0x0 c:/program files (x86)/atmel/atmel toolchain/avr8 gcc/native/3.4.2.1002/avr8-gnu-toolchain/bin/../lib/gcc/avr/4.7.2/avrxmega5\libgcc.a(_tablejump.o)
 .data          0x00802000        0x0 c:/program files (x86)/atmel/atmel toolchain/avr8 gcc/native/3.4.2.1002/avr8-gnu-toolchain/bin/../lib/gcc/avr/4.7.2/avrxmega5\libgcc.a(_copy_data.o)
 .data          0x00802000        0x0 c:/program files (x86)/atmel/atmel toolchain/avr8 gcc/native/3.4.2.1002/avr8-gnu-toolchain/bin/../lib/gcc/avr/4.7.2/avrxmega5\libgcc.a(_clear_bss.o)
 .data          0x00802000        0x0 c:/program files (x86)/atmel/atmel toolchain/avr8 gcc/native/3.4.2.1002/avr8-gnu-toolchain/bin/../lib/gcc/avr/4.7.2/avrxmega5\libgcc.a(_ctors.o)
 .data          0x00802000        0x0 c:/program files (x86)/atmel/atmel toolchain/avr8 gcc/native/3.4.2.1002/avr8-gnu-toolchain/bin/../lib/gcc/avr/4.7.2/avrxmega5\libgcc.a(_dtors.o)
 .data          0x00802000        0x0 c:/program files (x86)/atmel/atmel toolchain/avr8 gcc/native/3.4.2.1002/avr8-gnu-toolchain/bin/../lib/gcc/avr/4.7.2/avrxmega5\libgcc.a(_umulhisi3.o)
 .data          0x00802000        0x0 c:/program files (x86)/atmel/atmel toolchain/avr8 gcc/native/3.4.2.1002/avr8-gnu-toolchain/bin/../lib/gcc/avr/4.7.2/avrxmega5\libgcc.a(_tablejump_elpm.o)
 .data          0x00802000        0x0 c:/program files (x86)/atmel/atmel toolchain/avr8 gcc/native/3.4.2.1002/avr8-gnu-toolchain/bin/../lib/gcc/avr/4.7.2/avrxmega5\libgcc.a(_udivmodhi4.o)
 .data          0x00802000        0x0 c:/program files (x86)/atmel/atmel toolchain/avr8 gcc/native/3.4.2.1002/avr8-gnu-toolchain/bin/../lib/gcc/avr/4.7.2/avrxmega5\libgcc.a(_udivmodsi4.o)
 .data          0x00802000        0x0 c:/program files (x86)/atmel/atmel toolchain/avr8 gcc/native/3.4.2.1002/avr8-gnu-toolchain/bin/../lib/gcc/avr/4.7.2/../../../../avr/lib/avrxmega5\libc.a(memcpy.o)
 .data          0x00802000        0x0 c:/program files (x86)/atmel/atmel toolchain/avr8 gcc/native/3.4.2.1002/avr8-gnu-toolchain/bin/../lib/gcc/avr/4.7.2/../../../../avr/lib/avrxmega5\libc.a(itoa.o)
 .data          0x00802000        0x0 c:/program files (x86)/atmel/atmel toolchain/avr8 gcc/native/3.4.2.1002/avr8-gnu-toolchain/bin/../lib/gcc/avr/4.7.2/../../../../avr/lib/avrxmega5\libc.a(eerd_word_atxmega64a1.o)
 .data          0x00802000        0x0 c:/program files (x86)/atmel/atmel toolchain/avr8 gcc/native/3.4.2.1002/avr8-gnu-toolchain/bin/../lib/gcc/avr/4.7.2/../../../../avr/lib/avrxmega5\libc.a(eewr_word_atxmega64a1.o)
 .data          0x00802000        0x0 c:/program files (x86)/atmel/atmel toolchain/avr8 gcc/native/3.4.2.1002/avr8-gnu-toolchain/bin/../lib/gcc/avr/4.7.2/../../../../avr/lib/avrxmega5\libc.a(eerd_byte_atxmega64a1u.o)
 .data          0x00802000        0x0 c:/program files (x86)/atmel/atmel toolchain/avr8 gcc/native/3.4.2.1002/avr8-gnu-toolchain/bin/../lib/gcc/avr/4.7.2/../../../../avr/lib/avrxmega5\libc.a(strrev.o)
 .data          0x00802000        0x0 c:/program files (x86)/atmel/atmel toolchain/avr8 gcc/native/3.4.2.1002/avr8-gnu-toolchain/bin/../lib/gcc/avr/4.7.2/../../../../avr/lib/avrxmega5\libc.a(eewr_byte_atxmega64a1.o)
 *(.data*)
 .data.lEcke    0x00802000        0x1 libs/atmega8.o
                0x00802000                lEcke
 .data.lRichtung
                0x00802001        0x1 libs/atmega8.o
                0x00802001                lRichtung
 .data.preRichtung
                0x00802002        0x1 libs/atmega8.o
                0x00802002                preRichtung
 .data._ZZ16Fahrtrichtung_XYiiE11delta_X_alt
                0x00802003        0x2 libs/motor.o
 .data._ZZ16Fahrtrichtung_XYiiE11delta_Y_alt
                0x00802005        0x2 libs/motor.o
 .data._ZN6schuss9schuss_OKE
                0x00802007        0x1 libs/periphery.o
                0x00802007                _ZN6schuss9schuss_OKE
 .data._ZN8dribbler8nachlaufE
                0x00802008        0x1 libs/periphery.o
                0x00802008                _ZN8dribbler8nachlaufE
 .data.Sinus    0x00802009      0x16c main.o
                0x00802009                Sinus
 .data.US_tw_pos
                0x00802175        0x4 main.o
                0x00802175                US_tw_pos
 .data.US_links_last
                0x00802179        0x6 main.o
                0x00802179                US_links_last
 .data.US_rechts_last
                0x0080217f        0x6 main.o
                0x0080217f                US_rechts_last
 .data.Abstand_Linie
                0x00802185        0xa main.o
                0x00802185                Abstand_Linie
 .data.ADC_Offset_1
                0x0080218f       0x10 main.o
                0x0080218f                ADC_Offset_1
 .data.ADC_Offset_0
                0x0080219f       0x10 main.o
                0x0080219f                ADC_Offset_0
 .data.EEPROM_write
                0x008021af        0x1 main.o
                0x008021af                EEPROM_write
 *(.rodata)
 .rodata        0x008021b0       0x30 libs/motor.o
 *(.rodata*)
 .rodata.str1.1
                0x008021e0      0x35b main.o
                                0x37b (size before relaxing)
 .rodata._ZL10ADC_Winkel
                0x0080253b       0x10 main.o
 .rodata._ZL10maxChannel
                0x0080254b        0x8 main.o
 *(.gnu.linkonce.d*)
                0x00802554                . = ALIGN (0x2)
 *fill*         0x00802553        0x1 
                0x00802554                _edata = .
                0x00802554                PROVIDE (__data_end, .)

.bss            0x00802554      0x2dd
                0x00802554                PROVIDE (__bss_start, .)
 *(.bss)
 *(.bss*)
 .bss.trans     0x00802554        0x1 libs/atmega8.o
                0x00802554                trans
 .bss.lMuesli   0x00802555        0x1 libs/atmega8.o
                0x00802555                lMuesli
 .bss.mWinkel   0x00802556        0x2 libs/atmega8.o
                0x00802556                mWinkel
 .bss.timer_fail
                0x00802558        0x1 libs/atmega8.o
                0x00802558                timer_fail
 .bss.mux       0x00802559        0x1 libs/atmega8.o
                0x00802559                mux
 .bss.out_pos   0x0080255a        0x1 libs/atmega8.o
                0x0080255a                out_pos
 .bss.out       0x0080255b        0x1 libs/atmega8.o
                0x0080255b                out
 .bss.out_winkel
                0x0080255c        0x2 libs/atmega8.o
                0x0080255c                out_winkel
 .bss.linie     0x0080255e       0x20 libs/atmega8.o
                0x0080255e                linie
 .bss.USART_line
                0x0080257e       0x2b libs/atmega8.o
                0x0080257e                USART_line
 .bss._ZZ19atmega8_kalibrationhE14zaehler_taster
                0x008025a9        0x1 libs/atmega8.o
 .bss._ZZ16Fahrtrichtung_XYiiE10dt_counter
                0x008025aa        0x1 libs/motor.o
 .bss._ZZ16Fahrtrichtung_XYiiE10Integral_X
                0x008025ab        0x4 libs/motor.o
 .bss._ZZ16Fahrtrichtung_XYiiE10Integral_Y
                0x008025af        0x4 libs/motor.o
 .bss._ZN6ballda6ball_tE
                0x008025b3        0x2 libs/periphery.o
                0x008025b3                _ZN6ballda6ball_tE
 .bss._ZN6ballda7ball_daE
                0x008025b5        0x1 libs/periphery.o
                0x008025b5                _ZN6ballda7ball_daE
 .bss._ZN6schuss14schuss_counterE
                0x008025b6        0x2 libs/periphery.o
                0x008025b6                _ZN6schuss14schuss_counterE
 .bss._ZN6schuss24schuss_counter_antidauerE
                0x008025b8        0x2 libs/periphery.o
                0x008025b8                _ZN6schuss24schuss_counter_antidauerE
 .bss._ZN8dribbler9force_offE
                0x008025ba        0x1 libs/periphery.o
                0x008025ba                _ZN8dribbler9force_offE
 .bss.kompass   0x008025bb        0x4 main.o
                0x008025bb                kompass
 .bss.kamera    0x008025bf       0x10 main.o
                0x008025bf                kamera
 .bss.spannung  0x008025cf        0x4 main.o
                0x008025cf                spannung
 .bss.imu       0x008025d3        0x4 main.o
                0x008025d3                imu
 .bss.US_sensor
                0x008025d7        0xc main.o
                0x008025d7                US_sensor
 .bss.display   0x008025e3        0x3 main.o
                0x008025e3                display
 .bss.twiMasterF
                0x008025e6       0x69 main.o
                0x008025e6                twiMasterF
 .bss.twiMasterD
                0x0080264f       0x69 main.o
                0x0080264f                twiMasterD
 .bss.darfHalbRaus
                0x008026b8        0x1 main.o
                0x008026b8                darfHalbRaus
 .bss.voltage   0x008026b9        0x2 main.o
                0x008026b9                voltage
 .bss.hallNoRotationCounter
                0x008026bb        0x4 main.o
                0x008026bb                hallNoRotationCounter
 .bss.hallPower
                0x008026bf        0x8 main.o
                0x008026bf                hallPower
 .bss.rpmHall   0x008026c7        0x8 main.o
                0x008026c7                rpmHall
 .bss.hallCounter
                0x008026cf        0x4 main.o
                0x008026cf                hallCounter
 .bss.dribblerTime
                0x008026d3        0x2 main.o
                0x008026d3                dribblerTime
 .bss.ballGuteEmpfang
                0x008026d5        0x1 main.o
                0x008026d5                ballGuteEmpfang
 .bss.ballGute  0x008026d6        0x2 main.o
                0x008026d6                ballGute
 .bss.bluetooth
                0x008026d8       0x2b main.o
                0x008026d8                bluetooth
 .bss.debug     0x00802703       0x2b main.o
                0x00802703                debug
 .bss.display_counter
                0x0080272e        0x1 main.o
                0x0080272e                display_counter
 .bss.select_page
                0x0080272f        0x2 main.o
                0x0080272f                select_page
 .bss.keypad_last
                0x00802731        0x2 main.o
                0x00802731                keypad_last
 .bss.display_page
                0x00802733        0x1 main.o
                0x00802733                display_page
 .bss.SW_pos    0x00802734        0x1 main.o
                0x00802734                SW_pos
 .bss.US_links_block
                0x00802735        0x1 main.o
                0x00802735                US_links_block
 .bss.US_rechts_block
                0x00802736        0x1 main.o
                0x00802736                US_rechts_block
 .bss.US_links_diff
                0x00802737        0x4 main.o
                0x00802737                US_links_diff
 .bss.US_rechts_diff
                0x0080273b        0x4 main.o
                0x0080273b                US_rechts_diff
 .bss.US_n_pos  0x0080273f        0x4 main.o
                0x0080273f                US_n_pos
 .bss.US_Abfrage
                0x00802743        0x1 main.o
                0x00802743                US_Abfrage
 .bss.US_Werte  0x00802744        0x6 main.o
                0x00802744                US_Werte
 .bss.tsopBallIntens
                0x0080274a        0x2 main.o
                0x0080274a                tsopBallIntens
 .bss.tsopBallWinkel
                0x0080274c        0x2 main.o
                0x0080274c                tsopBallWinkel
 .bss.tsopWerte
                0x0080274e       0x10 main.o
                0x0080274e                tsopWerte
 .bss.maxVal    0x0080275e        0x2 main.o
                0x0080275e                maxVal
 .bss.tsopMux   0x00802760        0x1 main.o
                0x00802760                tsopMux
 .bss.maxMux    0x00802761        0x1 main.o
                0x00802761                maxMux
 .bss.adc_kalib
                0x00802762        0x1 main.o
                0x00802762                adc_kalib
 .bss.TSOP      0x00802763        0x2 main.o
                0x00802763                TSOP
 .bss.lego_IR   0x00802765        0x1 main.o
                0x00802765                lego_IR
 .bss.torwart2feldspieler
                0x00802766        0x1 main.o
                0x00802766                torwart2feldspieler
 .bss.ball_counter
                0x00802767        0x2 main.o
                0x00802767                ball_counter
 .bss.ball_Winkel_alt
                0x00802769        0x2 main.o
                0x00802769                ball_Winkel_alt
 .bss.ball_Distanz_alt
                0x0080276b        0x2 main.o
                0x0080276b                ball_Distanz_alt
 .bss.ball_WinkelA
                0x0080276d        0x2 main.o
                0x0080276d                ball_WinkelA
 .bss.ball_Winkel
                0x0080276f        0x2 main.o
                0x0080276f                ball_Winkel
 .bss.ball_DistanzWinkel
                0x00802771        0x2 main.o
                0x00802771                ball_DistanzWinkel
 .bss.ball_Distanz
                0x00802773        0x2 main.o
                0x00802773                ball_Distanz
 .bss.ADC_Werte_TP
                0x00802775       0x10 main.o
                0x00802775                ADC_Werte_TP
 .bss.ADC_Werte
                0x00802785       0x10 main.o
                0x00802785                ADC_Werte
 .bss.ADC_Offset
                0x00802795       0x10 main.o
                0x00802795                ADC_Offset
 .bss.muxIR     0x008027a5        0x1 main.o
                0x008027a5                muxIR
 .bss.ballOrangeWinkel
                0x008027a6        0x2 main.o
                0x008027a6                ballOrangeWinkel
 .bss.tor_winkel
                0x008027a8        0x2 main.o
                0x008027a8                tor_winkel
 .bss.gyroPhi   0x008027aa        0x2 main.o
                0x008027aa                gyroPhi
 .bss._gyroPhi  0x008027ac        0x2 main.o
                0x008027ac                _gyroPhi
 .bss.trick_shoot_turn
                0x008027ae        0x1 main.o
                0x008027ae                trick_shoot_turn
 .bss.super_turn
                0x008027af        0x2 main.o
                0x008027af                super_turn
 .bss.PID       0x008027b1        0x4 main.o
                0x008027b1                PID
 .bss.roll      0x008027b5        0x2 main.o
                0x008027b5                roll
 .bss.PID_flaeche
                0x008027b7        0x4 main.o
                0x008027b7                PID_flaeche
 .bss.delta_phi
                0x008027bb        0x2 main.o
                0x008027bb                delta_phi
 .bss.delta_phi_alt
                0x008027bd        0x2 main.o
                0x008027bd                delta_phi_alt
 .bss.Torrichtung
                0x008027bf        0x2 main.o
                0x008027bf                Torrichtung
 .bss.PID_Counter
                0x008027c1        0x1 main.o
                0x008027c1                PID_Counter
 .bss.soll_phi  0x008027c2        0x2 main.o
                0x008027c2                soll_phi
 .bss.phi_jetzt
                0x008027c4        0x2 main.o
                0x008027c4                phi_jetzt
 .bss.PID_int   0x008027c6        0x2 main.o
                0x008027c6                PID_int
 .bss.k         0x008027c8        0x8 main.o
                0x008027c8                k
 .bss.Soft_Counter
                0x008027d0        0x1 main.o
                0x008027d0                Soft_Counter
 .bss.noObjTimer
                0x008027d1        0x2 main.o
                0x008027d1                noObjTimer
 .bss.pixyHintenReceiveData
                0x008027d3        0x2 main.o
                0x008027d3                pixyHintenReceiveData
 .bss.pixyVorneReceiveData
                0x008027d5        0x2 main.o
                0x008027d5                pixyVorneReceiveData
 .bss.pixyVorneData
                0x008027d7        0x2 main.o
                0x008027d7                pixyVorneData
 .bss.muxPixyHinten
                0x008027d9        0x1 main.o
                0x008027d9                muxPixyHinten
 .bss.muxPixyVorne
                0x008027da        0x1 main.o
                0x008027da                muxPixyVorne
 .bss.pixyHintenUART
                0x008027db       0x2b main.o
                0x008027db                pixyHintenUART
 .bss.pixyVorneUART
                0x00802806       0x2b main.o
                0x00802806                pixyVorneUART
 *(COMMON)
                0x00802831                PROVIDE (__bss_end, .)
                0x0000868a                __data_load_start = LOADADDR (.data)
                0x00008bde                __data_load_end = (__data_load_start + SIZEOF (.data))

.noinit         0x00802831        0x0
                0x00802831                PROVIDE (__noinit_start, .)
 *(.noinit*)
                0x00802831                PROVIDE (__noinit_end, .)
                0x00802831                _end = .
                0x00802831                PROVIDE (__heap_start, .)

.eeprom         0x00810000        0x0
 *(.eeprom*)
                0x00810000                __eeprom_end = .

.fuse
 *(.fuse)
 *(.lfuse)
 *(.hfuse)
 *(.efuse)

.lock
 *(.lock*)

.signature
 *(.signature*)

.user_signatures
 *(.user_signatures*)

.stab           0x00000000     0x45b4
 *(.stab)
 .stab          0x00000000      0x6fc c:/program files (x86)/atmel/atmel toolchain/avr8 gcc/native/3.4.2.1002/avr8-gnu-toolchain/bin/../lib/gcc/avr/4.7.2/../../../../avr/lib/avrxmega5/crtx64a1.o
 .stab          0x000006fc       0x78 c:/program files (x86)/atmel/atmel toolchain/avr8 gcc/native/3.4.2.1002/avr8-gnu-toolchain/bin/../lib/gcc/avr/4.7.2/../../../../avr/lib/avrxmega5\libm.a(addsf3.o)
                                 0x84 (size before relaxing)
 .stab          0x00000774      0x4bc c:/program files (x86)/atmel/atmel toolchain/avr8 gcc/native/3.4.2.1002/avr8-gnu-toolchain/bin/../lib/gcc/avr/4.7.2/../../../../avr/lib/avrxmega5\libm.a(addsf3x.o)
                                0x4c8 (size before relaxing)
 .stab          0x00000c30      0x2f4 c:/program files (x86)/atmel/atmel toolchain/avr8 gcc/native/3.4.2.1002/avr8-gnu-toolchain/bin/../lib/gcc/avr/4.7.2/../../../../avr/lib/avrxmega5\libm.a(atan2.o)
                                0x300 (size before relaxing)
 .stab          0x00000f24      0x210 c:/program files (x86)/atmel/atmel toolchain/avr8 gcc/native/3.4.2.1002/avr8-gnu-toolchain/bin/../lib/gcc/avr/4.7.2/../../../../avr/lib/avrxmega5\libm.a(atan.o)
                                0x21c (size before relaxing)
 .stab          0x00001134      0x114 c:/program files (x86)/atmel/atmel toolchain/avr8 gcc/native/3.4.2.1002/avr8-gnu-toolchain/bin/../lib/gcc/avr/4.7.2/../../../../avr/lib/avrxmega5\libm.a(ceil.o)
                                0x120 (size before relaxing)
 .stab          0x00001248       0x90 c:/program files (x86)/atmel/atmel toolchain/avr8 gcc/native/3.4.2.1002/avr8-gnu-toolchain/bin/../lib/gcc/avr/4.7.2/../../../../avr/lib/avrxmega5\libm.a(cmpsf2.o)
                                 0x9c (size before relaxing)
 .stab          0x000012d8       0x48 c:/program files (x86)/atmel/atmel toolchain/avr8 gcc/native/3.4.2.1002/avr8-gnu-toolchain/bin/../lib/gcc/avr/4.7.2/../../../../avr/lib/avrxmega5\libm.a(divsf3.o)
                                 0x54 (size before relaxing)
 .stab          0x00001320      0x510 c:/program files (x86)/atmel/atmel toolchain/avr8 gcc/native/3.4.2.1002/avr8-gnu-toolchain/bin/../lib/gcc/avr/4.7.2/../../../../avr/lib/avrxmega5\libm.a(divsf3x.o)
                                0x51c (size before relaxing)
 .stab          0x00001830       0x6c c:/program files (x86)/atmel/atmel toolchain/avr8 gcc/native/3.4.2.1002/avr8-gnu-toolchain/bin/../lib/gcc/avr/4.7.2/../../../../avr/lib/avrxmega5\libm.a(fixsfsi.o)
                                 0x78 (size before relaxing)
 .stab          0x0000189c      0x240 c:/program files (x86)/atmel/atmel toolchain/avr8 gcc/native/3.4.2.1002/avr8-gnu-toolchain/bin/../lib/gcc/avr/4.7.2/../../../../avr/lib/avrxmega5\libm.a(fixunssfsi.o)
                                0x24c (size before relaxing)
 .stab          0x00001adc      0x318 c:/program files (x86)/atmel/atmel toolchain/avr8 gcc/native/3.4.2.1002/avr8-gnu-toolchain/bin/../lib/gcc/avr/4.7.2/../../../../avr/lib/avrxmega5\libm.a(floatsisf.o)
                                0x324 (size before relaxing)
 .stab          0x00001df4      0x114 c:/program files (x86)/atmel/atmel toolchain/avr8 gcc/native/3.4.2.1002/avr8-gnu-toolchain/bin/../lib/gcc/avr/4.7.2/../../../../avr/lib/avrxmega5\libm.a(floor.o)
                                0x120 (size before relaxing)
 .stab          0x00001f08      0x1e0 c:/program files (x86)/atmel/atmel toolchain/avr8 gcc/native/3.4.2.1002/avr8-gnu-toolchain/bin/../lib/gcc/avr/4.7.2/../../../../avr/lib/avrxmega5\libm.a(fp_cmp.o)
                                0x1ec (size before relaxing)
 .stab          0x000020e8       0x78 c:/program files (x86)/atmel/atmel toolchain/avr8 gcc/native/3.4.2.1002/avr8-gnu-toolchain/bin/../lib/gcc/avr/4.7.2/../../../../avr/lib/avrxmega5\libm.a(fp_inf.o)
                                 0x84 (size before relaxing)
 .stab          0x00002160      0x174 c:/program files (x86)/atmel/atmel toolchain/avr8 gcc/native/3.4.2.1002/avr8-gnu-toolchain/bin/../lib/gcc/avr/4.7.2/../../../../avr/lib/avrxmega5\libm.a(fp_mintl.o)
                                0x180 (size before relaxing)
 .stab          0x000022d4       0xe4 c:/program files (x86)/atmel/atmel toolchain/avr8 gcc/native/3.4.2.1002/avr8-gnu-toolchain/bin/../lib/gcc/avr/4.7.2/../../../../avr/lib/avrxmega5\libm.a(fp_mpack.o)
                                 0xf0 (size before relaxing)
 .stab          0x000023b8       0x54 c:/program files (x86)/atmel/atmel toolchain/avr8 gcc/native/3.4.2.1002/avr8-gnu-toolchain/bin/../lib/gcc/avr/4.7.2/../../../../avr/lib/avrxmega5\libm.a(fp_nan.o)
                                 0x60 (size before relaxing)
 .stab          0x0000240c      0x1ec c:/program files (x86)/atmel/atmel toolchain/avr8 gcc/native/3.4.2.1002/avr8-gnu-toolchain/bin/../lib/gcc/avr/4.7.2/../../../../avr/lib/avrxmega5\libm.a(fp_powser.o)
                                0x1f8 (size before relaxing)
 .stab          0x000025f8       0x84 c:/program files (x86)/atmel/atmel toolchain/avr8 gcc/native/3.4.2.1002/avr8-gnu-toolchain/bin/../lib/gcc/avr/4.7.2/../../../../avr/lib/avrxmega5\libm.a(fp_pscA.o)
                                 0x90 (size before relaxing)
 .stab          0x0000267c       0x84 c:/program files (x86)/atmel/atmel toolchain/avr8 gcc/native/3.4.2.1002/avr8-gnu-toolchain/bin/../lib/gcc/avr/4.7.2/../../../../avr/lib/avrxmega5\libm.a(fp_pscB.o)
                                 0x90 (size before relaxing)
 .stab          0x00002700       0xfc c:/program files (x86)/atmel/atmel toolchain/avr8 gcc/native/3.4.2.1002/avr8-gnu-toolchain/bin/../lib/gcc/avr/4.7.2/../../../../avr/lib/avrxmega5\libm.a(fp_round.o)
                                0x108 (size before relaxing)
 .stab          0x000027fc      0x1d4 c:/program files (x86)/atmel/atmel toolchain/avr8 gcc/native/3.4.2.1002/avr8-gnu-toolchain/bin/../lib/gcc/avr/4.7.2/../../../../avr/lib/avrxmega5\libm.a(fp_split3.o)
                                0x1e0 (size before relaxing)
 .stab          0x000029d0      0x144 c:/program files (x86)/atmel/atmel toolchain/avr8 gcc/native/3.4.2.1002/avr8-gnu-toolchain/bin/../lib/gcc/avr/4.7.2/../../../../avr/lib/avrxmega5\libm.a(fp_trunc.o)
                                0x150 (size before relaxing)
 .stab          0x00002b14       0x90 c:/program files (x86)/atmel/atmel toolchain/avr8 gcc/native/3.4.2.1002/avr8-gnu-toolchain/bin/../lib/gcc/avr/4.7.2/../../../../avr/lib/avrxmega5\libm.a(fp_zero.o)
                                 0x9c (size before relaxing)
 .stab          0x00002ba4       0x6c c:/program files (x86)/atmel/atmel toolchain/avr8 gcc/native/3.4.2.1002/avr8-gnu-toolchain/bin/../lib/gcc/avr/4.7.2/../../../../avr/lib/avrxmega5\libm.a(gesf2.o)
                                 0x78 (size before relaxing)
 .stab          0x00002c10      0x4c8 c:/program files (x86)/atmel/atmel toolchain/avr8 gcc/native/3.4.2.1002/avr8-gnu-toolchain/bin/../lib/gcc/avr/4.7.2/../../../../avr/lib/avrxmega5\libm.a(hypot.o)
                                0x4d4 (size before relaxing)
 .stab          0x000030d8       0x84 c:/program files (x86)/atmel/atmel toolchain/avr8 gcc/native/3.4.2.1002/avr8-gnu-toolchain/bin/../lib/gcc/avr/4.7.2/../../../../avr/lib/avrxmega5\libm.a(inverse.o)
                                 0x90 (size before relaxing)
 .stab          0x0000315c      0x2c4 c:/program files (x86)/atmel/atmel toolchain/avr8 gcc/native/3.4.2.1002/avr8-gnu-toolchain/bin/../lib/gcc/avr/4.7.2/../../../../avr/lib/avrxmega5\libm.a(ldexp.o)
                                0x2d0 (size before relaxing)
 .stab          0x00003420       0x48 c:/program files (x86)/atmel/atmel toolchain/avr8 gcc/native/3.4.2.1002/avr8-gnu-toolchain/bin/../lib/gcc/avr/4.7.2/../../../../avr/lib/avrxmega5\libm.a(mulsf3.o)
                                 0x54 (size before relaxing)
 .stab          0x00003468      0x4d4 c:/program files (x86)/atmel/atmel toolchain/avr8 gcc/native/3.4.2.1002/avr8-gnu-toolchain/bin/../lib/gcc/avr/4.7.2/../../../../avr/lib/avrxmega5\libm.a(mulsf3x.o)
                                0x4e0 (size before relaxing)
 .stab          0x0000393c      0x1b0 c:/program files (x86)/atmel/atmel toolchain/avr8 gcc/native/3.4.2.1002/avr8-gnu-toolchain/bin/../lib/gcc/avr/4.7.2/../../../../avr/lib/avrxmega5\libm.a(round.o)
                                0x1bc (size before relaxing)
 .stab          0x00003aec      0x354 c:/program files (x86)/atmel/atmel toolchain/avr8 gcc/native/3.4.2.1002/avr8-gnu-toolchain/bin/../lib/gcc/avr/4.7.2/../../../../avr/lib/avrxmega5\libm.a(sqrt.o)
                                0x360 (size before relaxing)
 .stab          0x00003e40       0x54 c:/program files (x86)/atmel/atmel toolchain/avr8 gcc/native/3.4.2.1002/avr8-gnu-toolchain/bin/../lib/gcc/avr/4.7.2/../../../../avr/lib/avrxmega5\libm.a(square.o)
                                 0x60 (size before relaxing)
 .stab          0x00003e94       0x84 c:/program files (x86)/atmel/atmel toolchain/avr8 gcc/native/3.4.2.1002/avr8-gnu-toolchain/bin/../lib/gcc/avr/4.7.2/../../../../avr/lib/avrxmega5\libm.a(fp_norm2.o)
                                 0x90 (size before relaxing)
 .stab          0x00003f18       0x84 c:/program files (x86)/atmel/atmel toolchain/avr8 gcc/native/3.4.2.1002/avr8-gnu-toolchain/bin/../lib/gcc/avr/4.7.2/../../../../avr/lib/avrxmega5\libc.a(memcpy.o)
                                 0x90 (size before relaxing)
 .stab          0x00003f9c      0x1b0 c:/program files (x86)/atmel/atmel toolchain/avr8 gcc/native/3.4.2.1002/avr8-gnu-toolchain/bin/../lib/gcc/avr/4.7.2/../../../../avr/lib/avrxmega5\libc.a(itoa.o)
                                0x1bc (size before relaxing)
 .stab          0x0000414c       0x60 c:/program files (x86)/atmel/atmel toolchain/avr8 gcc/native/3.4.2.1002/avr8-gnu-toolchain/bin/../lib/gcc/avr/4.7.2/../../../../avr/lib/avrxmega5\libc.a(eerd_word_atxmega64a1.o)
                                 0x6c (size before relaxing)
 .stab          0x000041ac       0x54 c:/program files (x86)/atmel/atmel toolchain/avr8 gcc/native/3.4.2.1002/avr8-gnu-toolchain/bin/../lib/gcc/avr/4.7.2/../../../../avr/lib/avrxmega5\libc.a(eewr_word_atxmega64a1.o)
                                 0x60 (size before relaxing)
 .stab          0x00004200       0xfc c:/program files (x86)/atmel/atmel toolchain/avr8 gcc/native/3.4.2.1002/avr8-gnu-toolchain/bin/../lib/gcc/avr/4.7.2/../../../../avr/lib/avrxmega5\libc.a(eerd_byte_atxmega64a1u.o)
                                0x108 (size before relaxing)
 .stab          0x000042fc       0xd8 c:/program files (x86)/atmel/atmel toolchain/avr8 gcc/native/3.4.2.1002/avr8-gnu-toolchain/bin/../lib/gcc/avr/4.7.2/../../../../avr/lib/avrxmega5\libc.a(strrev.o)
                                 0xe4 (size before relaxing)
 .stab          0x000043d4      0x1e0 c:/program files (x86)/atmel/atmel toolchain/avr8 gcc/native/3.4.2.1002/avr8-gnu-toolchain/bin/../lib/gcc/avr/4.7.2/../../../../avr/lib/avrxmega5\libc.a(eewr_byte_atxmega64a1.o)
                                0x1ec (size before relaxing)

.stabstr        0x00000000     0x1324
 *(.stabstr)
 .stabstr       0x00000000     0x1324 c:/program files (x86)/atmel/atmel toolchain/avr8 gcc/native/3.4.2.1002/avr8-gnu-toolchain/bin/../lib/gcc/avr/4.7.2/../../../../avr/lib/avrxmega5/crtx64a1.o

.stab.excl
 *(.stab.excl)

.stab.exclstr
 *(.stab.exclstr)

.stab.index
 *(.stab.index)

.stab.indexstr
 *(.stab.indexstr)

.comment        0x00000000       0x2f
 *(.comment)
 .comment       0x00000000       0x2f driver/spimaster.o
                                 0x30 (size before relaxing)
 .comment       0x00000000       0x30 driver/twimaster.o
 .comment       0x00000000       0x30 driver/usart.o
 .comment       0x00000000       0x30 libs/atmega8.o
 .comment       0x00000000       0x30 libs/ir.o
 .comment       0x00000000       0x30 libs/motor.o
 .comment       0x00000000       0x30 libs/periphery.o
 .comment       0x00000000       0x30 main.o
 .comment       0x00000000       0x30 sensor/bno055.o
 .comment       0x00000000       0x30 sensor/cmps03.o
 .comment       0x00000000       0x30 sensor/lcd03.o
 .comment       0x00000000       0x30 sensor/legoIR.o
 .comment       0x00000000       0x30 sensor/ltc2945.o
 .comment       0x00000000       0x30 sensor/mpu6050.o
 .comment       0x00000000       0x30 sensor/pixie.o
 .comment       0x00000000       0x30 sensor/pulsedlight.o
 .comment       0x00000000       0x30 sensor/srf08.o

.debug
 *(.debug)

.line
 *(.line)

.debug_srcinfo
 *(.debug_srcinfo)

.debug_sfnames
 *(.debug_sfnames)

.debug_aranges  0x00000000      0x690
 *(.debug_aranges)
 .debug_aranges
                0x00000000       0x60 driver/twimaster.o
 .debug_aranges
                0x00000060       0x40 driver/usart.o
 .debug_aranges
                0x000000a0       0x38 libs/atmega8.o
 .debug_aranges
                0x000000d8       0x40 libs/ir.o
 .debug_aranges
                0x00000118       0x48 libs/motor.o
 .debug_aranges
                0x00000160       0x40 libs/periphery.o
 .debug_aranges
                0x000001a0      0x128 main.o
 .debug_aranges
                0x000002c8      0x110 sensor/bno055.o
 .debug_aranges
                0x000003d8       0x38 sensor/cmps03.o
 .debug_aranges
                0x00000410       0x88 sensor/lcd03.o
 .debug_aranges
                0x00000498       0x30 sensor/legoIR.o
 .debug_aranges
                0x000004c8       0x38 sensor/ltc2945.o
 .debug_aranges
                0x00000500       0x70 sensor/mpu6050.o
 .debug_aranges
                0x00000570       0x78 sensor/pixie.o
 .debug_aranges
                0x000005e8       0x48 sensor/pulsedlight.o
 .debug_aranges
                0x00000630       0x60 sensor/srf08.o

.debug_pubnames
 *(.debug_pubnames)

.debug_info     0x00000000    0x1238f
 *(.debug_info)
 .debug_info    0x00000000      0x716 driver/twimaster.o
 .debug_info    0x00000716      0x63d driver/usart.o
 .debug_info    0x00000d53      0xa39 libs/atmega8.o
 .debug_info    0x0000178c      0xa8c libs/ir.o
 .debug_info    0x00002218      0xfb9 libs/motor.o
 .debug_info    0x000031d1      0x9a3 libs/periphery.o
 .debug_info    0x00003b74     0x6e5f main.o
 .debug_info    0x0000a9d3     0x2288 sensor/bno055.o
 .debug_info    0x0000cc5b      0x695 sensor/cmps03.o
 .debug_info    0x0000d2f0     0x1254 sensor/lcd03.o
 .debug_info    0x0000e544      0x66c sensor/legoIR.o
 .debug_info    0x0000ebb0      0x6c0 sensor/ltc2945.o
 .debug_info    0x0000f270      0xf1e sensor/mpu6050.o
 .debug_info    0x0001018e      0xb46 sensor/pixie.o
 .debug_info    0x00010cd4      0x8b1 sensor/pulsedlight.o
 .debug_info    0x00011585      0xe0a sensor/srf08.o
 *(.gnu.linkonce.wi.*)

.debug_abbrev   0x00000000     0x2ba2
 *(.debug_abbrev)
 .debug_abbrev  0x00000000      0x1dd driver/twimaster.o
 .debug_abbrev  0x000001dd      0x196 driver/usart.o
 .debug_abbrev  0x00000373      0x2e5 libs/atmega8.o
 .debug_abbrev  0x00000658      0x1ba libs/ir.o
 .debug_abbrev  0x00000812      0x322 libs/motor.o
 .debug_abbrev  0x00000b34      0x157 libs/periphery.o
 .debug_abbrev  0x00000c8b      0x67f main.o
 .debug_abbrev  0x0000130a      0x2f2 sensor/bno055.o
 .debug_abbrev  0x000015fc      0x247 sensor/cmps03.o
 .debug_abbrev  0x00001843      0x310 sensor/lcd03.o
 .debug_abbrev  0x00001b53      0x293 sensor/legoIR.o
 .debug_abbrev  0x00001de6      0x27c sensor/ltc2945.o
 .debug_abbrev  0x00002062      0x2b3 sensor/mpu6050.o
 .debug_abbrev  0x00002315      0x2eb sensor/pixie.o
 .debug_abbrev  0x00002600      0x27d sensor/pulsedlight.o
 .debug_abbrev  0x0000287d      0x325 sensor/srf08.o

.debug_line     0x00000000     0x43bf
 *(.debug_line)
 .debug_line    0x00000000        0x0 driver/spimaster.o
 .debug_line    0x00000000      0x26c driver/twimaster.o
 .debug_line    0x0000026c      0x212 driver/usart.o
 .debug_line    0x0000047e      0x387 libs/atmega8.o
 .debug_line    0x00000805      0x1ce libs/ir.o
 .debug_line    0x000009d3      0x4cf libs/motor.o
 .debug_line    0x00000ea2      0x200 libs/periphery.o
 .debug_line    0x000010a2      0xfde main.o
 .debug_line    0x00002080      0x93e sensor/bno055.o
 .debug_line    0x000029be      0x252 sensor/cmps03.o
 .debug_line    0x00002c10      0x402 sensor/lcd03.o
 .debug_line    0x00003012      0x265 sensor/legoIR.o
 .debug_line    0x00003277      0x256 sensor/ltc2945.o
 .debug_line    0x000034cd      0x522 sensor/mpu6050.o
 .debug_line    0x000039ef      0x2f5 sensor/pixie.o
 .debug_line    0x00003ce4      0x2c0 sensor/pulsedlight.o
 .debug_line    0x00003fa4      0x41b sensor/srf08.o

.debug_frame    0x00000000     0x1bec
 *(.debug_frame)
 .debug_frame   0x00000000       0xc4 driver/twimaster.o
 .debug_frame   0x000000c4       0x78 driver/usart.o
 .debug_frame   0x0000013c      0x11c libs/atmega8.o
 .debug_frame   0x00000258       0xb8 libs/ir.o
 .debug_frame   0x00000310      0x21c libs/motor.o
 .debug_frame   0x0000052c       0x64 libs/periphery.o
 .debug_frame   0x00000590      0x798 main.o
 .debug_frame   0x00000d28      0x59c sensor/bno055.o
 .debug_frame   0x000012c4       0x94 sensor/cmps03.o
 .debug_frame   0x00001358      0x270 sensor/lcd03.o
 .debug_frame   0x000015c8       0x64 sensor/legoIR.o
 .debug_frame   0x0000162c       0x94 sensor/ltc2945.o
 .debug_frame   0x000016c0      0x1dc sensor/mpu6050.o
 .debug_frame   0x0000189c      0x128 sensor/pixie.o
 .debug_frame   0x000019c4       0xe4 sensor/pulsedlight.o
 .debug_frame   0x00001aa8      0x144 sensor/srf08.o

.debug_str      0x00000000     0x2d06
 *(.debug_str)
 .debug_str     0x00000000      0x555 driver/twimaster.o
                                0x5ad (size before relaxing)
 .debug_str     0x00000555      0x34a driver/usart.o
                                0x493 (size before relaxing)
 .debug_str     0x0000089f      0x18c libs/atmega8.o
                                0x57c (size before relaxing)
 .debug_str     0x00000a2b      0x78f libs/ir.o
                                0x8dc (size before relaxing)
 .debug_str     0x000011ba      0x362 libs/motor.o
                                0x652 (size before relaxing)
 .debug_str     0x0000151c      0x1b7 libs/periphery.o
                                0x62c (size before relaxing)
 .debug_str     0x000016d3     0x1150 main.o
                               0x1c84 (size before relaxing)
 .debug_str     0x00002823       0x74 sensor/bno055.o
                                0x732 (size before relaxing)
 .debug_str     0x00002897       0x40 sensor/cmps03.o
                                0x395 (size before relaxing)
 .debug_str     0x000028d7       0x6a sensor/lcd03.o
                                0x550 (size before relaxing)
 .debug_str     0x00002941       0x78 sensor/legoIR.o
                                0x381 (size before relaxing)
 .debug_str     0x000029b9       0x48 sensor/ltc2945.o
                                0x3c5 (size before relaxing)
 .debug_str     0x00002a01      0x127 sensor/mpu6050.o
                                0x49c (size before relaxing)
 .debug_str     0x00002b28       0x48 sensor/pixie.o
                                0x4ca (size before relaxing)
 .debug_str     0x00002b70      0x110 sensor/pulsedlight.o
                                0x437 (size before relaxing)
 .debug_str     0x00002c80       0x86 sensor/srf08.o
                                0x4a6 (size before relaxing)

.debug_loc      0x00000000     0x8730
 *(.debug_loc)
 .debug_loc     0x00000000      0x54e driver/twimaster.o
 .debug_loc     0x0000054e      0x35b driver/usart.o
 .debug_loc     0x000008a9      0x6c5 libs/atmega8.o
 .debug_loc     0x00000f6e      0x15f libs/ir.o
 .debug_loc     0x000010cd      0xc5f libs/motor.o
 .debug_loc     0x00001d2c       0x53 libs/periphery.o
 .debug_loc     0x00001d7f     0x1683 main.o
 .debug_loc     0x00003402     0x2323 sensor/bno055.o
 .debug_loc     0x00005725      0x21a sensor/cmps03.o
 .debug_loc     0x0000593f      0xf1a sensor/lcd03.o
 .debug_loc     0x00006859      0x176 sensor/legoIR.o
 .debug_loc     0x000069cf      0x264 sensor/ltc2945.o
 .debug_loc     0x00006c33      0xa1a sensor/mpu6050.o
 .debug_loc     0x0000764d      0x512 sensor/pixie.o
 .debug_loc     0x00007b5f      0x3e2 sensor/pulsedlight.o
 .debug_loc     0x00007f41      0x7ef sensor/srf08.o

.debug_macinfo
 *(.debug_macinfo)

.debug_pubtypes
 *(.debug_pubtypes)

.debug_ranges   0x00000000      0xbb0
 *(.debug_ranges)
 .debug_ranges  0x00000000       0x50 driver/twimaster.o
 .debug_ranges  0x00000050       0x30 driver/usart.o
 .debug_ranges  0x00000080      0x110 libs/atmega8.o
 .debug_ranges  0x00000190       0x30 libs/ir.o
 .debug_ranges  0x000001c0       0xa0 libs/motor.o
 .debug_ranges  0x00000260       0x30 libs/periphery.o
 .debug_ranges  0x00000290      0x2e8 main.o
 .debug_ranges  0x00000578      0x400 sensor/bno055.o
 .debug_ranges  0x00000978       0x28 sensor/cmps03.o
 .debug_ranges  0x000009a0       0x78 sensor/lcd03.o
 .debug_ranges  0x00000a18       0x20 sensor/legoIR.o
 .debug_ranges  0x00000a38       0x28 sensor/ltc2945.o
 .debug_ranges  0x00000a60       0x60 sensor/mpu6050.o
 .debug_ranges  0x00000ac0       0x68 sensor/pixie.o
 .debug_ranges  0x00000b28       0x38 sensor/pulsedlight.o
 .debug_ranges  0x00000b60       0x50 sensor/srf08.o

.debug_macro
 *(.debug_macro)
OUTPUT(AtXMega.elf elf32-avr)
LOAD linker stubs
