Archive member included because of file (symbol)

c:/program files (x86)/atmel/atmel toolchain/avr8 gcc/native/3.4.2.1002/avr8-gnu-toolchain/bin/../lib/gcc/avr/4.7.2/../../../../avr/lib/avrxmega5\libm.a(addsf3.o)
                              libs/motor.o (__subsf3)
c:/program files (x86)/atmel/atmel toolchain/avr8 gcc/native/3.4.2.1002/avr8-gnu-toolchain/bin/../lib/gcc/avr/4.7.2/../../../../avr/lib/avrxmega5\libm.a(addsf3x.o)
                              c:/program files (x86)/atmel/atmel toolchain/avr8 gcc/native/3.4.2.1002/avr8-gnu-toolchain/bin/../lib/gcc/avr/4.7.2/../../../../avr/lib/avrxmega5\libm.a(addsf3.o) (__addsf3x)
c:/program files (x86)/atmel/atmel toolchain/avr8 gcc/native/3.4.2.1002/avr8-gnu-toolchain/bin/../lib/gcc/avr/4.7.2/../../../../avr/lib/avrxmega5\libm.a(atan2.o)
                              main.o (atan2)
c:/program files (x86)/atmel/atmel toolchain/avr8 gcc/native/3.4.2.1002/avr8-gnu-toolchain/bin/../lib/gcc/avr/4.7.2/../../../../avr/lib/avrxmega5\libm.a(atan.o)
                              c:/program files (x86)/atmel/atmel toolchain/avr8 gcc/native/3.4.2.1002/avr8-gnu-toolchain/bin/../lib/gcc/avr/4.7.2/../../../../avr/lib/avrxmega5\libm.a(atan2.o) (atan)
c:/program files (x86)/atmel/atmel toolchain/avr8 gcc/native/3.4.2.1002/avr8-gnu-toolchain/bin/../lib/gcc/avr/4.7.2/../../../../avr/lib/avrxmega5\libm.a(ceil.o)
                              libs/motor.o (ceil)
c:/program files (x86)/atmel/atmel toolchain/avr8 gcc/native/3.4.2.1002/avr8-gnu-toolchain/bin/../lib/gcc/avr/4.7.2/../../../../avr/lib/avrxmega5\libm.a(cmpsf2.o)
                              libs/motor.o (__ltsf2)
c:/program files (x86)/atmel/atmel toolchain/avr8 gcc/native/3.4.2.1002/avr8-gnu-toolchain/bin/../lib/gcc/avr/4.7.2/../../../../avr/lib/avrxmega5\libm.a(divsf3.o)
                              libs/motor.o (__divsf3)
c:/program files (x86)/atmel/atmel toolchain/avr8 gcc/native/3.4.2.1002/avr8-gnu-toolchain/bin/../lib/gcc/avr/4.7.2/../../../../avr/lib/avrxmega5\libm.a(divsf3x.o)
                              c:/program files (x86)/atmel/atmel toolchain/avr8 gcc/native/3.4.2.1002/avr8-gnu-toolchain/bin/../lib/gcc/avr/4.7.2/../../../../avr/lib/avrxmega5\libm.a(divsf3.o) (__divsf3x)
c:/program files (x86)/atmel/atmel toolchain/avr8 gcc/native/3.4.2.1002/avr8-gnu-toolchain/bin/../lib/gcc/avr/4.7.2/../../../../avr/lib/avrxmega5\libm.a(fixsfsi.o)
                              libs/atmega8.o (__fixsfsi)
c:/program files (x86)/atmel/atmel toolchain/avr8 gcc/native/3.4.2.1002/avr8-gnu-toolchain/bin/../lib/gcc/avr/4.7.2/../../../../avr/lib/avrxmega5\libm.a(fixunssfsi.o)
                              libs/atmega8.o (__fixunssfsi)
c:/program files (x86)/atmel/atmel toolchain/avr8 gcc/native/3.4.2.1002/avr8-gnu-toolchain/bin/../lib/gcc/avr/4.7.2/../../../../avr/lib/avrxmega5\libm.a(floatsisf.o)
                              libs/motor.o (__floatunsisf)
c:/program files (x86)/atmel/atmel toolchain/avr8 gcc/native/3.4.2.1002/avr8-gnu-toolchain/bin/../lib/gcc/avr/4.7.2/../../../../avr/lib/avrxmega5\libm.a(floor.o)
                              libs/motor.o (floor)
c:/program files (x86)/atmel/atmel toolchain/avr8 gcc/native/3.4.2.1002/avr8-gnu-toolchain/bin/../lib/gcc/avr/4.7.2/../../../../avr/lib/avrxmega5\libm.a(fp_cmp.o)
                              c:/program files (x86)/atmel/atmel toolchain/avr8 gcc/native/3.4.2.1002/avr8-gnu-toolchain/bin/../lib/gcc/avr/4.7.2/../../../../avr/lib/avrxmega5\libm.a(cmpsf2.o) (__fp_cmp)
c:/program files (x86)/atmel/atmel toolchain/avr8 gcc/native/3.4.2.1002/avr8-gnu-toolchain/bin/../lib/gcc/avr/4.7.2/../../../../avr/lib/avrxmega5\libm.a(fp_inf.o)
                              c:/program files (x86)/atmel/atmel toolchain/avr8 gcc/native/3.4.2.1002/avr8-gnu-toolchain/bin/../lib/gcc/avr/4.7.2/../../../../avr/lib/avrxmega5\libm.a(addsf3x.o) (__fp_inf)
c:/program files (x86)/atmel/atmel toolchain/avr8 gcc/native/3.4.2.1002/avr8-gnu-toolchain/bin/../lib/gcc/avr/4.7.2/../../../../avr/lib/avrxmega5\libm.a(fp_mintl.o)
                              c:/program files (x86)/atmel/atmel toolchain/avr8 gcc/native/3.4.2.1002/avr8-gnu-toolchain/bin/../lib/gcc/avr/4.7.2/../../../../avr/lib/avrxmega5\libm.a(ceil.o) (__fp_mintl)
c:/program files (x86)/atmel/atmel toolchain/avr8 gcc/native/3.4.2.1002/avr8-gnu-toolchain/bin/../lib/gcc/avr/4.7.2/../../../../avr/lib/avrxmega5\libm.a(fp_mpack.o)
                              c:/program files (x86)/atmel/atmel toolchain/avr8 gcc/native/3.4.2.1002/avr8-gnu-toolchain/bin/../lib/gcc/avr/4.7.2/../../../../avr/lib/avrxmega5\libm.a(ceil.o) (__fp_mpack)
c:/program files (x86)/atmel/atmel toolchain/avr8 gcc/native/3.4.2.1002/avr8-gnu-toolchain/bin/../lib/gcc/avr/4.7.2/../../../../avr/lib/avrxmega5\libm.a(fp_nan.o)
                              c:/program files (x86)/atmel/atmel toolchain/avr8 gcc/native/3.4.2.1002/avr8-gnu-toolchain/bin/../lib/gcc/avr/4.7.2/../../../../avr/lib/avrxmega5\libm.a(addsf3x.o) (__fp_nan)
[...]
Memory Configuration

Name             Origin             Length             Attributes
text             0x00000000         0x00100000         xr
data             0x00802000         0x0000ffa0         rw !x
eeprom           0x00810000         0x00010000         rw !x
fuse             0x00820000         0x00000400         rw !x
lock             0x00830000         0x00000400         rw !x
signature        0x00840000         0x00000400         rw !x
user_signatures  0x00850000         0x00000400         rw !x
*default*        0x00000000         0xffffffff

Linker script and memory map

LOAD c:/program files (x86)/atmel/atmel toolchain/avr8 gcc/native/3.4.2.1002/avr8-gnu-toolchain/bin/../lib/gcc/avr/4.7.2/../../../../avr/lib/avrxmega5/crtx64a1.o
LOAD driver/spimaster.o
LOAD driver/twimaster.o
LOAD driver/usart.o
LOAD libs/atmega8.o
LOAD libs/ir.o
LOAD libs/ir_asm.o
LOAD libs/motor.o
LOAD libs/periphery.o
LOAD main.o
LOAD sensor/bno055.o
LOAD sensor/cmps03.o
LOAD sensor/lcd03.o
LOAD sensor/legoIR.o
LOAD sensor/ltc2945.o
LOAD sensor/mpu6050.o
LOAD sensor/pixie.o
LOAD sensor/pulsedlight.o
LOAD sensor/srf08.o
START GROUP
LOAD c:/program files (x86)/atmel/atmel toolchain/avr8 gcc/native/3.4.2.1002/avr8-gnu-toolchain/bin/../lib/gcc/avr/4.7.2/../../../../avr/lib/avrxmega5\libm.a
END GROUP
LOAD c:/program files (x86)/atmel/atmel toolchain/avr8 gcc/native/3.4.2.1002/avr8-gnu-toolchain/bin/../lib/gcc/avr/4.7.2/avrxmega5\libgcc.a
LOAD c:/program files (x86)/atmel/atmel toolchain/avr8 gcc/native/3.4.2.1002/avr8-gnu-toolchain/bin/../lib/gcc/avr/4.7.2/../../../../avr/lib/avrxmega5\libm.a
LOAD c:/program files (x86)/atmel/atmel toolchain/avr8 gcc/native/3.4.2.1002/avr8-gnu-toolchain/bin/../lib/gcc/avr/4.7.2/avrxmega5\libgcc.a
LOAD c:/program files (x86)/atmel/atmel toolchain/avr8 gcc/native/3.4.2.1002/avr8-gnu-toolchain/bin/../lib/gcc/avr/4.7.2/../../../../avr/lib/avrxmega5\libc.a
LOAD c:/program files (x86)/atmel/atmel toolchain/avr8 gcc/native/3.4.2.1002/avr8-gnu-toolchain/bin/../lib/gcc/avr/4.7.2/avrxmega5\libgcc.a

.hash
 *(.hash)

.dynsym
 *(.dynsym)

.dynstr
 *(.dynstr)

.gnu.version
 *(.gnu.version)

.gnu.version_d
 *(.gnu.version_d)

.gnu.version_r
 *(.gnu.version_r)

.rel.init
 *(.rel.init)

.rela.init
 *(.rela.init)

.rel.text
 *(.rel.text)
 *(.rel.text.*)
 *(.rel.gnu.linkonce.t*)

.rela.text
 *(.rela.text)
 *(.rela.text.*)
 *(.rela.gnu.linkonce.t*)

.rel.fini
 *(.rel.fini)

.rela.fini
 *(.rela.fini)

.rel.rodata
 *(.rel.rodata)
 *(.rel.rodata.*)
 *(.rel.gnu.linkonce.r*)

.rela.rodata
 *(.rela.rodata)
 *(.rela.rodata.*)
 *(.rela.gnu.linkonce.r*)

.rel.data
 *(.rel.data)
 *(.rel.data.*)
 *(.rel.gnu.linkonce.d*)

.rela.data
 *(.rela.data)
 *(.rela.data.*)
 *(.rela.gnu.linkonce.d*)

.rel.ctors
 *(.rel.ctors)

.rela.ctors
 *(.rela.ctors)

.rel.dtors
 *(.rel.dtors)

.rela.dtors
 *(.rela.dtors)

.rel.got
 *(.rel.got)

.rela.got
 *(.rela.got)

.rel.bss
 *(.rel.bss)

.rela.bss
 *(.rela.bss)

.rel.plt
 *(.rel.plt)

.rela.plt
 *(.rela.plt)

.text           0x00000000     0x78aa
 *(.vectors)
 .vectors       0x00000000      0x1f4 c:/program files (x86)/atmel/atmel toolchain/avr8 gcc/native/3.4.2.1002/avr8-gnu-toolchain/bin/../lib/gcc/avr/4.7.2/../../../../avr/lib/avrxmega5/crtx64a1.o
                0x00000000                __vector_default
                0x00000000                __vectors
 *(.vectors)
 *(.progmem.gcc*)
 .progmem.gcc_sw_table._Z12debug_outputv
                0x000001f4       0x30 main.o
 .progmem.gcc_fplib
                0x00000224       0x2d c:/program files (x86)/atmel/atmel toolchain/avr8 gcc/native/3.4.2.1002/avr8-gnu-toolchain/bin/../lib/gcc/avr/4.7.2/../../../../avr/lib/avrxmega5\libm.a(atan.o)
 *(.progmem*)
                0x00000252                . = ALIGN (0x2)
 *fill*         0x00000251        0x1 
                0x00000252                __trampolines_start = .
 *(.trampolines)
 .trampolines   0x00000252        0x0 linker stubs
 *(.trampolines*)
                0x00000252                __trampolines_end = .
 *(.jumptables)
 *(.jumptables*)
 *(.lowtext)
 *(.lowtext*)
                0x00000252                __ctors_start = .
 *(.ctors)
 .ctors         0x00000252        0x2 main.o
                0x00000254                __ctors_end = .
                0x00000254                __dtors_start = .
 *(.dtors)
 .dtors         0x00000254        0x2 main.o
                0x00000256                __dtors_end = .
 SORT(*)(.ctors)
 SORT(*)(.dtors)
 *(.init0)
 .init0         0x00000256        0x0 c:/program files (x86)/atmel/atmel toolchain/avr8 gcc/native/3.4.2.1002/avr8-gnu-toolchain/bin/../lib/gcc/avr/4.7.2/../../../../avr/lib/avrxmega5/crtx64a1.o
                0x00000256                __init
 *(.init0)
 *(.init1)
 *(.init1)
 *(.init2)
 .init2         0x00000256       0x14 c:/program files (x86)/atmel/atmel toolchain/avr8 gcc/native/3.4.2.1002/avr8-gnu-toolchain/bin/../lib/gcc/avr/4.7.2/../../../../avr/lib/avrxmega5/crtx64a1.o
 *(.init2)
 *(.init3)
 *(.init3)
 *(.init4)
 .init4         0x0000026a       0x1c c:/program files (x86)/atmel/atmel toolchain/avr8 gcc/native/3.4.2.1002/avr8-gnu-toolchain/bin/../lib/gcc/avr/4.7.2/avrxmega5\libgcc.a(_copy_data.o)
                0x0000026a                __do_copy_data
 .init4         0x00000286       0x10 c:/program files (x86)/atmel/atmel toolchain/avr8 gcc/native/3.4.2.1002/avr8-gnu-toolchain/bin/../lib/gcc/avr/4.7.2/avrxmega5\libgcc.a(_clear_bss.o)
                0x00000286                __do_clear_bss
 *(.init4)
 *(.init5)
 *(.init5)
 *(.init6)
 .init6         0x00000296       0x20 c:/program files (x86)/atmel/atmel toolchain/avr8 gcc/native/3.4.2.1002/avr8-gnu-toolchain/bin/../lib/gcc/avr/4.7.2/avrxmega5\libgcc.a(_ctors.o)
                0x00000296                __do_global_ctors
 *(.init6)
 *(.init7)
 *(.init7)
 *(.init8)
 *(.init8)
 *(.init9)
 .init9         0x000002b6        0x8 c:/program files (x86)/atmel/atmel toolchain/avr8 gcc/native/3.4.2.1002/avr8-gnu-toolchain/bin/../lib/gcc/avr/4.7.2/../../../../avr/lib/avrxmega5/crtx64a1.o
 *(.init9)
 *(.text)
 .text          0x000002be        0x4 c:/program files (x86)/atmel/atmel toolchain/avr8 gcc/native/3.4.2.1002/avr8-gnu-toolchain/bin/../lib/gcc/avr/4.7.2/../../../../avr/lib/avrxmega5/crtx64a1.o
                0x000002be                __vector_38
                0x000002be                __vector_104
                0x000002be                __vector_22
                0x000002be                __vector_63
                0x000002be                __vector_28
                0x000002be                __vector_67
                0x000002be                __vector_119
                0x000002be                __vector_32
                0x000002be                __vector_75
                0x000002be                __vector_91
                0x000002be                __vector_102
                0x000002be                __vector_12
                0x000002be                __vector_55
                0x000002be                __vector_69
                0x000002be                __vector_81
                0x000002be                __vector_90
                0x000002be                __vector_46
                0x000002be                __bad_interrupt
                0x000002be                __vector_122
                0x000002be                __vector_72
                0x000002be                __vector_6
                0x000002be                __vector_110
                0x000002be                __vector_31
                0x000002be                __vector_92
                0x000002be                __vector_78
                0x000002be                __vector_74
                0x000002be                __vector_117
                0x000002be                __vector_3
                0x000002be                __vector_105
                0x000002be                __vector_98
                0x000002be                __vector_23
                0x000002be                __vector_68
                0x000002be                __vector_30
                0x000002be                __vector_73
                0x000002be                __vector_45
                0x000002be                __vector_93
                0x000002be                __vector_11
                0x000002be                __vector_54
                0x000002be                __vector_99
                0x000002be                __vector_13
                0x000002be                __vector_17
                0x000002be                __vector_19
                0x000002be                __vector_56
                0x000002be                __vector_7
                0x000002be                __vector_49
                0x000002be                __vector_41
                0x000002be                __vector_86
                0x000002be                __vector_100
                0x000002be                __vector_101
                0x000002be                __vector_64
                0x000002be                __vector_109
                0x000002be                __vector_27
                0x000002be                __vector_5
                0x000002be                __vector_113
                0x000002be                __vector_33
                0x000002be                __vector_115
                0x000002be                __vector_47
                0x000002be                __vector_52
                0x000002be                __vector_37
                0x000002be                __vector_95
                0x000002be                __vector_103
                0x000002be                __vector_96
                0x000002be                __vector_4
                0x000002be                __vector_82
                0x000002be                __vector_106
                0x000002be                __vector_118
                0x000002be                __vector_51
                0x000002be                __vector_9
                0x000002be                __vector_2
                0x000002be                __vector_21
                0x000002be                __vector_15
                0x000002be                __vector_66
                0x000002be                __vector_36
                0x000002be                __vector_79
                0x000002be                __vector_58
                0x000002be                __vector_70
                0x000002be                __vector_29
                0x000002be                __vector_60
                0x000002be                __vector_121
                0x000002be                __vector_40
                0x000002be                __vector_85
                0x000002be                __vector_94
                0x000002be                __vector_8
                0x000002be                __vector_26
                0x000002be                __vector_48
                0x000002be                __vector_124
                0x000002be                __vector_116
                0x000002be                __vector_112
                0x000002be                __vector_111
                0x000002be                __vector_80
                0x000002be                __vector_14
                0x000002be                __vector_84
                0x000002be                __vector_57
                0x000002be                __vector_53
                0x000002be                __vector_10
                0x000002be                __vector_50
                0x000002be                __vector_16
                0x000002be                __vector_59
                0x000002be                __vector_18
                0x000002be                __vector_97
                0x000002be                __vector_42
                0x000002be                __vector_87
                0x000002be                __vector_65
                0x000002be                __vector_120
                0x000002c2                . = ALIGN (0x2)
 *(.text.*)
 .text.TWI_MasterInit
                0x000002c2       0x22 driver/twimaster.o
                0x000002c2                TWI_MasterInit
 .text.TWI_MasterWriteRead
                0x000002e4       0xbc driver/twimaster.o
                0x000002e4                TWI_MasterWriteRead
 .text.TWI_MasterWriteNull
                0x000003a0       0x5a driver/twimaster.o
                0x000003a0                TWI_MasterWriteNull
 .text.TWI_MasterArbitrationLostBusErrorHandler
                0x000003fa       0x30 driver/twimaster.o
                0x000003fa                TWI_MasterArbitrationLostBusErrorHandler
 .text.TWI_MasterTransactionFinished
                0x0000042a       0x12 driver/twimaster.o
                0x0000042a                TWI_MasterTransactionFinished
 .text.TWI_MasterReadHandler
                0x0000043c       0x76 driver/twimaster.o
                0x0000043c                TWI_MasterReadHandler
 .text.TWI_MasterWriteHandler
                0x000004b2       0x86 driver/twimaster.o
                0x000004b2                TWI_MasterWriteHandler
 .text.TWI_MasterInterruptHandler
                0x00000538       0x30 driver/twimaster.o
                0x00000538                TWI_MasterInterruptHandler
 .text.usart_init
                0x00000568      0x136 driver/usart.o
                0x00000568                usart_init
 .text.usart_putc
                0x0000069e       0x4e driver/usart.o
                0x0000069e                usart_putc
 .text.USART_DataRegEmpty
                0x000006ec       0x42 driver/usart.o
                0x000006ec                USART_DataRegEmpty
 .text.__vector_61
                0x0000072e      0x7fa libs/atmega8.o
                0x0000072e                __vector_61
 .text.__vector_62
                0x00000f28       0x6a libs/atmega8.o
                0x00000f28                __vector_62
 .text._Z12atmega8_initv
                0x00000f92       0x22 libs/atmega8.o
                0x00000f92                _Z12atmega8_initv
 .text._Z19atmega8_kalibrationh
                0x00000fb4       0x3e libs/atmega8.o
                0x00000fb4                _Z19atmega8_kalibrationh
 .text.__vector_71
                0x00000ff2       0xde libs/ir.o
                0x00000ff2                __vector_71
 .text.__vector_39
                0x000010d0       0x1e libs/ir.o
                0x000010d0                __vector_39
 .text._Z8ADC_calli
                0x000010ee       0x12 libs/ir.o
                0x000010ee                _Z8ADC_calli
 .text._Z8ADC_initv
                0x00001100       0x56 libs/ir.o
                0x00001100                _Z8ADC_initv
 .text._Z10MotorPowerhi
                0x00001156       0x92 libs/motor.o
                0x00001156                _Z10MotorPowerhi
 .text._Z13Fahrtrichtungif
                0x000011e8      0x2ba libs/motor.o
                0x000011e8                _Z13Fahrtrichtungif
 .text._Z14FahrtrichtungBif
                0x000014a2      0x318 libs/motor.o
                0x000014a2                _Z14FahrtrichtungBif
 .text._Z16Fahrtrichtung_XYii
                0x000017ba      0x63a libs/motor.o
                0x000017ba                _Z16Fahrtrichtung_XYii
 .text._Z9wdt_delayj
                0x00001df4       0xd0 libs/motor.o
                0x00001df4                _Z9wdt_delayj
 .text._ZN8dribbler5powerEb
                0x00001ec4       0x44 libs/periphery.o
                0x00001ec4                _ZN8dribbler5powerEb
 .text._ZN6schuss4KickEv
                0x00001f08       0x38 libs/periphery.o
                0x00001f08                _ZN6schuss4KickEv
 .text._ZN6schuss7Kick_LPEv
                0x00001f40       0x22 libs/periphery.o
                0x00001f40                _ZN6schuss7Kick_LPEv
 .text._ZN6schuss4tickEv
                0x00001f62       0x6a libs/periphery.o
                0x00001f62                _ZN6schuss4tickEv
 .text._ZN6ballda6updateEv
                0x00001fcc       0xc0 libs/periphery.o
                0x00001fcc                _ZN6ballda6updateEv
 .text._Z41__static_initialization_and_destruction_0ii
                0x0000208c       0xcc main.o
 .text._Z8pixyInitv
                0x00002158       0x22 main.o
                0x00002158                _Z8pixyInitv
 .text.__vector_25
                0x0000217a      0x2a6 main.o
                0x0000217a                __vector_25
 .text.__vector_20
                0x00002420     0x145c main.o
                0x00002420                __vector_20
 .text.__vector_123
                0x0000387c       0x6a main.o
                0x0000387c                __vector_123
 .text.__vector_89
                0x000038e6       0x6a main.o
                0x000038e6                __vector_89
 .text.__vector_88
                0x00003950       0x42 main.o
                0x00003950                __vector_88
 .text.__vector_76
                0x00003992       0x6a main.o
                0x00003992                __vector_76
 .text.__vector_107
                0x000039fc       0x6a main.o
                0x000039fc                __vector_107
 .text.__vector_24
                0x00003a66       0x9e main.o
                0x00003a66                __vector_24
 .text.__vector_77
                0x00003b04       0x56 main.o
                0x00003b04                __vector_77
 .text.__vector_83
                0x00003b5a       0x56 main.o
                0x00003b5a                __vector_83
 .text.__vector_108
                0x00003bb0       0x56 main.o
                0x00003bb0                __vector_108
 .text.__vector_114
                0x00003c06       0x56 main.o
                0x00003c06                __vector_114
 .text.__vector_34
                0x00003c5c       0xbc main.o
                0x00003c5c                __vector_34
 .text.__vector_35
                0x00003d18       0xbc main.o
                0x00003d18                __vector_35
 .text.__vector_43
                0x00003dd4       0xbc main.o
                0x00003dd4                __vector_43
 .text.__vector_44
                0x00003e90       0xbc main.o
                0x00003e90                __vector_44
 .text.__vector_1
                0x00003f4c       0x42 main.o
                0x00003f4c                __vector_1
 .text._Z12debug_outputv
                0x00003f8e      0xeee main.o
                0x00003f8e                _Z12debug_outputv
 .text._Z7spielB1v
                0x00004e7c      0x2f6 main.o
                0x00004e7c                _Z7spielB1v
 .text._Z7spielB2v
                0x00005172      0x4c4 main.o
                0x00005172                _Z7spielB2v
 .text._Z8torwartBv
                0x00005636      0x12a main.o
                0x00005636                _Z8torwartBv
 .text._Z11PIDprogrammv
                0x00005760       0x18 main.o
                0x00005760                _Z11PIDprogrammv
 .text.main     0x00005778      0xc2e main.o
                0x00005778                main
 .text._GLOBAL__sub_I_pixyNoObjectTimer
                0x000063a6        0xe main.o
 .text._GLOBAL__sub_D_pixyNoObjectTimer
                0x000063b4        0xe main.o
 .text._ZN6bno055C2EP10TWI_Masterh
                0x000063c2        0xc sensor/bno055.o
                0x000063c2                _ZN6bno055C2EP10TWI_Masterh
                0x000063c2                _ZN6bno055C1EP10TWI_Masterh
 .text._ZN6bno055D2Ev
                0x000063ce        0x2 sensor/bno055.o
                0x000063ce                _ZN6bno055D1Ev
                0x000063ce                _ZN6bno055D2Ev
 .text._ZN6bno0554initEv
                0x000063d0       0x7a sensor/bno055.o
                0x000063d0                _ZN6bno0554initEv
 .text._ZN6bno0558gyrDataXEv
                0x0000644a       0x9c sensor/bno055.o
                0x0000644a                _ZN6bno0558gyrDataXEv
 .text._ZN6bno0558gyrDataYEv
                0x000064e6       0x9c sensor/bno055.o
                0x000064e6                _ZN6bno0558gyrDataYEv
 .text._ZN6bno0558gyrDataZEv
                0x00006582       0x9c sensor/bno055.o
                0x00006582                _ZN6bno0558gyrDataZEv
 .text._ZN6bno05510eulHeadingEv
                0x0000661e       0xb6 sensor/bno055.o
                0x0000661e                _ZN6bno05510eulHeadingEv
 .text._ZN6bno0557eulRollEv
                0x000066d4       0xb6 sensor/bno055.o
                0x000066d4                _ZN6bno0557eulRollEv
 .text._ZN6bno0558eulPitchEv
                0x0000678a       0xb6 sensor/bno055.o
                0x0000678a                _ZN6bno0558eulPitchEv
 .text._ZN6bno05511calibStatusEv
                0x00006840       0x84 sensor/bno055.o
                0x00006840                _ZN6bno05511calibStatusEv
 .text._ZN6bno05512systemStatusEv
                0x000068c4       0x84 sensor/bno055.o
                0x000068c4                _ZN6bno05512systemStatusEv
 .text._ZN6cmps03C2EP10TWI_Masterh
                0x00006948        0xc sensor/cmps03.o
                0x00006948                _ZN6cmps03C1EP10TWI_Masterh
                0x00006948                _ZN6cmps03C2EP10TWI_Masterh
 .text._ZN6cmps03D2Ev
                0x00006954        0x2 sensor/cmps03.o
                0x00006954                _ZN6cmps03D2Ev
                0x00006954                _ZN6cmps03D1Ev
 .text._ZN5lcd03C2EP10TWI_Masterh
                0x00006956        0xa sensor/lcd03.o
                0x00006956                _ZN5lcd03C1EP10TWI_Masterh
                0x00006956                _ZN5lcd03C2EP10TWI_Masterh
 .text._ZN5lcd03D2Ev
                0x00006960        0x2 sensor/lcd03.o
                0x00006960                _ZN5lcd03D1Ev
                0x00006960                _ZN5lcd03D2Ev
 .text._ZN5lcd037out_strEhhPKc
                0x00006962       0x96 sensor/lcd03.o
                0x00006962                _ZN5lcd037out_strEhhPKc
 .text._ZN5lcd037out_intEhhi
                0x000069f8       0x60 sensor/lcd03.o
                0x000069f8                _ZN5lcd037out_intEhhi
 .text._ZN5lcd035clearEv
                0x00006a58       0x44 sensor/lcd03.o
                0x00006a58                _ZN5lcd035clearEv
 .text._ZN5lcd035lightEh
                0x00006a9c       0x4e sensor/lcd03.o
                0x00006a9c                _ZN5lcd035lightEh
 .text._ZN5lcd0310set_cursorEhh
                0x00006aea       0x4c sensor/lcd03.o
                0x00006aea                _ZN5lcd0310set_cursorEhh
 .text._ZN5lcd0310write_charEc
                0x00006b36       0x44 sensor/lcd03.o
                0x00006b36                _ZN5lcd0310write_charEc
 .text._ZN5lcd038read_keyEv
                0x00006b7a       0x94 sensor/lcd03.o
                0x00006b7a                _ZN5lcd038read_keyEv
 .text._ZN7ltc2945C2EP10TWI_Masterh
                0x00006c0e        0xc sensor/ltc2945.o
                0x00006c0e                _ZN7ltc2945C2EP10TWI_Masterh
                0x00006c0e                _ZN7ltc2945C1EP10TWI_Masterh
 .text._ZN7ltc2945D2Ev
                0x00006c1a        0x2 sensor/ltc2945.o
                0x00006c1a                _ZN7ltc2945D1Ev
                0x00006c1a                _ZN7ltc2945D2Ev
 .text._ZN7ltc294510getVoltageEv
                0x00006c1c       0xc0 sensor/ltc2945.o
                0x00006c1c                _ZN7ltc294510getVoltageEv
 .text._ZN5PixieC2EP10TWI_Masterh
                0x00006cdc        0xa sensor/pixie.o
                0x00006cdc                _ZN5PixieC1EP10TWI_Masterh
                0x00006cdc                _ZN5PixieC2EP10TWI_Masterh
 .text._ZN5PixieD2Ev
                0x00006ce6        0x2 sensor/pixie.o
                0x00006ce6                _ZN5PixieD2Ev
                0x00006ce6                _ZN5PixieD1Ev
 .text._ZN5srf08C2EP10TWI_Masterh
                0x00006ce8        0xc sensor/srf08.o
                0x00006ce8                _ZN5srf08C2EP10TWI_Masterh
                0x00006ce8                _ZN5srf08C1EP10TWI_Masterh
 .text._ZN5srf08D2Ev
                0x00006cf4        0x2 sensor/srf08.o
                0x00006cf4                _ZN5srf08D2Ev
                0x00006cf4                _ZN5srf08D1Ev
 .text._ZN5srf084initEv
                0x00006cf6       0x4c sensor/srf08.o
                0x00006cf6                _ZN5srf084initEv
 .text._ZN5srf085startEv
                0x00006d42       0x44 sensor/srf08.o
                0x00006d42                _ZN5srf085startEv
 .text._ZN5srf0810init_startEv
                0x00006d86       0x16 sensor/srf08.o
                0x00006d86                _ZN5srf0810init_startEv
 .text._ZN5srf084readEv
                0x00006d9c       0x9c sensor/srf08.o
                0x00006d9c                _ZN5srf084readEv
 .text._ZN5srf085readyEv
                0x00006e38       0x42 sensor/srf08.o
                0x00006e38                _ZN5srf085readyEv
 .text.avr-libc.fplib
                0x00006e7a        0xa c:/program files (x86)/atmel/atmel toolchain/avr8 gcc/native/3.4.2.1002/avr8-gnu-toolchain/bin/../lib/gcc/avr/4.7.2/../../../../avr/lib/avrxmega5\libm.a(addsf3.o)
                0x00006e7a                __subsf3
                0x00006e7c                __addsf3
 .text.avr-libc.fplib
                0x00006e84       0xc0 c:/program files (x86)/atmel/atmel toolchain/avr8 gcc/native/3.4.2.1002/avr8-gnu-toolchain/bin/../lib/gcc/avr/4.7.2/../../../../avr/lib/avrxmega5\libm.a(addsf3x.o)
                0x00006e9e                __addsf3x
 .text.avr-libc.fplib
                0x00006f44       0x74 c:/program files (x86)/atmel/atmel toolchain/avr8 gcc/native/3.4.2.1002/avr8-gnu-toolchain/bin/../lib/gcc/avr/4.7.2/../../../../avr/lib/avrxmega5\libm.a(atan2.o)
                0x00006f62                atan2
 .text.avr-libc.fplib
                0x00006fb8       0x50 c:/program files (x86)/atmel/atmel toolchain/avr8 gcc/native/3.4.2.1002/avr8-gnu-toolchain/bin/../lib/gcc/avr/4.7.2/../../../../avr/lib/avrxmega5\libm.a(atan.o)
                0x00006fb8                atan
 .text.avr-libc.fplib
                0x00007008       0x26 c:/program files (x86)/atmel/atmel toolchain/avr8 gcc/native/3.4.2.1002/avr8-gnu-toolchain/bin/../lib/gcc/avr/4.7.2/../../../../avr/lib/avrxmega5\libm.a(ceil.o)
                0x00007008                ceil
 .text.avr-libc.fplib
                0x0000702e        0x8 c:/program files (x86)/atmel/atmel toolchain/avr8 gcc/native/3.4.2.1002/avr8-gnu-toolchain/bin/../lib/gcc/avr/4.7.2/../../../../avr/lib/avrxmega5\libm.a(cmpsf2.o)
                0x0000702e                __nesf2
                0x0000702e                __eqsf2
                0x0000702e                __cmpsf2
                0x0000702e                __ltsf2
                0x0000702e                __lesf2
 .text.avr-libc.fplib
                0x00007036        0x4 c:/program files (x86)/atmel/atmel toolchain/avr8 gcc/native/3.4.2.1002/avr8-gnu-toolchain/bin/../lib/gcc/avr/4.7.2/../../../../avr/lib/avrxmega5\libm.a(divsf3.o)
                0x00007036                __divsf3
 .text.avr-libc.fplib
                0x0000703a       0xcc c:/program files (x86)/atmel/atmel toolchain/avr8 gcc/native/3.4.2.1002/avr8-gnu-toolchain/bin/../lib/gcc/avr/4.7.2/../../../../avr/lib/avrxmega5\libm.a(divsf3x.o)
                0x00007050                __divsf3x
                0x00007054                __divsf3_pse
 .text.avr-libc.fplib
                0x00007106        0xa c:/program files (x86)/atmel/atmel toolchain/avr8 gcc/native/3.4.2.1002/avr8-gnu-toolchain/bin/../lib/gcc/avr/4.7.2/../../../../avr/lib/avrxmega5\libm.a(fixsfsi.o)
                0x00007106                __fixsfsi
 .text.avr-libc.fplib
                0x00007110       0x58 c:/program files (x86)/atmel/atmel toolchain/avr8 gcc/native/3.4.2.1002/avr8-gnu-toolchain/bin/../lib/gcc/avr/4.7.2/../../../../avr/lib/avrxmega5\libm.a(fixunssfsi.o)
                0x00007110                __fixunssfsi
 .text.avr-libc.fplib
                0x00007168       0x7a c:/program files (x86)/atmel/atmel toolchain/avr8 gcc/native/3.4.2.1002/avr8-gnu-toolchain/bin/../lib/gcc/avr/4.7.2/../../../../avr/lib/avrxmega5\libm.a(floatsisf.o)
                0x00007168                __floatunsisf
                0x0000716c                __floatsisf
 .text.avr-libc.fplib
                0x000071e2       0x26 c:/program files (x86)/atmel/atmel toolchain/avr8 gcc/native/3.4.2.1002/avr8-gnu-toolchain/bin/../lib/gcc/avr/4.7.2/../../../../avr/lib/avrxmega5\libm.a(floor.o)
                0x000071e2                floor
 .text.avr-libc.fplib
                0x00007208       0x48 c:/program files (x86)/atmel/atmel toolchain/avr8 gcc/native/3.4.2.1002/avr8-gnu-toolchain/bin/../lib/gcc/avr/4.7.2/../../../../avr/lib/avrxmega5\libm.a(fp_cmp.o)
                0x00007208                __fp_cmp
 .text.avr-libc.fplib
                0x00007250        0xc c:/program files (x86)/atmel/atmel toolchain/avr8 gcc/native/3.4.2.1002/avr8-gnu-toolchain/bin/../lib/gcc/avr/4.7.2/../../../../avr/lib/avrxmega5\libm.a(fp_inf.o)
                0x00007250                __fp_inf
 .text.avr-libc.fplib
                0x0000725c       0x36 c:/program files (x86)/atmel/atmel toolchain/avr8 gcc/native/3.4.2.1002/avr8-gnu-toolchain/bin/../lib/gcc/avr/4.7.2/../../../../avr/lib/avrxmega5\libm.a(fp_mintl.o)
                0x0000725c                __fp_mintl
 .text.avr-libc.fplib
                0x00007292       0x1c c:/program files (x86)/atmel/atmel toolchain/avr8 gcc/native/3.4.2.1002/avr8-gnu-toolchain/bin/../lib/gcc/avr/4.7.2/../../../../avr/lib/avrxmega5\libm.a(fp_mpack.o)
                0x00007292                __fp_mpack
                0x00007296                __fp_mpack_finite
 .text.avr-libc.fplib
                0x000072ae        0x6 c:/program files (x86)/atmel/atmel toolchain/avr8 gcc/native/3.4.2.1002/avr8-gnu-toolchain/bin/../lib/gcc/avr/4.7.2/../../../../avr/lib/avrxmega5\libm.a(fp_nan.o)
                0x000072ae                __fp_nan
 .text.avr-libc.fplib
                0x000072b4       0x4a c:/program files (x86)/atmel/atmel toolchain/avr8 gcc/native/3.4.2.1002/avr8-gnu-toolchain/bin/../lib/gcc/avr/4.7.2/../../../../avr/lib/avrxmega5\libm.a(fp_powser.o)
                0x000072b4                __fp_powser
 .text.avr-libc.fplib
                0x000072fe        0xe c:/program files (x86)/atmel/atmel toolchain/avr8 gcc/native/3.4.2.1002/avr8-gnu-toolchain/bin/../lib/gcc/avr/4.7.2/../../../../avr/lib/avrxmega5\libm.a(fp_pscA.o)
                0x000072fe                __fp_pscA
 .text.avr-libc.fplib
                0x0000730c        0xe c:/program files (x86)/atmel/atmel toolchain/avr8 gcc/native/3.4.2.1002/avr8-gnu-toolchain/bin/../lib/gcc/avr/4.7.2/../../../../avr/lib/avrxmega5\libm.a(fp_pscB.o)
                0x0000730c                __fp_pscB
 .text.avr-libc.fplib
                0x0000731a       0x22 c:/program files (x86)/atmel/atmel toolchain/avr8 gcc/native/3.4.2.1002/avr8-gnu-toolchain/bin/../lib/gcc/avr/4.7.2/../../../../avr/lib/avrxmega5\libm.a(fp_round.o)
                0x0000731a                __fp_round
 .text.avr-libc.fplib
                0x0000733c       0x44 c:/program files (x86)/atmel/atmel toolchain/avr8 gcc/native/3.4.2.1002/avr8-gnu-toolchain/bin/../lib/gcc/avr/4.7.2/../../../../avr/lib/avrxmega5\libm.a(fp_split3.o)
                0x0000733c                __fp_split3
                0x0000734c                __fp_splitA
 .text.avr-libc.fplib
                0x00007380       0x2e c:/program files (x86)/atmel/atmel toolchain/avr8 gcc/native/3.4.2.1002/avr8-gnu-toolchain/bin/../lib/gcc/avr/4.7.2/../../../../avr/lib/avrxmega5\libm.a(fp_trunc.o)
                0x00007380                __fp_trunc
 .text.avr-libc.fplib
                0x000073ae        0xe c:/program files (x86)/atmel/atmel toolchain/avr8 gcc/native/3.4.2.1002/avr8-gnu-toolchain/bin/../lib/gcc/avr/4.7.2/../../../../avr/lib/avrxmega5\libm.a(fp_zero.o)
                0x000073ae                __fp_zero
                0x000073b0                __fp_szero
 .text.avr-libc.fplib
                0x000073bc        0x8 c:/program files (x86)/atmel/atmel toolchain/avr8 gcc/native/3.4.2.1002/avr8-gnu-toolchain/bin/../lib/gcc/avr/4.7.2/../../../../avr/lib/avrxmega5\libm.a(gesf2.o)
                0x000073bc                __gesf2
                0x000073bc                __gtsf2
 .text.avr-libc.fplib
                0x000073c4       0xc2 c:/program files (x86)/atmel/atmel toolchain/avr8 gcc/native/3.4.2.1002/avr8-gnu-toolchain/bin/../lib/gcc/avr/4.7.2/../../../../avr/lib/avrxmega5\libm.a(hypot.o)
                0x000073d6                hypot
 .text.avr-libc.fplib
                0x00007486        0xe c:/program files (x86)/atmel/atmel toolchain/avr8 gcc/native/3.4.2.1002/avr8-gnu-toolchain/bin/../lib/gcc/avr/4.7.2/../../../../avr/lib/avrxmega5\libm.a(inverse.o)
                0x00007486                inverse
 .text.avr-libc.fplib
                0x00007494       0x6c c:/program files (x86)/atmel/atmel toolchain/avr8 gcc/native/3.4.2.1002/avr8-gnu-toolchain/bin/../lib/gcc/avr/4.7.2/../../../../avr/lib/avrxmega5\libm.a(ldexp.o)
                0x00007498                ldexp
 .text.avr-libc.fplib
                0x00007500        0x4 c:/program files (x86)/atmel/atmel toolchain/avr8 gcc/native/3.4.2.1002/avr8-gnu-toolchain/bin/../lib/gcc/avr/4.7.2/../../../../avr/lib/avrxmega5\libm.a(mulsf3.o)
                0x00007500                __mulsf3
 .text.avr-libc.fplib
                0x00007504       0xc2 c:/program files (x86)/atmel/atmel toolchain/avr8 gcc/native/3.4.2.1002/avr8-gnu-toolchain/bin/../lib/gcc/avr/4.7.2/../../../../avr/lib/avrxmega5\libm.a(mulsf3x.o)
                0x00007518                __mulsf3x
                0x0000751c                __mulsf3_pse
 .text.avr-libc.fplib
                0x000075c6       0x40 c:/program files (x86)/atmel/atmel toolchain/avr8 gcc/native/3.4.2.1002/avr8-gnu-toolchain/bin/../lib/gcc/avr/4.7.2/../../../../avr/lib/avrxmega5\libm.a(round.o)
                0x000075c6                round
 .text.avr-libc.fplib
                0x00007606       0x84 c:/program files (x86)/atmel/atmel toolchain/avr8 gcc/native/3.4.2.1002/avr8-gnu-toolchain/bin/../lib/gcc/avr/4.7.2/../../../../avr/lib/avrxmega5\libm.a(sqrt.o)
                0x0000760e                sqrt
 .text.avr-libc.fplib
                0x0000768a        0x6 c:/program files (x86)/atmel/atmel toolchain/avr8 gcc/native/3.4.2.1002/avr8-gnu-toolchain/bin/../lib/gcc/avr/4.7.2/../../../../avr/lib/avrxmega5\libm.a(square.o)
                0x0000768a                square
 .text.avr-libc.fplib
                0x00007690        0xe c:/program files (x86)/atmel/atmel toolchain/avr8 gcc/native/3.4.2.1002/avr8-gnu-toolchain/bin/../lib/gcc/avr/4.7.2/../../../../avr/lib/avrxmega5\libm.a(fp_norm2.o)
                0x00007690                __fp_norm2
 .text.libgcc.div
                0x0000769e       0x28 c:/program files (x86)/atmel/atmel toolchain/avr8 gcc/native/3.4.2.1002/avr8-gnu-toolchain/bin/../lib/gcc/avr/4.7.2/avrxmega5\libgcc.a(_divmodhi4.o)
                0x0000769e                _div
                0x0000769e                __divmodhi4
 .text.libgcc.div
                0x000076c6       0x38 c:/program files (x86)/atmel/atmel toolchain/avr8 gcc/native/3.4.2.1002/avr8-gnu-toolchain/bin/../lib/gcc/avr/4.7.2/avrxmega5\libgcc.a(_divmodsi4.o)
                0x000076c6                __divmodsi4
 .text.libgcc   0x000076fe        0xc c:/program files (x86)/atmel/atmel toolchain/avr8 gcc/native/3.4.2.1002/avr8-gnu-toolchain/bin/../lib/gcc/avr/4.7.2/avrxmega5\libgcc.a(_tablejump.o)
                0x000076fe                __tablejump2__
                0x00007702                __tablejump__
 .text.libgcc.mul
                0x0000770a       0x18 c:/program files (x86)/atmel/atmel toolchain/avr8 gcc/native/3.4.2.1002/avr8-gnu-toolchain/bin/../lib/gcc/avr/4.7.2/avrxmega5\libgcc.a(_umulhisi3.o)
                0x0000770a                __umulhisi3
 .text.libgcc   0x00007722        0xa c:/program files (x86)/atmel/atmel toolchain/avr8 gcc/native/3.4.2.1002/avr8-gnu-toolchain/bin/../lib/gcc/avr/4.7.2/avrxmega5\libgcc.a(_tablejump_elpm.o)
                0x00007722                __tablejump_elpm__
 .text.libgcc.div
                0x0000772c       0x28 c:/program files (x86)/atmel/atmel toolchain/avr8 gcc/native/3.4.2.1002/avr8-gnu-toolchain/bin/../lib/gcc/avr/4.7.2/avrxmega5\libgcc.a(_udivmodhi4.o)
                0x0000772c                __udivmodhi4
 .text.libgcc.div
                0x00007754       0x44 c:/program files (x86)/atmel/atmel toolchain/avr8 gcc/native/3.4.2.1002/avr8-gnu-toolchain/bin/../lib/gcc/avr/4.7.2/avrxmega5\libgcc.a(_udivmodsi4.o)
                0x00007754                __udivmodsi4
 .text.avr-libc
                0x00007798       0x12 c:/program files (x86)/atmel/atmel toolchain/avr8 gcc/native/3.4.2.1002/avr8-gnu-toolchain/bin/../lib/gcc/avr/4.7.2/../../../../avr/lib/avrxmega5\libc.a(memcpy.o)
                0x00007798                memcpy
 .text.avr-libc
                0x000077aa       0x42 c:/program files (x86)/atmel/atmel toolchain/avr8 gcc/native/3.4.2.1002/avr8-gnu-toolchain/bin/../lib/gcc/avr/4.7.2/../../../../avr/lib/avrxmega5\libc.a(itoa.o)
                0x000077aa                itoa
 .text.avr-libc
                0x000077ec        0xa c:/program files (x86)/atmel/atmel toolchain/avr8 gcc/native/3.4.2.1002/avr8-gnu-toolchain/bin/../lib/gcc/avr/4.7.2/../../../../avr/lib/avrxmega5\libc.a(eerd_word_atxmega64a1.o)
                0x000077ec                __eerd_word_x64a1
 .text.avr-libc
                0x000077f6        0xa c:/program files (x86)/atmel/atmel toolchain/avr8 gcc/native/3.4.2.1002/avr8-gnu-toolchain/bin/../lib/gcc/avr/4.7.2/../../../../avr/lib/avrxmega5\libc.a(eewr_word_atxmega64a1.o)
                0x000077f6                __eewr_word_x64a1
 .text.avr-libc
                0x00007800       0x20 c:/program files (x86)/atmel/atmel toolchain/avr8 gcc/native/3.4.2.1002/avr8-gnu-toolchain/bin/../lib/gcc/avr/4.7.2/../../../../avr/lib/avrxmega5\libc.a(eerd_byte_atxmega64a1u.o)
                0x00007800                __eerd_byte_x64a1u
                0x00007808                eeprom_mapen
 .text.avr-libc
                0x00007820       0x20 c:/program files (x86)/atmel/atmel toolchain/avr8 gcc/native/3.4.2.1002/avr8-gnu-toolchain/bin/../lib/gcc/avr/4.7.2/../../../../avr/lib/avrxmega5\libc.a(strrev.o)
                0x00007820                strrev
 .text.avr-libc
                0x00007840       0x46 c:/program files (x86)/atmel/atmel toolchain/avr8 gcc/native/3.4.2.1002/avr8-gnu-toolchain/bin/../lib/gcc/avr/4.7.2/../../../../avr/lib/avrxmega5\libc.a(eewr_byte_atxmega64a1.o)
                0x00007840                __eewr_byte_x64a1
                0x00007842                __eewr_r18_x64a1
                0x00007886                . = ALIGN (0x2)
 *(.fini9)
 .fini9         0x00007886        0x0 c:/program files (x86)/atmel/atmel toolchain/avr8 gcc/native/3.4.2.1002/avr8-gnu-toolchain/bin/../lib/gcc/avr/4.7.2/avrxmega5\libgcc.a(_exit.o)
                0x00007886                _exit
                0x00007886                exit
 *(.fini9)
 *(.fini8)
 *(.fini8)
 *(.fini7)
 *(.fini7)
 *(.fini6)
 .fini6         0x00007886       0x20 c:/program files (x86)/atmel/atmel toolchain/avr8 gcc/native/3.4.2.1002/avr8-gnu-toolchain/bin/../lib/gcc/avr/4.7.2/avrxmega5\libgcc.a(_dtors.o)
                0x00007886                __do_global_dtors
 *(.fini6)
 *(.fini5)
 *(.fini5)
 *(.fini4)
 *(.fini4)
 *(.fini3)
 *(.fini3)
 *(.fini2)
 *(.fini2)
 *(.fini1)
 *(.fini1)
 *(.fini0)
 .fini0         0x000078a6        0x4 c:/program files (x86)/atmel/atmel toolchain/avr8 gcc/native/3.4.2.1002/avr8-gnu-toolchain/bin/../lib/gcc/avr/4.7.2/avrxmega5\libgcc.a(_exit.o)
 *(.fini0)
                0x000078aa                _etext = .

.data           0x00802000      0x4f8 load address 0x000078aa
                0x00802000                PROVIDE (__data_start, .)
 *(.data)
 .data          0x00802000        0x0 c:/program files (x86)/atmel/atmel toolchain/avr8 gcc/native/3.4.2.1002/avr8-gnu-toolchain/bin/../lib/gcc/avr/4.7.2/../../../../avr/lib/avrxmega5/crtx64a1.o
 .data          0x00802000        0x0 driver/spimaster.o
 .data          0x00802000        0x0 driver/twimaster.o
 .data          0x00802000        0x0 driver/usart.o
 .data          0x00802000        0x0 libs/atmega8.o
 .data          0x00802000        0x0 libs/ir.o
 .data          0x00802000        0x0 libs/ir_asm.o
 .data          0x00802000        0x0 libs/motor.o
 .data          0x00802000        0x0 libs/periphery.o
 .data          0x00802000        0x0 main.o
 .data          0x00802000        0x0 sensor/bno055.o
 .data          0x00802000        0x0 sensor/cmps03.o
 .data          0x00802000        0x0 sensor/lcd03.o
 .data          0x00802000        0x0 sensor/legoIR.o
 .data          0x00802000        0x0 sensor/ltc2945.o
 .data          0x00802000        0x0 sensor/mpu6050.o
 .data          0x00802000        0x0 sensor/pixie.o
 .data          0x00802000        0x0 sensor/pulsedlight.o
 .data          0x00802000        0x0 sensor/srf08.o
 .data          0x00802000        0x0 c:/program files (x86)/atmel/atmel toolchain/avr8 gcc/native/3.4.2.1002/avr8-gnu-toolchain/bin/../lib/gcc/avr/4.7.2/../../../../avr/lib/avrxmega5\libm.a(addsf3.o)
 .data          0x00802000        0x0 c:/program files (x86)/atmel/atmel toolchain/avr8 gcc/native/3.4.2.1002/avr8-gnu-toolchain/bin/../lib/gcc/avr/4.7.2/../../../../avr/lib/avrxmega5\libm.a(addsf3x.o)
 .data          0x00802000        0x0 c:/program files (x86)/atmel/atmel toolchain/avr8 gcc/native/3.4.2.1002/avr8-gnu-toolchain/bin/../lib/gcc/avr/4.7.2/../../../../avr/lib/avrxmega5\libm.a(atan2.o)
 .data          0x00802000        0x0 c:/program files (x86)/atmel/atmel toolchain/avr8 gcc/native/3.4.2.1002/avr8-gnu-toolchain/bin/../lib/gcc/avr/4.7.2/../../../../avr/lib/avrxmega5\libm.a(atan.o)
 .data          0x00802000        0x0 c:/program files (x86)/atmel/atmel toolchain/avr8 gcc/native/3.4.2.1002/avr8-gnu-toolchain/bin/../lib/gcc/avr/4.7.2/../../../../avr/lib/avrxmega5\libm.a(ceil.o)
 .data          0x00802000        0x0 c:/program files (x86)/atmel/atmel toolchain/avr8 gcc/native/3.4.2.1002/avr8-gnu-toolchain/bin/../lib/gcc/avr/4.7.2/../../../../avr/lib/avrxmega5\libm.a(cmpsf2.o)
 .data          0x00802000        0x0 c:/program files (x86)/atmel/atmel toolchain/avr8 gcc/native/3.4.2.1002/avr8-gnu-toolchain/bin/../lib/gcc/avr/4.7.2/../../../../avr/lib/avrxmega5\libm.a(divsf3.o)
 .data          0x00802000        0x0 c:/program files (x86)/atmel/atmel toolchain/avr8 gcc/native/3.4.2.1002/avr8-gnu-toolchain/bin/../lib/gcc/avr/4.7.2/../../../../avr/lib/avrxmega5\libm.a(divsf3x.o)
 .data          0x00802000        0x0 c:/program files (x86)/atmel/atmel toolchain/avr8 gcc/native/3.4.2.1002/avr8-gnu-toolchain/bin/../lib/gcc/avr/4.7.2/../../../../avr/lib/avrxmega5\libm.a(fixsfsi.o)
 .data          0x00802000        0x0 c:/program files (x86)/atmel/atmel toolchain/avr8 gcc/native/3.4.2.1002/avr8-gnu-toolchain/bin/../lib/gcc/avr/4.7.2/../../../../avr/lib/avrxmega5\libm.a(fixunssfsi.o)
 .data          0x00802000        0x0 c:/program files (x86)/atmel/atmel toolchain/avr8 gcc/native/3.4.2.1002/avr8-gnu-toolchain/bin/../lib/gcc/avr/4.7.2/../../../../avr/lib/avrxmega5\libm.a(floatsisf.o)
 .data          0x00802000        0x0 c:/program files (x86)/atmel/atmel toolchain/avr8 gcc/native/3.4.2.1002/avr8-gnu-toolchain/bin/../lib/gcc/avr/4.7.2/../../../../avr/lib/avrxmega5\libm.a(floor.o)
 .data          0x00802000        0x0 c:/program files (x86)/atmel/atmel toolchain/avr8 gcc/native/3.4.2.1002/avr8-gnu-toolchain/bin/../lib/gcc/avr/4.7.2/../../../../avr/lib/avrxmega5\libm.a(fp_cmp.o)
 .data          0x00802000        0x0 c:/program files (x86)/atmel/atmel toolchain/avr8 gcc/native/3.4.2.1002/avr8-gnu-toolchain/bin/../lib/gcc/avr/4.7.2/../../../../avr/lib/avrxmega5\libm.a(fp_inf.o)
 .data          0x00802000        0x0 c:/program files (x86)/atmel/atmel toolchain/avr8 gcc/native/3.4.2.1002/avr8-gnu-toolchain/bin/../lib/gcc/avr/4.7.2/../../../../avr/lib/avrxmega5\libm.a(fp_mintl.o)
 .data          0x00802000        0x0 c:/program files (x86)/atmel/atmel toolchain/avr8 gcc/native/3.4.2.1002/avr8-gnu-toolchain/bin/../lib/gcc/avr/4.7.2/../../../../avr/lib/avrxmega5\libm.a(fp_mpack.o)
 .data          0x00802000        0x0 c:/program files (x86)/atmel/atmel toolchain/avr8 gcc/native/3.4.2.1002/avr8-gnu-toolchain/bin/../lib/gcc/avr/4.7.2/../../../../avr/lib/avrxmega5\libm.a(fp_nan.o)
 .data          0x00802000        0x0 c:/program files (x86)/atmel/atmel toolchain/avr8 gcc/native/3.4.2.1002/avr8-gnu-toolchain/bin/../lib/gcc/avr/4.7.2/../../../../avr/lib/avrxmega5\libm.a(fp_powser.o)
 .data          0x00802000        0x0 c:/program files (x86)/atmel/atmel toolchain/avr8 gcc/native/3.4.2.1002/avr8-gnu-toolchain/bin/../lib/gcc/avr/4.7.2/../../../../avr/lib/avrxmega5\libm.a(fp_pscA.o)
 .data          0x00802000        0x0 c:/program files (x86)/atmel/atmel toolchain/avr8 gcc/native/3.4.2.1002/avr8-gnu-toolchain/bin/../lib/gcc/avr/4.7.2/../../../../avr/lib/avrxmega5\libm.a(fp_pscB.o)
 .data          0x00802000        0x0 c:/program files (x86)/atmel/atmel toolchain/avr8 gcc/native/3.4.2.1002/avr8-gnu-toolchain/bin/../lib/gcc/avr/4.7.2/../../../../avr/lib/avrxmega5\libm.a(fp_round.o)
 .data          0x00802000        0x0 c:/program files (x86)/atmel/atmel toolchain/avr8 gcc/native/3.4.2.1002/avr8-gnu-toolchain/bin/../lib/gcc/avr/4.7.2/../../../../avr/lib/avrxmega5\libm.a(fp_split3.o)
 .data          0x00802000        0x0 c:/program files (x86)/atmel/atmel toolchain/avr8 gcc/native/3.4.2.1002/avr8-gnu-toolchain/bin/../lib/gcc/avr/4.7.2/../../../../avr/lib/avrxmega5\libm.a(fp_trunc.o)
 .data          0x00802000        0x0 c:/program files (x86)/atmel/atmel toolchain/avr8 gcc/native/3.4.2.1002/avr8-gnu-toolchain/bin/../lib/gcc/avr/4.7.2/../../../../avr/lib/avrxmega5\libm.a(fp_zero.o)
 .data          0x00802000        0x0 c:/program files (x86)/atmel/atmel toolchain/avr8 gcc/native/3.4.2.1002/avr8-gnu-toolchain/bin/../lib/gcc/avr/4.7.2/../../../../avr/lib/avrxmega5\libm.a(gesf2.o)
 .data          0x00802000        0x0 c:/program files (x86)/atmel/atmel toolchain/avr8 gcc/native/3.4.2.1002/avr8-gnu-toolchain/bin/../lib/gcc/avr/4.7.2/../../../../avr/lib/avrxmega5\libm.a(hypot.o)
 .data          0x00802000        0x0 c:/program files (x86)/atmel/atmel toolchain/avr8 gcc/native/3.4.2.1002/avr8-gnu-toolchain/bin/../lib/gcc/avr/4.7.2/../../../../avr/lib/avrxmega5\libm.a(inverse.o)
 .data          0x00802000        0x0 c:/program files (x86)/atmel/atmel toolchain/avr8 gcc/native/3.4.2.1002/avr8-gnu-toolchain/bin/../lib/gcc/avr/4.7.2/../../../../avr/lib/avrxmega5\libm.a(ldexp.o)
 .data          0x00802000        0x0 c:/program files (x86)/atmel/atmel toolchain/avr8 gcc/native/3.4.2.1002/avr8-gnu-toolchain/bin/../lib/gcc/avr/4.7.2/../../../../avr/lib/avrxmega5\libm.a(mulsf3.o)
 .data          0x00802000        0x0 c:/program files (x86)/atmel/atmel toolchain/avr8 gcc/native/3.4.2.1002/avr8-gnu-toolchain/bin/../lib/gcc/avr/4.7.2/../../../../avr/lib/avrxmega5\libm.a(mulsf3x.o)
 .data          0x00802000        0x0 c:/program files (x86)/atmel/atmel toolchain/avr8 gcc/native/3.4.2.1002/avr8-gnu-toolchain/bin/../lib/gcc/avr/4.7.2/../../../../avr/lib/avrxmega5\libm.a(round.o)
 .data          0x00802000        0x0 c:/program files (x86)/atmel/atmel toolchain/avr8 gcc/native/3.4.2.1002/avr8-gnu-toolchain/bin/../lib/gcc/avr/4.7.2/../../../../avr/lib/avrxmega5\libm.a(sqrt.o)
 .data          0x00802000        0x0 c:/program files (x86)/atmel/atmel toolchain/avr8 gcc/native/3.4.2.1002/avr8-gnu-toolchain/bin/../lib/gcc/avr/4.7.2/../../../../avr/lib/avrxmega5\libm.a(square.o)
 .data          0x00802000        0x0 c:/program files (x86)/atmel/atmel toolchain/avr8 gcc/native/3.4.2.1002/avr8-gnu-toolchain/bin/../lib/gcc/avr/4.7.2/../../../../avr/lib/avrxmega5\libm.a(fp_norm2.o)
 .data          0x00802000        0x0 c:/program files (x86)/atmel/atmel toolchain/avr8 gcc/native/3.4.2.1002/avr8-gnu-toolchain/bin/../lib/gcc/avr/4.7.2/avrxmega5\libgcc.a(_divmodhi4.o)
 .data          0x00802000        0x0 c:/program files (x86)/atmel/atmel toolchain/avr8 gcc/native/3.4.2.1002/avr8-gnu-toolchain/bin/../lib/gcc/avr/4.7.2/avrxmega5\libgcc.a(_divmodsi4.o)
 .data          0x00802000        0x0 c:/program files (x86)/atmel/atmel toolchain/avr8 gcc/native/3.4.2.1002/avr8-gnu-toolchain/bin/../lib/gcc/avr/4.7.2/avrxmega5\libgcc.a(_exit.o)
 .data          0x00802000        0x0 c:/program files (x86)/atmel/atmel toolchain/avr8 gcc/native/3.4.2.1002/avr8-gnu-toolchain/bin/../lib/gcc/avr/4.7.2/avrxmega5\libgcc.a(_tablejump.o)
 .data          0x00802000        0x0 c:/program files (x86)/atmel/atmel toolchain/avr8 gcc/native/3.4.2.1002/avr8-gnu-toolchain/bin/../lib/gcc/avr/4.7.2/avrxmega5\libgcc.a(_copy_data.o)
 .data          0x00802000        0x0 c:/program files (x86)/atmel/atmel toolchain/avr8 gcc/native/3.4.2.1002/avr8-gnu-toolchain/bin/../lib/gcc/avr/4.7.2/avrxmega5\libgcc.a(_clear_bss.o)
 .data          0x00802000        0x0 c:/program files (x86)/atmel/atmel toolchain/avr8 gcc/native/3.4.2.1002/avr8-gnu-toolchain/bin/../lib/gcc/avr/4.7.2/avrxmega5\libgcc.a(_ctors.o)
 .data          0x00802000        0x0 c:/program files (x86)/atmel/atmel toolchain/avr8 gcc/native/3.4.2.1002/avr8-gnu-toolchain/bin/../lib/gcc/avr/4.7.2/avrxmega5\libgcc.a(_dtors.o)
 .data          0x00802000        0x0 c:/program files (x86)/atmel/atmel toolchain/avr8 gcc/native/3.4.2.1002/avr8-gnu-toolchain/bin/../lib/gcc/avr/4.7.2/avrxmega5\libgcc.a(_umulhisi3.o)
 .data          0x00802000        0x0 c:/program files (x86)/atmel/atmel toolchain/avr8 gcc/native/3.4.2.1002/avr8-gnu-toolchain/bin/../lib/gcc/avr/4.7.2/avrxmega5\libgcc.a(_tablejump_elpm.o)
 .data          0x00802000        0x0 c:/program files (x86)/atmel/atmel toolchain/avr8 gcc/native/3.4.2.1002/avr8-gnu-toolchain/bin/../lib/gcc/avr/4.7.2/avrxmega5\libgcc.a(_udivmodhi4.o)
 .data          0x00802000        0x0 c:/program files (x86)/atmel/atmel toolchain/avr8 gcc/native/3.4.2.1002/avr8-gnu-toolchain/bin/../lib/gcc/avr/4.7.2/avrxmega5\libgcc.a(_udivmodsi4.o)
 .data          0x00802000        0x0 c:/program files (x86)/atmel/atmel toolchain/avr8 gcc/native/3.4.2.1002/avr8-gnu-toolchain/bin/../lib/gcc/avr/4.7.2/../../../../avr/lib/avrxmega5\libc.a(memcpy.o)
 .data          0x00802000        0x0 c:/program files (x86)/atmel/atmel toolchain/avr8 gcc/native/3.4.2.1002/avr8-gnu-toolchain/bin/../lib/gcc/avr/4.7.2/../../../../avr/lib/avrxmega5\libc.a(itoa.o)
 .data          0x00802000        0x0 c:/program files (x86)/atmel/atmel toolchain/avr8 gcc/native/3.4.2.1002/avr8-gnu-toolchain/bin/../lib/gcc/avr/4.7.2/../../../../avr/lib/avrxmega5\libc.a(eerd_word_atxmega64a1.o)
 .data          0x00802000        0x0 c:/program files (x86)/atmel/atmel toolchain/avr8 gcc/native/3.4.2.1002/avr8-gnu-toolchain/bin/../lib/gcc/avr/4.7.2/../../../../avr/lib/avrxmega5\libc.a(eewr_word_atxmega64a1.o)
 .data          0x00802000        0x0 c:/program files (x86)/atmel/atmel toolchain/avr8 gcc/native/3.4.2.1002/avr8-gnu-toolchain/bin/../lib/gcc/avr/4.7.2/../../../../avr/lib/avrxmega5\libc.a(eerd_byte_atxmega64a1u.o)
 .data          0x00802000        0x0 c:/program files (x86)/atmel/atmel toolchain/avr8 gcc/native/3.4.2.1002/avr8-gnu-toolchain/bin/../lib/gcc/avr/4.7.2/../../../../avr/lib/avrxmega5\libc.a(strrev.o)
 .data          0x00802000        0x0 c:/program files (x86)/atmel/atmel toolchain/avr8 gcc/native/3.4.2.1002/avr8-gnu-toolchain/bin/../lib/gcc/avr/4.7.2/../../../../avr/lib/avrxmega5\libc.a(eewr_byte_atxmega64a1.o)
 *(.data*)
 .data.lEcke    0x00802000        0x1 libs/atmega8.o
                0x00802000                lEcke
 .data.lRichtung
                0x00802001        0x1 libs/atmega8.o
                0x00802001                lRichtung
 .data.preRichtung
                0x00802002        0x1 libs/atmega8.o
                0x00802002                preRichtung
 .data._ZZ16Fahrtrichtung_XYiiE11delta_X_alt
                0x00802003        0x2 libs/motor.o
 .data._ZZ16Fahrtrichtung_XYiiE11delta_Y_alt
                0x00802005        0x2 libs/motor.o
 .data._ZN6schuss9schuss_OKE
                0x00802007        0x1 libs/periphery.o
                0x00802007                _ZN6schuss9schuss_OKE
 .data._ZN8dribbler8nachlaufE
                0x00802008        0x1 libs/periphery.o
                0x00802008                _ZN8dribbler8nachlaufE
 .data.Sinus    0x00802009      0x16c main.o
                0x00802009                Sinus
 .data.US_tw_pos
                0x00802175        0x4 main.o
                0x00802175                US_tw_pos
 .data.US_links_last
                0x00802179        0x6 main.o
                0x00802179                US_links_last
 .data.US_rechts_last
                0x0080217f        0x6 main.o
                0x0080217f                US_rechts_last
 .data.ADC_Offset_1
                0x00802185       0x10 main.o
                0x00802185                ADC_Offset_1
 .data.ADC_Offset_0
                0x00802195       0x10 main.o
                0x00802195                ADC_Offset_0
 .data.EEPROM_write
                0x008021a5        0x1 main.o
                0x008021a5                EEPROM_write
 *(.rodata)
 .rodata        0x008021a6       0x30 libs/motor.o
 *(.rodata*)
 .rodata.str1.1
                0x008021d6      0x312 main.o
                                0x31d (size before relaxing)
 .rodata._ZL10ADC_Winkel
                0x008024e8       0x10 main.o
 *(.gnu.linkonce.d*)
                0x008024f8                . = ALIGN (0x2)
                0x008024f8                _edata = .
                0x008024f8                PROVIDE (__data_end, .)

.bss            0x008024f8      0x294
                0x008024f8                PROVIDE (__bss_start, .)
 *(.bss)
 *(.bss*)
 .bss.trans     0x008024f8        0x1 libs/atmega8.o
                0x008024f8                trans
 .bss.lMuesli   0x008024f9        0x1 libs/atmega8.o
                0x008024f9                lMuesli
 .bss.mWinkel   0x008024fa        0x2 libs/atmega8.o
                0x008024fa                mWinkel
 .bss.timer_fail
                0x008024fc        0x1 libs/atmega8.o
                0x008024fc                timer_fail
 .bss.mux       0x008024fd        0x1 libs/atmega8.o
                0x008024fd                mux
 .bss.out_pos   0x008024fe        0x1 libs/atmega8.o
                0x008024fe                out_pos
 .bss.out       0x008024ff        0x1 libs/atmega8.o
                0x008024ff                out
 .bss.out_winkel
                0x00802500        0x2 libs/atmega8.o
                0x00802500                out_winkel
 .bss.linie     0x00802502       0x20 libs/atmega8.o
                0x00802502                linie
 .bss.USART_line
                0x00802522       0x2b libs/atmega8.o
                0x00802522                USART_line
 .bss._ZZ19atmega8_kalibrationhE14zaehler_taster
                0x0080254d        0x1 libs/atmega8.o
 .bss._ZZ16Fahrtrichtung_XYiiE10dt_counter
                0x0080254e        0x1 libs/motor.o
 .bss._ZZ16Fahrtrichtung_XYiiE10Integral_X
                0x0080254f        0x4 libs/motor.o
 .bss._ZZ16Fahrtrichtung_XYiiE10Integral_Y
                0x00802553        0x4 libs/motor.o
 .bss._ZN6ballda6ball_tE
                0x00802557        0x2 libs/periphery.o
                0x00802557                _ZN6ballda6ball_tE
 .bss._ZN6ballda7ball_daE
                0x00802559        0x1 libs/periphery.o
                0x00802559                _ZN6ballda7ball_daE
 .bss._ZN6schuss14schuss_counterE
                0x0080255a        0x2 libs/periphery.o
                0x0080255a                _ZN6schuss14schuss_counterE
 .bss._ZN6schuss24schuss_counter_antidauerE
                0x0080255c        0x2 libs/periphery.o
                0x0080255c                _ZN6schuss24schuss_counter_antidauerE
 .bss._ZN8dribbler9force_offE
                0x0080255e        0x1 libs/periphery.o
                0x0080255e                _ZN8dribbler9force_offE
 .bss.kompass   0x0080255f        0x4 main.o
                0x0080255f                kompass
 .bss.kamera    0x00802563       0x10 main.o
                0x00802563                kamera
 .bss.spannung  0x00802573        0x4 main.o
                0x00802573                spannung
 .bss.imu       0x00802577        0x4 main.o
                0x00802577                imu
 .bss.US_sensor
                0x0080257b        0xc main.o
                0x0080257b                US_sensor
 .bss.display   0x00802587        0x3 main.o
                0x00802587                display
 .bss.twiMasterF
                0x0080258a       0x69 main.o
                0x0080258a                twiMasterF
 .bss.twiMasterD
                0x008025f3       0x69 main.o
                0x008025f3                twiMasterD
 .bss.darfHalbRaus
                0x0080265c        0x1 main.o
                0x0080265c                darfHalbRaus
 .bss.lowVoltageCount
                0x0080265d        0x1 main.o
                0x0080265d                lowVoltageCount
 .bss.voltage   0x0080265e        0x2 main.o
                0x0080265e                voltage
 .bss.hallNoRotationCounter
                0x00802660        0x4 main.o
                0x00802660                hallNoRotationCounter
 .bss.hallPower
                0x00802664        0x8 main.o
                0x00802664                hallPower
 .bss.rpmHall   0x0080266c        0x8 main.o
                0x0080266c                rpmHall
 .bss.hallCounter
                0x00802674        0x4 main.o
                0x00802674                hallCounter
 .bss.dribblerTime
                0x00802678        0x2 main.o
                0x00802678                dribblerTime
 .bss.ballGuteEmpfang
                0x0080267a        0x1 main.o
                0x0080267a                ballGuteEmpfang
 .bss.bluetooth
                0x0080267b       0x2b main.o
                0x0080267b                bluetooth
 .bss.debugCount
                0x008026a6        0x1 main.o
                0x008026a6                debugCount
 .bss.debug     0x008026a7       0x2b main.o
                0x008026a7                debug
 .bss.display_counter
                0x008026d2        0x1 main.o
                0x008026d2                display_counter
 .bss.select_page
                0x008026d3        0x2 main.o
                0x008026d3                select_page
 .bss.keypad_last
                0x008026d5        0x2 main.o
                0x008026d5                keypad_last
 .bss.display_page
                0x008026d7        0x1 main.o
                0x008026d7                display_page
 .bss.SW_pos    0x008026d8        0x1 main.o
                0x008026d8                SW_pos
 .bss.US_links_block
                0x008026d9        0x1 main.o
                0x008026d9                US_links_block
 .bss.US_rechts_block
                0x008026da        0x1 main.o
                0x008026da                US_rechts_block
 .bss.US_links_diff
                0x008026db        0x4 main.o
                0x008026db                US_links_diff
 .bss.US_rechts_diff
                0x008026df        0x4 main.o
                0x008026df                US_rechts_diff
 .bss.US_n_pos  0x008026e3        0x4 main.o
                0x008026e3                US_n_pos
 .bss.US_Abfrage
                0x008026e7        0x1 main.o
                0x008026e7                US_Abfrage
 .bss.US_Werte  0x008026e8        0x6 main.o
                0x008026e8                US_Werte
 .bss.maxVal    0x008026ee        0x2 main.o
                0x008026ee                maxVal
 .bss.maxMux    0x008026f0        0x1 main.o
                0x008026f0                maxMux
 .bss.TSOP      0x008026f1        0x2 main.o
                0x008026f1                TSOP
 .bss.lego_IR   0x008026f3        0x1 main.o
                0x008026f3                lego_IR
 .bss.torwart2feldspieler
                0x008026f4        0x1 main.o
                0x008026f4                torwart2feldspieler
 .bss.ball_counter
                0x008026f5        0x2 main.o
                0x008026f5                ball_counter
 .bss.ball_Winkel_alt
                0x008026f7        0x2 main.o
                0x008026f7                ball_Winkel_alt
 .bss.ball_Distanz_alt
                0x008026f9        0x2 main.o
                0x008026f9                ball_Distanz_alt
 .bss.ball_WinkelA
                0x008026fb        0x2 main.o
                0x008026fb                ball_WinkelA
 .bss.ball_Winkel
                0x008026fd        0x2 main.o
                0x008026fd                ball_Winkel
 .bss.ball_DistanzWinkel
                0x008026ff        0x2 main.o
                0x008026ff                ball_DistanzWinkel
 .bss.ball_Distanz
                0x00802701        0x2 main.o
                0x00802701                ball_Distanz
 .bss.ADC_Werte_TP
                0x00802703       0x10 main.o
                0x00802703                ADC_Werte_TP
 .bss.ADC_Werte
                0x00802713       0x10 main.o
                0x00802713                ADC_Werte
 .bss.ADC_Offset
                0x00802723       0x10 main.o
                0x00802723                ADC_Offset
 .bss.muxIR     0x00802733        0x1 main.o
                0x00802733                muxIR
 .bss.tor_winkel
                0x00802734        0x2 main.o
                0x00802734                tor_winkel
 .bss.gyroPhi   0x00802736        0x2 main.o
                0x00802736                gyroPhi
 .bss._gyroPhi  0x00802738        0x2 main.o
                0x00802738                _gyroPhi
 .bss.trick_shoot_turn
                0x0080273a        0x1 main.o
                0x0080273a                trick_shoot_turn
 .bss.super_turn
                0x0080273b        0x2 main.o
                0x0080273b                super_turn
 .bss.PID       0x0080273d        0x4 main.o
                0x0080273d                PID
 .bss.roll      0x00802741        0x2 main.o
                0x00802741                roll
 .bss.PID_flaeche
                0x00802743        0x4 main.o
                0x00802743                PID_flaeche
 .bss.delta_phi
                0x00802747        0x2 main.o
                0x00802747                delta_phi
 .bss.delta_phi_alt
                0x00802749        0x2 main.o
                0x00802749                delta_phi_alt
 .bss.Torrichtung
                0x0080274b        0x2 main.o
                0x0080274b                Torrichtung
 .bss.PID_Counter
                0x0080274d        0x1 main.o
                0x0080274d                PID_Counter
 .bss.soll_phi  0x0080274e        0x2 main.o
                0x0080274e                soll_phi
 .bss.phi_jetzt
                0x00802750        0x2 main.o
                0x00802750                phi_jetzt
 .bss.PID_int   0x00802752        0x2 main.o
                0x00802752                PID_int
 .bss.k         0x00802754        0x8 main.o
                0x00802754                k
 .bss.Soft_Counter
                0x0080275c        0x1 main.o
                0x0080275c                Soft_Counter
 .bss.pixyVorneReceiveData
                0x0080275d        0x2 main.o
                0x0080275d                pixyVorneReceiveData
 .bss.muxPixy1  0x0080275f        0x1 main.o
                0x0080275f                muxPixy1
 .bss.pixyVorneUART
                0x00802760       0x2b main.o
                0x00802760                pixyVorneUART
 .bss.pixyNoObjectTimer
                0x0080278b        0x1 main.o
                0x0080278b                pixyNoObjectTimer
 *(COMMON)
                0x0080278c                PROVIDE (__bss_end, .)
                0x000078aa                __data_load_start = LOADADDR (.data)
                0x00007da2                __data_load_end = (__data_load_start + SIZEOF (.data))

.noinit         0x0080278c        0x0
                0x0080278c                PROVIDE (__noinit_start, .)
 *(.noinit*)
                0x0080278c                PROVIDE (__noinit_end, .)
                0x0080278c                _end = .
                0x0080278c                PROVIDE (__heap_start, .)

.eeprom         0x00810000        0x0
 *(.eeprom*)
                0x00810000                __eeprom_end = .

.fuse
 *(.fuse)
 *(.lfuse)
 *(.hfuse)
 *(.efuse)

.lock
 *(.lock*)

.signature
 *(.signature*)

.user_signatures
 *(.user_signatures*)

.stab           0x00000000     0x45b4
 *(.stab)
 .stab          0x00000000      0x6fc c:/program files (x86)/atmel/atmel toolchain/avr8 gcc/native/3.4.2.1002/avr8-gnu-toolchain/bin/../lib/gcc/avr/4.7.2/../../../../avr/lib/avrxmega5/crtx64a1.o
 .stab          0x000006fc       0x78 c:/program files (x86)/atmel/atmel toolchain/avr8 gcc/native/3.4.2.1002/avr8-gnu-toolchain/bin/../lib/gcc/avr/4.7.2/../../../../avr/lib/avrxmega5\libm.a(addsf3.o)
                                 0x84 (size before relaxing)
 .stab          0x00000774      0x4bc c:/program files (x86)/atmel/atmel toolchain/avr8 gcc/native/3.4.2.1002/avr8-gnu-toolchain/bin/../lib/gcc/avr/4.7.2/../../../../avr/lib/avrxmega5\libm.a(addsf3x.o)
                                0x4c8 (size before relaxing)
 .stab          0x00000c30      0x2f4 c:/program files (x86)/atmel/atmel toolchain/avr8 gcc/native/3.4.2.1002/avr8-gnu-toolchain/bin/../lib/gcc/avr/4.7.2/../../../../avr/lib/avrxmega5\libm.a(atan2.o)
                                0x300 (size before relaxing)
 .stab          0x00000f24      0x210 c:/program files (x86)/atmel/atmel toolchain/avr8 gcc/native/3.4.2.1002/avr8-gnu-toolchain/bin/../lib/gcc/avr/4.7.2/../../../../avr/lib/avrxmega5\libm.a(atan.o)
                                0x21c (size before relaxing)
 .stab          0x00001134      0x114 c:/program files (x86)/atmel/atmel toolchain/avr8 gcc/native/3.4.2.1002/avr8-gnu-toolchain/bin/../lib/gcc/avr/4.7.2/../../../../avr/lib/avrxmega5\libm.a(ceil.o)
                                0x120 (size before relaxing)
 .stab          0x00001248       0x90 c:/program files (x86)/atmel/atmel toolchain/avr8 gcc/native/3.4.2.1002/avr8-gnu-toolchain/bin/../lib/gcc/avr/4.7.2/../../../../avr/lib/avrxmega5\libm.a(cmpsf2.o)
                                 0x9c (size before relaxing)
 .stab          0x000012d8       0x48 c:/program files (x86)/atmel/atmel toolchain/avr8 gcc/native/3.4.2.1002/avr8-gnu-toolchain/bin/../lib/gcc/avr/4.7.2/../../../../avr/lib/avrxmega5\libm.a(divsf3.o)
                                 0x54 (size before relaxing)
 .stab          0x00001320      0x510 c:/program files (x86)/atmel/atmel toolchain/avr8 gcc/native/3.4.2.1002/avr8-gnu-toolchain/bin/../lib/gcc/avr/4.7.2/../../../../avr/lib/avrxmega5\libm.a(divsf3x.o)
                                0x51c (size before relaxing)
 .stab          0x00001830       0x6c c:/program files (x86)/atmel/atmel toolchain/avr8 gcc/native/3.4.2.1002/avr8-gnu-toolchain/bin/../lib/gcc/avr/4.7.2/../../../../avr/lib/avrxmega5\libm.a(fixsfsi.o)
                                 0x78 (size before relaxing)
 .stab          0x0000189c      0x240 c:/program files (x86)/atmel/atmel toolchain/avr8 gcc/native/3.4.2.1002/avr8-gnu-toolchain/bin/../lib/gcc/avr/4.7.2/../../../../avr/lib/avrxmega5\libm.a(fixunssfsi.o)
                                0x24c (size before relaxing)
 .stab          0x00001adc      0x318 c:/program files (x86)/atmel/atmel toolchain/avr8 gcc/native/3.4.2.1002/avr8-gnu-toolchain/bin/../lib/gcc/avr/4.7.2/../../../../avr/lib/avrxmega5\libm.a(floatsisf.o)
                                0x324 (size before relaxing)
 .stab          0x00001df4      0x114 c:/program files (x86)/atmel/atmel toolchain/avr8 gcc/native/3.4.2.1002/avr8-gnu-toolchain/bin/../lib/gcc/avr/4.7.2/../../../../avr/lib/avrxmega5\libm.a(floor.o)
                                0x120 (size before relaxing)
 .stab          0x00001f08      0x1e0 c:/program files (x86)/atmel/atmel toolchain/avr8 gcc/native/3.4.2.1002/avr8-gnu-toolchain/bin/../lib/gcc/avr/4.7.2/../../../../avr/lib/avrxmega5\libm.a(fp_cmp.o)
                                0x1ec (size before relaxing)
 .stab          0x000020e8       0x78 c:/program files (x86)/atmel/atmel toolchain/avr8 gcc/native/3.4.2.1002/avr8-gnu-toolchain/bin/../lib/gcc/avr/4.7.2/../../../../avr/lib/avrxmega5\libm.a(fp_inf.o)
                                 0x84 (size before relaxing)
 .stab          0x00002160      0x174 c:/program files (x86)/atmel/atmel toolchain/avr8 gcc/native/3.4.2.1002/avr8-gnu-toolchain/bin/../lib/gcc/avr/4.7.2/../../../../avr/lib/avrxmega5\libm.a(fp_mintl.o)
                                0x180 (size before relaxing)
 .stab          0x000022d4       0xe4 c:/program files (x86)/atmel/atmel toolchain/avr8 gcc/native/3.4.2.1002/avr8-gnu-toolchain/bin/../lib/gcc/avr/4.7.2/../../../../avr/lib/avrxmega5\libm.a(fp_mpack.o)
                                 0xf0 (size before relaxing)
 .stab          0x000023b8       0x54 c:/program files (x86)/atmel/atmel toolchain/avr8 gcc/native/3.4.2.1002/avr8-gnu-toolchain/bin/../lib/gcc/avr/4.7.2/../../../../avr/lib/avrxmega5\libm.a(fp_nan.o)
                                 0x60 (size before relaxing)
 .stab          0x0000240c      0x1ec c:/program files (x86)/atmel/atmel toolchain/avr8 gcc/native/3.4.2.1002/avr8-gnu-toolchain/bin/../lib/gcc/avr/4.7.2/../../../../avr/lib/avrxmega5\libm.a(fp_powser.o)
                                0x1f8 (size before relaxing)
 .stab          0x000025f8       0x84 c:/program files (x86)/atmel/atmel toolchain/avr8 gcc/native/3.4.2.1002/avr8-gnu-toolchain/bin/../lib/gcc/avr/4.7.2/../../../../avr/lib/avrxmega5\libm.a(fp_pscA.o)
                                 0x90 (size before relaxing)
 .stab          0x0000267c       0x84 c:/program files (x86)/atmel/atmel toolchain/avr8 gcc/native/3.4.2.1002/avr8-gnu-toolchain/bin/../lib/gcc/avr/4.7.2/../../../../avr/lib/avrxmega5\libm.a(fp_pscB.o)
                                 0x90 (size before relaxing)
 .stab          0x00002700       0xfc c:/program files (x86)/atmel/atmel toolchain/avr8 gcc/native/3.4.2.1002/avr8-gnu-toolchain/bin/../lib/gcc/avr/4.7.2/../../../../avr/lib/avrxmega5\libm.a(fp_round.o)
                                0x108 (size before relaxing)
 .stab          0x000027fc      0x1d4 c:/program files (x86)/atmel/atmel toolchain/avr8 gcc/native/3.4.2.1002/avr8-gnu-toolchain/bin/../lib/gcc/avr/4.7.2/../../../../avr/lib/avrxmega5\libm.a(fp_split3.o)
                                0x1e0 (size before relaxing)
 .stab          0x000029d0      0x144 c:/program files (x86)/atmel/atmel toolchain/avr8 gcc/native/3.4.2.1002/avr8-gnu-toolchain/bin/../lib/gcc/avr/4.7.2/../../../../avr/lib/avrxmega5\libm.a(fp_trunc.o)
                                0x150 (size before relaxing)
 .stab          0x00002b14       0x90 c:/program files (x86)/atmel/atmel toolchain/avr8 gcc/native/3.4.2.1002/avr8-gnu-toolchain/bin/../lib/gcc/avr/4.7.2/../../../../avr/lib/avrxmega5\libm.a(fp_zero.o)
                                 0x9c (size before relaxing)
 .stab          0x00002ba4       0x6c c:/program files (x86)/atmel/atmel toolchain/avr8 gcc/native/3.4.2.1002/avr8-gnu-toolchain/bin/../lib/gcc/avr/4.7.2/../../../../avr/lib/avrxmega5\libm.a(gesf2.o)
                                 0x78 (size before relaxing)
 .stab          0x00002c10      0x4c8 c:/program files (x86)/atmel/atmel toolchain/avr8 gcc/native/3.4.2.1002/avr8-gnu-toolchain/bin/../lib/gcc/avr/4.7.2/../../../../avr/lib/avrxmega5\libm.a(hypot.o)
                                0x4d4 (size before relaxing)
 .stab          0x000030d8       0x84 c:/program files (x86)/atmel/atmel toolchain/avr8 gcc/native/3.4.2.1002/avr8-gnu-toolchain/bin/../lib/gcc/avr/4.7.2/../../../../avr/lib/avrxmega5\libm.a(inverse.o)
                                 0x90 (size before relaxing)
 .stab          0x0000315c      0x2c4 c:/program files (x86)/atmel/atmel toolchain/avr8 gcc/native/3.4.2.1002/avr8-gnu-toolchain/bin/../lib/gcc/avr/4.7.2/../../../../avr/lib/avrxmega5\libm.a(ldexp.o)
                                0x2d0 (size before relaxing)
 .stab          0x00003420       0x48 c:/program files (x86)/atmel/atmel toolchain/avr8 gcc/native/3.4.2.1002/avr8-gnu-toolchain/bin/../lib/gcc/avr/4.7.2/../../../../avr/lib/avrxmega5\libm.a(mulsf3.o)
                                 0x54 (size before relaxing)
 .stab          0x00003468      0x4d4 c:/program files (x86)/atmel/atmel toolchain/avr8 gcc/native/3.4.2.1002/avr8-gnu-toolchain/bin/../lib/gcc/avr/4.7.2/../../../../avr/lib/avrxmega5\libm.a(mulsf3x.o)
                                0x4e0 (size before relaxing)
 .stab          0x0000393c      0x1b0 c:/program files (x86)/atmel/atmel toolchain/avr8 gcc/native/3.4.2.1002/avr8-gnu-toolchain/bin/../lib/gcc/avr/4.7.2/../../../../avr/lib/avrxmega5\libm.a(round.o)
                                0x1bc (size before relaxing)
 .stab          0x00003aec      0x354 c:/program files (x86)/atmel/atmel toolchain/avr8 gcc/native/3.4.2.1002/avr8-gnu-toolchain/bin/../lib/gcc/avr/4.7.2/../../../../avr/lib/avrxmega5\libm.a(sqrt.o)
                                0x360 (size before relaxing)
 .stab          0x00003e40       0x54 c:/program files (x86)/atmel/atmel toolchain/avr8 gcc/native/3.4.2.1002/avr8-gnu-toolchain/bin/../lib/gcc/avr/4.7.2/../../../../avr/lib/avrxmega5\libm.a(square.o)
                                 0x60 (size before relaxing)
 .stab          0x00003e94       0x84 c:/program files (x86)/atmel/atmel toolchain/avr8 gcc/native/3.4.2.1002/avr8-gnu-toolchain/bin/../lib/gcc/avr/4.7.2/../../../../avr/lib/avrxmega5\libm.a(fp_norm2.o)
                                 0x90 (size before relaxing)
 .stab          0x00003f18       0x84 c:/program files (x86)/atmel/atmel toolchain/avr8 gcc/native/3.4.2.1002/avr8-gnu-toolchain/bin/../lib/gcc/avr/4.7.2/../../../../avr/lib/avrxmega5\libc.a(memcpy.o)
                                 0x90 (size before relaxing)
 .stab          0x00003f9c      0x1b0 c:/program files (x86)/atmel/atmel toolchain/avr8 gcc/native/3.4.2.1002/avr8-gnu-toolchain/bin/../lib/gcc/avr/4.7.2/../../../../avr/lib/avrxmega5\libc.a(itoa.o)
                                0x1bc (size before relaxing)
 .stab          0x0000414c       0x60 c:/program files (x86)/atmel/atmel toolchain/avr8 gcc/native/3.4.2.1002/avr8-gnu-toolchain/bin/../lib/gcc/avr/4.7.2/../../../../avr/lib/avrxmega5\libc.a(eerd_word_atxmega64a1.o)
                                 0x6c (size before relaxing)
 .stab          0x000041ac       0x54 c:/program files (x86)/atmel/atmel toolchain/avr8 gcc/native/3.4.2.1002/avr8-gnu-toolchain/bin/../lib/gcc/avr/4.7.2/../../../../avr/lib/avrxmega5\libc.a(eewr_word_atxmega64a1.o)
                                 0x60 (size before relaxing)
 .stab          0x00004200       0xfc c:/program files (x86)/atmel/atmel toolchain/avr8 gcc/native/3.4.2.1002/avr8-gnu-toolchain/bin/../lib/gcc/avr/4.7.2/../../../../avr/lib/avrxmega5\libc.a(eerd_byte_atxmega64a1u.o)
                                0x108 (size before relaxing)
 .stab          0x000042fc       0xd8 c:/program files (x86)/atmel/atmel toolchain/avr8 gcc/native/3.4.2.1002/avr8-gnu-toolchain/bin/../lib/gcc/avr/4.7.2/../../../../avr/lib/avrxmega5\libc.a(strrev.o)
                                 0xe4 (size before relaxing)
 .stab          0x000043d4      0x1e0 c:/program files (x86)/atmel/atmel toolchain/avr8 gcc/native/3.4.2.1002/avr8-gnu-toolchain/bin/../lib/gcc/avr/4.7.2/../../../../avr/lib/avrxmega5\libc.a(eewr_byte_atxmega64a1.o)
                                0x1ec (size before relaxing)

.stabstr        0x00000000     0x1324
 *(.stabstr)
 .stabstr       0x00000000     0x1324 c:/program files (x86)/atmel/atmel toolchain/avr8 gcc/native/3.4.2.1002/avr8-gnu-toolchain/bin/../lib/gcc/avr/4.7.2/../../../../avr/lib/avrxmega5/crtx64a1.o

.stab.excl
 *(.stab.excl)

.stab.exclstr
 *(.stab.exclstr)

.stab.index
 *(.stab.index)

.stab.indexstr
 *(.stab.indexstr)

.comment        0x00000000       0x2f
 *(.comment)
 .comment       0x00000000       0x2f driver/spimaster.o
                                 0x30 (size before relaxing)
 .comment       0x00000000       0x30 driver/twimaster.o
 .comment       0x00000000       0x30 driver/usart.o
 .comment       0x00000000       0x30 libs/atmega8.o
 .comment       0x00000000       0x30 libs/ir.o
 .comment       0x00000000       0x30 libs/motor.o
 .comment       0x00000000       0x30 libs/periphery.o
 .comment       0x00000000       0x30 main.o
 .comment       0x00000000       0x30 sensor/bno055.o
 .comment       0x00000000       0x30 sensor/cmps03.o
 .comment       0x00000000       0x30 sensor/lcd03.o
 .comment       0x00000000       0x30 sensor/legoIR.o
 .comment       0x00000000       0x30 sensor/ltc2945.o
 .comment       0x00000000       0x30 sensor/mpu6050.o
 .comment       0x00000000       0x30 sensor/pixie.o
 .comment       0x00000000       0x30 sensor/pulsedlight.o
 .comment       0x00000000       0x30 sensor/srf08.o

.debug
 *(.debug)

.line
 *(.line)

.debug_srcinfo
 *(.debug_srcinfo)

.debug_sfnames
 *(.debug_sfnames)

.debug_aranges  0x00000000      0x670
 *(.debug_aranges)
 .debug_aranges
                0x00000000       0x60 driver/twimaster.o
 .debug_aranges
                0x00000060       0x40 driver/usart.o
 .debug_aranges
                0x000000a0       0x38 libs/atmega8.o
 .debug_aranges
                0x000000d8       0x40 libs/ir.o
 .debug_aranges
                0x00000118       0x48 libs/motor.o
 .debug_aranges
                0x00000160       0x40 libs/periphery.o
 .debug_aranges
                0x000001a0      0x108 main.o
 .debug_aranges
                0x000002a8      0x110 sensor/bno055.o
 .debug_aranges
                0x000003b8       0x38 sensor/cmps03.o
 .debug_aranges
                0x000003f0       0x88 sensor/lcd03.o
 .debug_aranges
                0x00000478       0x30 sensor/legoIR.o
 .debug_aranges
                0x000004a8       0x38 sensor/ltc2945.o
 .debug_aranges
                0x000004e0       0x70 sensor/mpu6050.o
 .debug_aranges
                0x00000550       0x78 sensor/pixie.o
 .debug_aranges
                0x000005c8       0x48 sensor/pulsedlight.o
 .debug_aranges
                0x00000610       0x60 sensor/srf08.o

.debug_pubnames
 *(.debug_pubnames)

.debug_info     0x00000000    0x12dff
 *(.debug_info)
 .debug_info    0x00000000      0x716 driver/twimaster.o
 .debug_info    0x00000716      0x63d driver/usart.o
 .debug_info    0x00000d53      0x8b8 libs/atmega8.o
 .debug_info    0x0000160b      0xc0d libs/ir.o
 .debug_info    0x00002218      0xfb9 libs/motor.o
 .debug_info    0x000031d1      0x9a3 libs/periphery.o
 .debug_info    0x00003b74     0x78cf main.o
 .debug_info    0x0000b443     0x2288 sensor/bno055.o
 .debug_info    0x0000d6cb      0x695 sensor/cmps03.o
 .debug_info    0x0000dd60     0x1254 sensor/lcd03.o
 .debug_info    0x0000efb4      0x66c sensor/legoIR.o
 .debug_info    0x0000f620      0x6c0 sensor/ltc2945.o
 .debug_info    0x0000fce0      0xf1e sensor/mpu6050.o
 .debug_info    0x00010bfe      0xb46 sensor/pixie.o
 .debug_info    0x00011744      0x8b1 sensor/pulsedlight.o
 .debug_info    0x00011ff5      0xe0a sensor/srf08.o
 *(.gnu.linkonce.wi.*)

.debug_abbrev   0x00000000     0x2b91
 *(.debug_abbrev)
 .debug_abbrev  0x00000000      0x1dd driver/twimaster.o
 .debug_abbrev  0x000001dd      0x196 driver/usart.o
 .debug_abbrev  0x00000373      0x2d6 libs/atmega8.o
 .debug_abbrev  0x00000649      0x1ba libs/ir.o
 .debug_abbrev  0x00000803      0x322 libs/motor.o
 .debug_abbrev  0x00000b25      0x157 libs/periphery.o
 .debug_abbrev  0x00000c7c      0x67d main.o
 .debug_abbrev  0x000012f9      0x2f2 sensor/bno055.o
 .debug_abbrev  0x000015eb      0x247 sensor/cmps03.o
 .debug_abbrev  0x00001832      0x310 sensor/lcd03.o
 .debug_abbrev  0x00001b42      0x293 sensor/legoIR.o
 .debug_abbrev  0x00001dd5      0x27c sensor/ltc2945.o
 .debug_abbrev  0x00002051      0x2b3 sensor/mpu6050.o
 .debug_abbrev  0x00002304      0x2eb sensor/pixie.o
 .debug_abbrev  0x000025ef      0x27d sensor/pulsedlight.o
 .debug_abbrev  0x0000286c      0x325 sensor/srf08.o

.debug_line     0x00000000     0x4458
 *(.debug_line)
 .debug_line    0x00000000        0x0 driver/spimaster.o
 .debug_line    0x00000000      0x26c driver/twimaster.o
 .debug_line    0x0000026c      0x212 driver/usart.o
 .debug_line    0x0000047e      0x384 libs/atmega8.o
 .debug_line    0x00000802      0x1db libs/ir.o
 .debug_line    0x000009dd      0x4cf libs/motor.o
 .debug_line    0x00000eac      0x200 libs/periphery.o
 .debug_line    0x000010ac     0x106d main.o
 .debug_line    0x00002119      0x93e sensor/bno055.o
 .debug_line    0x00002a57      0x252 sensor/cmps03.o
 .debug_line    0x00002ca9      0x402 sensor/lcd03.o
 .debug_line    0x000030ab      0x265 sensor/legoIR.o
 .debug_line    0x00003310      0x256 sensor/ltc2945.o
 .debug_line    0x00003566      0x522 sensor/mpu6050.o
 .debug_line    0x00003a88      0x2f5 sensor/pixie.o
 .debug_line    0x00003d7d      0x2c0 sensor/pulsedlight.o
 .debug_line    0x0000403d      0x41b sensor/srf08.o

.debug_frame    0x00000000     0x1b14
 *(.debug_frame)
 .debug_frame   0x00000000       0xc4 driver/twimaster.o
 .debug_frame   0x000000c4       0x78 driver/usart.o
 .debug_frame   0x0000013c      0x11c libs/atmega8.o
 .debug_frame   0x00000258       0xb0 libs/ir.o
 .debug_frame   0x00000308      0x21c libs/motor.o
 .debug_frame   0x00000524       0x64 libs/periphery.o
 .debug_frame   0x00000588      0x6c8 main.o
 .debug_frame   0x00000c50      0x59c sensor/bno055.o
 .debug_frame   0x000011ec       0x94 sensor/cmps03.o
 .debug_frame   0x00001280      0x270 sensor/lcd03.o
 .debug_frame   0x000014f0       0x64 sensor/legoIR.o
 .debug_frame   0x00001554       0x94 sensor/ltc2945.o
 .debug_frame   0x000015e8      0x1dc sensor/mpu6050.o
 .debug_frame   0x000017c4      0x128 sensor/pixie.o
 .debug_frame   0x000018ec       0xe4 sensor/pulsedlight.o
 .debug_frame   0x000019d0      0x144 sensor/srf08.o

.debug_str      0x00000000     0x2bb1
 *(.debug_str)
 .debug_str     0x00000000      0x555 driver/twimaster.o
                                0x5ad (size before relaxing)
 .debug_str     0x00000555      0x34a driver/usart.o
                                0x493 (size before relaxing)
 .debug_str     0x0000089f      0x18c libs/atmega8.o
                                0x4aa (size before relaxing)
 .debug_str     0x00000a2b      0x78f libs/ir.o
                                0x981 (size before relaxing)
 .debug_str     0x000011ba      0x362 libs/motor.o
                                0x652 (size before relaxing)
 .debug_str     0x0000151c      0x1b7 libs/periphery.o
                                0x62c (size before relaxing)
 .debug_str     0x000016d3      0xffb main.o
                               0x1b68 (size before relaxing)
 .debug_str     0x000026ce       0x74 sensor/bno055.o
                                0x732 (size before relaxing)
 .debug_str     0x00002742       0x40 sensor/cmps03.o
                                0x395 (size before relaxing)
 .debug_str     0x00002782       0x6a sensor/lcd03.o
                                0x550 (size before relaxing)
 .debug_str     0x000027ec       0x78 sensor/legoIR.o
                                0x381 (size before relaxing)
 .debug_str     0x00002864       0x48 sensor/ltc2945.o
                                0x3c5 (size before relaxing)
 .debug_str     0x000028ac      0x127 sensor/mpu6050.o
                                0x49c (size before relaxing)
 .debug_str     0x000029d3       0x48 sensor/pixie.o
                                0x4ca (size before relaxing)
 .debug_str     0x00002a1b      0x110 sensor/pulsedlight.o
                                0x437 (size before relaxing)
 .debug_str     0x00002b2b       0x86 sensor/srf08.o
                                0x4a6 (size before relaxing)

.debug_loc      0x00000000     0x89de
 *(.debug_loc)
 .debug_loc     0x00000000      0x54e driver/twimaster.o
 .debug_loc     0x0000054e      0x35b driver/usart.o
 .debug_loc     0x000008a9      0x6c5 libs/atmega8.o
 .debug_loc     0x00000f6e      0x145 libs/ir.o
 .debug_loc     0x000010b3      0xc5f libs/motor.o
 .debug_loc     0x00001d12       0x53 libs/periphery.o
 .debug_loc     0x00001d65     0x194b main.o
 .debug_loc     0x000036b0     0x2323 sensor/bno055.o
 .debug_loc     0x000059d3      0x21a sensor/cmps03.o
 .debug_loc     0x00005bed      0xf1a sensor/lcd03.o
 .debug_loc     0x00006b07      0x176 sensor/legoIR.o
 .debug_loc     0x00006c7d      0x264 sensor/ltc2945.o
 .debug_loc     0x00006ee1      0xa1a sensor/mpu6050.o
 .debug_loc     0x000078fb      0x512 sensor/pixie.o
 .debug_loc     0x00007e0d      0x3e2 sensor/pulsedlight.o
 .debug_loc     0x000081ef      0x7ef sensor/srf08.o

.debug_macinfo
 *(.debug_macinfo)

.debug_pubtypes
 *(.debug_pubtypes)

.debug_ranges   0x00000000      0xc80
 *(.debug_ranges)
 .debug_ranges  0x00000000       0x50 driver/twimaster.o
 .debug_ranges  0x00000050       0x30 driver/usart.o
 .debug_ranges  0x00000080      0x110 libs/atmega8.o
 .debug_ranges  0x00000190       0x30 libs/ir.o
 .debug_ranges  0x000001c0       0xa0 libs/motor.o
 .debug_ranges  0x00000260       0x30 libs/periphery.o
 .debug_ranges  0x00000290      0x3b8 main.o
 .debug_ranges  0x00000648      0x400 sensor/bno055.o
 .debug_ranges  0x00000a48       0x28 sensor/cmps03.o
 .debug_ranges  0x00000a70       0x78 sensor/lcd03.o
 .debug_ranges  0x00000ae8       0x20 sensor/legoIR.o
 .debug_ranges  0x00000b08       0x28 sensor/ltc2945.o
 .debug_ranges  0x00000b30       0x60 sensor/mpu6050.o
 .debug_ranges  0x00000b90       0x68 sensor/pixie.o
 .debug_ranges  0x00000bf8       0x38 sensor/pulsedlight.o
 .debug_ranges  0x00000c30       0x50 sensor/srf08.o

.debug_macro
 *(.debug_macro)
OUTPUT(AtXMega.elf elf32-avr)
LOAD linker stubs
