Archive member included because of file (symbol)

c:/program files (x86)/atmel/atmel toolchain/avr8 gcc/native/3.4.2.1002/avr8-gnu-toolchain/bin/../lib/gcc/avr/4.7.2/../../../../avr/lib/avrxmega5\libm.a(addsf3.o)
                              libs/motor.o (__subsf3)
c:/program files (x86)/atmel/atmel toolchain/avr8 gcc/native/3.4.2.1002/avr8-gnu-toolchain/bin/../lib/gcc/avr/4.7.2/../../../../avr/lib/avrxmega5\libm.a(addsf3x.o)
                              c:/program files (x86)/atmel/atmel toolchain/avr8 gcc/native/3.4.2.1002/avr8-gnu-toolchain/bin/../lib/gcc/avr/4.7.2/../../../../avr/lib/avrxmega5\libm.a(addsf3.o) (__addsf3x)
c:/program files (x86)/atmel/atmel toolchain/avr8 gcc/native/3.4.2.1002/avr8-gnu-toolchain/bin/../lib/gcc/avr/4.7.2/../../../../avr/lib/avrxmega5\libm.a(atan2.o)
                              main.o (atan2)
c:/program files (x86)/atmel/atmel toolchain/avr8 gcc/native/3.4.2.1002/avr8-gnu-toolchain/bin/../lib/gcc/avr/4.7.2/../../../../avr/lib/avrxmega5\libm.a(atan.o)
                              main.o (atan)
c:/program files (x86)/atmel/atmel toolchain/avr8 gcc/native/3.4.2.1002/avr8-gnu-toolchain/bin/../lib/gcc/avr/4.7.2/../../../../avr/lib/avrxmega5\libm.a(ceil.o)
                              libs/motor.o (ceil)
c:/program files (x86)/atmel/atmel toolchain/avr8 gcc/native/3.4.2.1002/avr8-gnu-toolchain/bin/../lib/gcc/avr/4.7.2/../../../../avr/lib/avrxmega5\libm.a(cmpsf2.o)
                              libs/motor.o (__ltsf2)
c:/program files (x86)/atmel/atmel toolchain/avr8 gcc/native/3.4.2.1002/avr8-gnu-toolchain/bin/../lib/gcc/avr/4.7.2/../../../../avr/lib/avrxmega5\libm.a(divsf3.o)
                              libs/motor.o (__divsf3)
c:/program files (x86)/atmel/atmel toolchain/avr8 gcc/native/3.4.2.1002/avr8-gnu-toolchain/bin/../lib/gcc/avr/4.7.2/../../../../avr/lib/avrxmega5\libm.a(divsf3x.o)
                              c:/program files (x86)/atmel/atmel toolchain/avr8 gcc/native/3.4.2.1002/avr8-gnu-toolchain/bin/../lib/gcc/avr/4.7.2/../../../../avr/lib/avrxmega5\libm.a(divsf3.o) (__divsf3x)
c:/program files (x86)/atmel/atmel toolchain/avr8 gcc/native/3.4.2.1002/avr8-gnu-toolchain/bin/../lib/gcc/avr/4.7.2/../../../../avr/lib/avrxmega5\libm.a(fixsfsi.o)
                              libs/motor.o (__fixsfsi)
c:/program files (x86)/atmel/atmel toolchain/avr8 gcc/native/3.4.2.1002/avr8-gnu-toolchain/bin/../lib/gcc/avr/4.7.2/../../../../avr/lib/avrxmega5\libm.a(fixunssfsi.o)
                              libs/motor.o (__fixunssfsi)
c:/program files (x86)/atmel/atmel toolchain/avr8 gcc/native/3.4.2.1002/avr8-gnu-toolchain/bin/../lib/gcc/avr/4.7.2/../../../../avr/lib/avrxmega5\libm.a(floatsisf.o)
                              libs/motor.o (__floatunsisf)
c:/program files (x86)/atmel/atmel toolchain/avr8 gcc/native/3.4.2.1002/avr8-gnu-toolchain/bin/../lib/gcc/avr/4.7.2/../../../../avr/lib/avrxmega5\libm.a(floor.o)
                              libs/motor.o (floor)
c:/program files (x86)/atmel/atmel toolchain/avr8 gcc/native/3.4.2.1002/avr8-gnu-toolchain/bin/../lib/gcc/avr/4.7.2/../../../../avr/lib/avrxmega5\libm.a(fp_cmp.o)
                              c:/program files (x86)/atmel/atmel toolchain/avr8 gcc/native/3.4.2.1002/avr8-gnu-toolchain/bin/../lib/gcc/avr/4.7.2/../../../../avr/lib/avrxmega5\libm.a(cmpsf2.o) (__fp_cmp)
c:/program files (x86)/atmel/atmel toolchain/avr8 gcc/native/3.4.2.1002/avr8-gnu-toolchain/bin/../lib/gcc/avr/4.7.2/../../../../avr/lib/avrxmega5\libm.a(fp_inf.o)
                              c:/program files (x86)/atmel/atmel toolchain/avr8 gcc/native/3.4.2.1002/avr8-gnu-toolchain/bin/../lib/gcc/avr/4.7.2/../../../../avr/lib/avrxmega5\libm.a(addsf3x.o) (__fp_inf)
c:/program files (x86)/atmel/atmel toolchain/avr8 gcc/native/3.4.2.1002/avr8-gnu-toolchain/bin/../lib/gcc/avr/4.7.2/../../../../avr/lib/avrxmega5\libm.a(fp_mintl.o)
                              c:/program files (x86)/atmel/atmel toolchain/avr8 gcc/native/3.4.2.1002/avr8-gnu-toolchain/bin/../lib/gcc/avr/4.7.2/../../../../avr/lib/avrxmega5\libm.a(ceil.o) (__fp_mintl)
c:/program files (x86)/atmel/atmel toolchain/avr8 gcc/native/3.4.2.1002/avr8-gnu-toolchain/bin/../lib/gcc/avr/4.7.2/../../../../avr/lib/avrxmega5\libm.a(fp_mpack.o)
                              c:/program files (x86)/atmel/atmel toolchain/avr8 gcc/native/3.4.2.1002/avr8-gnu-toolchain/bin/../lib/gcc/avr/4.7.2/../../../../avr/lib/avrxmega5\libm.a(ceil.o) (__fp_mpack)
c:/program files (x86)/atmel/atmel toolchain/avr8 gcc/native/3.4.2.1002/avr8-gnu-toolchain/bin/../lib/gcc/avr/4.7.2/../../../../avr/lib/avrxmega5\libm.a(fp_nan.o)
                              c:/program files (x86)/atmel/atmel toolchain/avr8 gcc/native/3.4.2.1002/avr8-gnu-toolchain/bin/../lib/gcc/avr/4.7.2/../../../../avr/lib/avrxmega5\libm.a(addsf3x.o) (__fp_nan)
c:/program files (x86)/atmel/atmel toolchain/avr8 gcc/native/3.4.2.1002/avr8-gnu-toolchain/bin/../lib/gcc/avr/4.7.2/../../../../avr/lib/avrxmega5\libm.a(fp_powser.o)
[...]
Memory Configuration

Name             Origin             Length             Attributes
text             0x00000000         0x00100000         xr
data             0x00802000         0x0000ffa0         rw !x
eeprom           0x00810000         0x00010000         rw !x
fuse             0x00820000         0x00000400         rw !x
lock             0x00830000         0x00000400         rw !x
signature        0x00840000         0x00000400         rw !x
user_signatures  0x00850000         0x00000400         rw !x
*default*        0x00000000         0xffffffff

Linker script and memory map

LOAD c:/program files (x86)/atmel/atmel toolchain/avr8 gcc/native/3.4.2.1002/avr8-gnu-toolchain/bin/../lib/gcc/avr/4.7.2/../../../../avr/lib/avrxmega5/crtx64a1.o
LOAD driver/twimaster.o
LOAD driver/usart.o
LOAD libs/atmega8.o
LOAD libs/ir.o
LOAD libs/ir_asm.o
LOAD libs/motor.o
LOAD libs/periphery.o
LOAD main.o
LOAD sensor/cmps03.o
LOAD sensor/lcd03.o
LOAD sensor/legoIR.o
LOAD sensor/mpu6050.o
LOAD sensor/pixie.o
LOAD sensor/srf08.o
START GROUP
LOAD c:/program files (x86)/atmel/atmel toolchain/avr8 gcc/native/3.4.2.1002/avr8-gnu-toolchain/bin/../lib/gcc/avr/4.7.2/../../../../avr/lib/avrxmega5\libm.a
END GROUP
LOAD c:/program files (x86)/atmel/atmel toolchain/avr8 gcc/native/3.4.2.1002/avr8-gnu-toolchain/bin/../lib/gcc/avr/4.7.2/avrxmega5\libgcc.a
LOAD c:/program files (x86)/atmel/atmel toolchain/avr8 gcc/native/3.4.2.1002/avr8-gnu-toolchain/bin/../lib/gcc/avr/4.7.2/../../../../avr/lib/avrxmega5\libm.a
LOAD c:/program files (x86)/atmel/atmel toolchain/avr8 gcc/native/3.4.2.1002/avr8-gnu-toolchain/bin/../lib/gcc/avr/4.7.2/avrxmega5\libgcc.a
LOAD c:/program files (x86)/atmel/atmel toolchain/avr8 gcc/native/3.4.2.1002/avr8-gnu-toolchain/bin/../lib/gcc/avr/4.7.2/../../../../avr/lib/avrxmega5\libc.a
LOAD c:/program files (x86)/atmel/atmel toolchain/avr8 gcc/native/3.4.2.1002/avr8-gnu-toolchain/bin/../lib/gcc/avr/4.7.2/avrxmega5\libgcc.a

.hash
 *(.hash)

.dynsym
 *(.dynsym)

.dynstr
 *(.dynstr)

.gnu.version
 *(.gnu.version)

.gnu.version_d
 *(.gnu.version_d)

.gnu.version_r
 *(.gnu.version_r)

.rel.init
 *(.rel.init)

.rela.init
 *(.rela.init)

.rel.text
 *(.rel.text)
 *(.rel.text.*)
 *(.rel.gnu.linkonce.t*)

.rela.text
 *(.rela.text)
 *(.rela.text.*)
 *(.rela.gnu.linkonce.t*)

.rel.fini
 *(.rel.fini)

.rela.fini
 *(.rela.fini)

.rel.rodata
 *(.rel.rodata)
 *(.rel.rodata.*)
 *(.rel.gnu.linkonce.r*)

.rela.rodata
 *(.rela.rodata)
 *(.rela.rodata.*)
 *(.rela.gnu.linkonce.r*)

.rel.data
 *(.rel.data)
 *(.rel.data.*)
 *(.rel.gnu.linkonce.d*)

.rela.data
 *(.rela.data)
 *(.rela.data.*)
 *(.rela.gnu.linkonce.d*)

.rel.ctors
 *(.rel.ctors)

.rela.ctors
 *(.rela.ctors)

.rel.dtors
 *(.rel.dtors)

.rela.dtors
 *(.rela.dtors)

.rel.got
 *(.rel.got)

.rela.got
 *(.rela.got)

.rel.bss
 *(.rel.bss)

.rela.bss
 *(.rela.bss)

.rel.plt
 *(.rel.plt)

.rela.plt
 *(.rela.plt)

.text           0x00000000     0x43e2
 *(.vectors)
 .vectors       0x00000000      0x1f4 c:/program files (x86)/atmel/atmel toolchain/avr8 gcc/native/3.4.2.1002/avr8-gnu-toolchain/bin/../lib/gcc/avr/4.7.2/../../../../avr/lib/avrxmega5/crtx64a1.o
                0x00000000                __vector_default
                0x00000000                __vectors
 *(.vectors)
 *(.progmem.gcc*)
 .progmem.gcc_sw_table._Z12debug_outputv
                0x000001f4       0x2a main.o
 .progmem.gcc_fplib
                0x0000021e       0x2d c:/program files (x86)/atmel/atmel toolchain/avr8 gcc/native/3.4.2.1002/avr8-gnu-toolchain/bin/../lib/gcc/avr/4.7.2/../../../../avr/lib/avrxmega5\libm.a(atan.o)
 *(.progmem*)
                0x0000024c                . = ALIGN (0x2)
 *fill*         0x0000024b        0x1 
                0x0000024c                __trampolines_start = .
 *(.trampolines)
 .trampolines   0x0000024c        0x0 linker stubs
 *(.trampolines*)
                0x0000024c                __trampolines_end = .
 *(.jumptables)
 *(.jumptables*)
 *(.lowtext)
 *(.lowtext*)
                0x0000024c                __ctors_start = .
 *(.ctors)
 .ctors         0x0000024c        0x2 main.o
                0x0000024e                __ctors_end = .
                0x0000024e                __dtors_start = .
 *(.dtors)
 .dtors         0x0000024e        0x2 main.o
                0x00000250                __dtors_end = .
 SORT(*)(.ctors)
 SORT(*)(.dtors)
 *(.init0)
 .init0         0x00000250        0x0 c:/program files (x86)/atmel/atmel toolchain/avr8 gcc/native/3.4.2.1002/avr8-gnu-toolchain/bin/../lib/gcc/avr/4.7.2/../../../../avr/lib/avrxmega5/crtx64a1.o
                0x00000250                __init
 *(.init0)
 *(.init1)
 *(.init1)
 *(.init2)
 .init2         0x00000250       0x14 c:/program files (x86)/atmel/atmel toolchain/avr8 gcc/native/3.4.2.1002/avr8-gnu-toolchain/bin/../lib/gcc/avr/4.7.2/../../../../avr/lib/avrxmega5/crtx64a1.o
 *(.init2)
 *(.init3)
 *(.init3)
 *(.init4)
 .init4         0x00000264       0x1c c:/program files (x86)/atmel/atmel toolchain/avr8 gcc/native/3.4.2.1002/avr8-gnu-toolchain/bin/../lib/gcc/avr/4.7.2/avrxmega5\libgcc.a(_copy_data.o)
                0x00000264                __do_copy_data
 .init4         0x00000280       0x10 c:/program files (x86)/atmel/atmel toolchain/avr8 gcc/native/3.4.2.1002/avr8-gnu-toolchain/bin/../lib/gcc/avr/4.7.2/avrxmega5\libgcc.a(_clear_bss.o)
                0x00000280                __do_clear_bss
 *(.init4)
 *(.init5)
 *(.init5)
 *(.init6)
 .init6         0x00000290       0x20 c:/program files (x86)/atmel/atmel toolchain/avr8 gcc/native/3.4.2.1002/avr8-gnu-toolchain/bin/../lib/gcc/avr/4.7.2/avrxmega5\libgcc.a(_ctors.o)
                0x00000290                __do_global_ctors
 *(.init6)
 *(.init7)
 *(.init7)
 *(.init8)
 *(.init8)
 *(.init9)
 .init9         0x000002b0        0x8 c:/program files (x86)/atmel/atmel toolchain/avr8 gcc/native/3.4.2.1002/avr8-gnu-toolchain/bin/../lib/gcc/avr/4.7.2/../../../../avr/lib/avrxmega5/crtx64a1.o
 *(.init9)
 *(.text)
 .text          0x000002b8        0x4 c:/program files (x86)/atmel/atmel toolchain/avr8 gcc/native/3.4.2.1002/avr8-gnu-toolchain/bin/../lib/gcc/avr/4.7.2/../../../../avr/lib/avrxmega5/crtx64a1.o
                0x000002b8                __vector_38
                0x000002b8                __vector_104
                0x000002b8                __vector_22
                0x000002b8                __vector_63
                0x000002b8                __vector_28
                0x000002b8                __vector_67
                0x000002b8                __vector_119
                0x000002b8                __vector_32
                0x000002b8                __vector_75
                0x000002b8                __vector_91
                0x000002b8                __vector_34
                0x000002b8                __vector_62
                0x000002b8                __vector_77
                0x000002b8                __vector_102
                0x000002b8                __vector_24
                0x000002b8                __vector_12
                0x000002b8                __vector_55
                0x000002b8                __vector_69
                0x000002b8                __vector_81
                0x000002b8                __vector_90
                0x000002b8                __vector_46
                0x000002b8                __bad_interrupt
                0x000002b8                __vector_122
                0x000002b8                __vector_72
                0x000002b8                __vector_114
                0x000002b8                __vector_6
                0x000002b8                __vector_110
                0x000002b8                __vector_31
                0x000002b8                __vector_92
                0x000002b8                __vector_35
                0x000002b8                __vector_78
                0x000002b8                __vector_74
                0x000002b8                __vector_117
                0x000002b8                __vector_107
                0x000002b8                __vector_3
                0x000002b8                __vector_105
                0x000002b8                __vector_98
                0x000002b8                __vector_23
                0x000002b8                __vector_68
                0x000002b8                __vector_30
                0x000002b8                __vector_73
                0x000002b8                __vector_45
                0x000002b8                __vector_25
                0x000002b8                __vector_93
                0x000002b8                __vector_61
                0x000002b8                __vector_11
                0x000002b8                __vector_54
                0x000002b8                __vector_99
                0x000002b8                __vector_17
                0x000002b8                __vector_19
                0x000002b8                __vector_56
                0x000002b8                __vector_7
                0x000002b8                __vector_49
                0x000002b8                __vector_123
                0x000002b8                __vector_41
                0x000002b8                __vector_86
                0x000002b8                __vector_100
                0x000002b8                __vector_101
                0x000002b8                __vector_64
                0x000002b8                __vector_109
                0x000002b8                __vector_43
                0x000002b8                __vector_27
                0x000002b8                __vector_5
                0x000002b8                __vector_113
                0x000002b8                __vector_33
                0x000002b8                __vector_115
                0x000002b8                __vector_47
                0x000002b8                __vector_52
                0x000002b8                __vector_37
                0x000002b8                __vector_95
                0x000002b8                __vector_103
                0x000002b8                __vector_96
                0x000002b8                __vector_108
                0x000002b8                __vector_4
                0x000002b8                __vector_44
                0x000002b8                __vector_82
                0x000002b8                __vector_106
                0x000002b8                __vector_118
                0x000002b8                __vector_51
                0x000002b8                __vector_9
                0x000002b8                __vector_2
                0x000002b8                __vector_21
                0x000002b8                __vector_15
                0x000002b8                __vector_66
                0x000002b8                __vector_36
                0x000002b8                __vector_79
                0x000002b8                __vector_58
                0x000002b8                __vector_70
                0x000002b8                __vector_83
                0x000002b8                __vector_29
                0x000002b8                __vector_60
                0x000002b8                __vector_121
                0x000002b8                __vector_40
                0x000002b8                __vector_85
                0x000002b8                __vector_94
                0x000002b8                __vector_8
                0x000002b8                __vector_26
                0x000002b8                __vector_48
                0x000002b8                __vector_124
                0x000002b8                __vector_116
                0x000002b8                __vector_112
                0x000002b8                __vector_111
                0x000002b8                __vector_80
                0x000002b8                __vector_84
                0x000002b8                __vector_57
                0x000002b8                __vector_53
                0x000002b8                __vector_10
                0x000002b8                __vector_50
                0x000002b8                __vector_16
                0x000002b8                __vector_59
                0x000002b8                __vector_18
                0x000002b8                __vector_97
                0x000002b8                __vector_20
                0x000002b8                __vector_42
                0x000002b8                __vector_87
                0x000002b8                __vector_65
                0x000002b8                __vector_120
                0x000002bc                . = ALIGN (0x2)
 *(.text.*)
 .text.TWI_MasterInit
                0x000002bc       0x22 driver/twimaster.o
                0x000002bc                TWI_MasterInit
 .text.TWI_MasterWriteRead
                0x000002de       0xa0 driver/twimaster.o
                0x000002de                TWI_MasterWriteRead
 .text.TWI_MasterWriteNull
                0x0000037e       0x50 driver/twimaster.o
                0x0000037e                TWI_MasterWriteNull
 .text.TWI_MasterArbitrationLostBusErrorHandler
                0x000003ce       0x28 driver/twimaster.o
                0x000003ce                TWI_MasterArbitrationLostBusErrorHandler
 .text.TWI_MasterWriteHandler
                0x000003f6       0x82 driver/twimaster.o
                0x000003f6                TWI_MasterWriteHandler
 .text.TWI_MasterReadHandler
                0x00000478       0x82 driver/twimaster.o
                0x00000478                TWI_MasterReadHandler
 .text.TWI_MasterInterruptHandler
                0x000004fa       0x32 driver/twimaster.o
                0x000004fa                TWI_MasterInterruptHandler
 .text.usart_init
                0x0000052c      0x10c driver/usart.o
                0x0000052c                usart_init
 .text.usart_putc
                0x00000638       0x4c driver/usart.o
                0x00000638                usart_putc
 .text.USART_DataRegEmpty
                0x00000684       0x48 driver/usart.o
                0x00000684                USART_DataRegEmpty
 .text.__vector_88
                0x000006cc      0x5e4 libs/atmega8.o
                0x000006cc                __vector_88
 .text.__vector_89
                0x00000cb0       0x6a libs/atmega8.o
                0x00000cb0                __vector_89
 .text._Z12atmega8_initv
                0x00000d1a       0x22 libs/atmega8.o
                0x00000d1a                _Z12atmega8_initv
 .text._Z19atmega8_kalibrationh
                0x00000d3c       0x36 libs/atmega8.o
                0x00000d3c                _Z19atmega8_kalibrationh
 .text.__vector_71
                0x00000d72       0xb2 libs/ir.o
                0x00000d72                __vector_71
 .text.__vector_39
                0x00000e24       0x4e libs/ir.o
                0x00000e24                __vector_39
 .text._Z8ADC_calli
                0x00000e72       0x12 libs/ir.o
                0x00000e72                _Z8ADC_calli
 .text._Z8ADC_initv
                0x00000e84       0x56 libs/ir.o
                0x00000e84                _Z8ADC_initv
 .text._Z5sinusi
                0x00000eda       0x86 libs/motor.o
                0x00000eda                _Z5sinusi
 .text._Z10MotorPowerhi
                0x00000f60       0x6e libs/motor.o
                0x00000f60                _Z10MotorPowerhi
 .text._Z13Fahrtrichtungif
                0x00000fce      0x14e libs/motor.o
                0x00000fce                _Z13Fahrtrichtungif
 .text._Z14FahrtrichtungBif
                0x0000111c      0x16c libs/motor.o
                0x0000111c                _Z14FahrtrichtungBif
 .text._Z16Fahrtrichtung_XYii
                0x00001288       0x22 libs/motor.o
                0x00001288                _Z16Fahrtrichtung_XYii
 .text._Z9wdt_delayj
                0x000012aa       0xd6 libs/motor.o
                0x000012aa                _Z9wdt_delayj
 .text._ZN8dribbler5powerEb
                0x00001380       0x3e libs/periphery.o
                0x00001380                _ZN8dribbler5powerEb
 .text._ZN6schuss4KickEv
                0x000013be       0x54 libs/periphery.o
                0x000013be                _ZN6schuss4KickEv
 .text._ZN6schuss7Kick_LPEv
                0x00001412       0x2c libs/periphery.o
                0x00001412                _ZN6schuss7Kick_LPEv
 .text._ZN6schuss4tickEv
                0x0000143e       0x30 libs/periphery.o
                0x0000143e                _ZN6schuss4tickEv
 .text._ZN6ballda6updateEv
                0x0000146e       0x8a libs/periphery.o
                0x0000146e                _ZN6ballda6updateEv
 .text.__vector_14
                0x000014f8      0xaec main.o
                0x000014f8                __vector_14
 .text.__vector_13
                0x00001fe4       0x6a main.o
                0x00001fe4                __vector_13
 .text.__vector_76
                0x0000204e       0x6a main.o
                0x0000204e                __vector_76
 .text.__vector_1
                0x000020b8       0x40 main.o
                0x000020b8                __vector_1
 .text._Z12debug_outputv
                0x000020f8      0xbe0 main.o
                0x000020f8                _Z12debug_outputv
 .text._Z7spielB1v
                0x00002cd8      0x352 main.o
                0x00002cd8                _Z7spielB1v
 .text._Z7spielB2v
                0x0000302a      0x1b4 main.o
                0x0000302a                _Z7spielB2v
 .text._Z8torwartBv
                0x000031de      0x1a4 main.o
                0x000031de                _Z8torwartBv
 .text._Z11PIDprogrammv
                0x00003382       0x26 main.o
                0x00003382                _Z11PIDprogrammv
 .text.startup.main
                0x000033a8      0x256 main.o
                0x000033a8                main
 .text.startup._GLOBAL__sub_I_Soft_Counter
                0x000035fe       0x7e main.o
 .text.exit._GLOBAL__sub_D_Soft_Counter
                0x0000367c       0x48 main.o
 .text._ZN6cmps03C2EP10TWI_Masterh
                0x000036c4        0xc sensor/cmps03.o
                0x000036c4                _ZN6cmps03C1EP10TWI_Masterh
                0x000036c4                _ZN6cmps03C2EP10TWI_Masterh
 .text._ZN6cmps03D2Ev
                0x000036d0        0x2 sensor/cmps03.o
                0x000036d0                _ZN6cmps03D2Ev
                0x000036d0                _ZN6cmps03D1Ev
 .text._ZN5lcd03C2EP10TWI_Masterh
                0x000036d2        0xa sensor/lcd03.o
                0x000036d2                _ZN5lcd03C1EP10TWI_Masterh
                0x000036d2                _ZN5lcd03C2EP10TWI_Masterh
 .text._ZN5lcd03D2Ev
                0x000036dc        0x2 sensor/lcd03.o
                0x000036dc                _ZN5lcd03D1Ev
                0x000036dc                _ZN5lcd03D2Ev
 .text._ZN5lcd037out_strEhhPKc
                0x000036de       0x8e sensor/lcd03.o
                0x000036de                _ZN5lcd037out_strEhhPKc
 .text._ZN5lcd037out_intEhhi
                0x0000376c       0x60 sensor/lcd03.o
                0x0000376c                _ZN5lcd037out_intEhhi
 .text._ZN5lcd035clearEv
                0x000037cc       0x40 sensor/lcd03.o
                0x000037cc                _ZN5lcd035clearEv
 .text._ZN5lcd035lightEh
                0x0000380c       0x4a sensor/lcd03.o
                0x0000380c                _ZN5lcd035lightEh
 .text._ZN5lcd0310set_cursorEhh
                0x00003856       0x48 sensor/lcd03.o
                0x00003856                _ZN5lcd0310set_cursorEhh
 .text._ZN5lcd0310write_charEc
                0x0000389e       0x40 sensor/lcd03.o
                0x0000389e                _ZN5lcd0310write_charEc
 .text._ZN5lcd038read_keyEv
                0x000038de       0x84 sensor/lcd03.o
                0x000038de                _ZN5lcd038read_keyEv
 .text._ZN6legoIRC2EP10TWI_Masterh
                0x00003962        0xc sensor/legoIR.o
                0x00003962                _ZN6legoIRC2EP10TWI_Masterh
                0x00003962                _ZN6legoIRC1EP10TWI_Masterh
 .text._ZN6legoIRD2Ev
                0x0000396e        0x2 sensor/legoIR.o
                0x0000396e                _ZN6legoIRD1Ev
                0x0000396e                _ZN6legoIRD2Ev
 .text._ZN7mpu6050C2EP10TWI_Masterh
                0x00003970        0xc sensor/mpu6050.o
                0x00003970                _ZN7mpu6050C2EP10TWI_Masterh
                0x00003970                _ZN7mpu6050C1EP10TWI_Masterh
 .text._ZN7mpu6050D2Ev
                0x0000397c        0x2 sensor/mpu6050.o
                0x0000397c                _ZN7mpu6050D1Ev
                0x0000397c                _ZN7mpu6050D2Ev
 .text._ZN5PixieC2EP10TWI_Masterh
                0x0000397e        0xa sensor/pixie.o
                0x0000397e                _ZN5PixieC1EP10TWI_Masterh
                0x0000397e                _ZN5PixieC2EP10TWI_Masterh
 .text._ZN5PixieD2Ev
                0x00003988        0x2 sensor/pixie.o
                0x00003988                _ZN5PixieD2Ev
                0x00003988                _ZN5PixieD1Ev
 .text._ZN5Pixie8pollDataEv
                0x0000398a       0xb0 sensor/pixie.o
                0x0000398a                _ZN5Pixie8pollDataEv
 .text._ZN5Pixie4getXEv
                0x00003a3a        0x8 sensor/pixie.o
                0x00003a3a                _ZN5Pixie4getXEv
 .text._ZN5Pixie8ledColorEhhh
                0x00003a42       0x5e sensor/pixie.o
                0x00003a42                _ZN5Pixie8ledColorEhhh
 .text._ZN5srf08C2EP10TWI_Masterh
                0x00003aa0        0xc sensor/srf08.o
                0x00003aa0                _ZN5srf08C2EP10TWI_Masterh
                0x00003aa0                _ZN5srf08C1EP10TWI_Masterh
 .text._ZN5srf08D2Ev
                0x00003aac        0x2 sensor/srf08.o
                0x00003aac                _ZN5srf08D2Ev
                0x00003aac                _ZN5srf08D1Ev
 .text.avr-libc.fplib
                0x00003aae        0xa c:/program files (x86)/atmel/atmel toolchain/avr8 gcc/native/3.4.2.1002/avr8-gnu-toolchain/bin/../lib/gcc/avr/4.7.2/../../../../avr/lib/avrxmega5\libm.a(addsf3.o)
                0x00003aae                __subsf3
                0x00003ab0                __addsf3
 .text.avr-libc.fplib
                0x00003ab8       0xc0 c:/program files (x86)/atmel/atmel toolchain/avr8 gcc/native/3.4.2.1002/avr8-gnu-toolchain/bin/../lib/gcc/avr/4.7.2/../../../../avr/lib/avrxmega5\libm.a(addsf3x.o)
                0x00003ad2                __addsf3x
 .text.avr-libc.fplib
                0x00003b78       0x74 c:/program files (x86)/atmel/atmel toolchain/avr8 gcc/native/3.4.2.1002/avr8-gnu-toolchain/bin/../lib/gcc/avr/4.7.2/../../../../avr/lib/avrxmega5\libm.a(atan2.o)
                0x00003b96                atan2
 .text.avr-libc.fplib
                0x00003bec       0x50 c:/program files (x86)/atmel/atmel toolchain/avr8 gcc/native/3.4.2.1002/avr8-gnu-toolchain/bin/../lib/gcc/avr/4.7.2/../../../../avr/lib/avrxmega5\libm.a(atan.o)
                0x00003bec                atan
 .text.avr-libc.fplib
                0x00003c3c       0x26 c:/program files (x86)/atmel/atmel toolchain/avr8 gcc/native/3.4.2.1002/avr8-gnu-toolchain/bin/../lib/gcc/avr/4.7.2/../../../../avr/lib/avrxmega5\libm.a(ceil.o)
                0x00003c3c                ceil
 .text.avr-libc.fplib
                0x00003c62        0x8 c:/program files (x86)/atmel/atmel toolchain/avr8 gcc/native/3.4.2.1002/avr8-gnu-toolchain/bin/../lib/gcc/avr/4.7.2/../../../../avr/lib/avrxmega5\libm.a(cmpsf2.o)
                0x00003c62                __nesf2
                0x00003c62                __eqsf2
                0x00003c62                __cmpsf2
                0x00003c62                __ltsf2
                0x00003c62                __lesf2
 .text.avr-libc.fplib
                0x00003c6a        0x4 c:/program files (x86)/atmel/atmel toolchain/avr8 gcc/native/3.4.2.1002/avr8-gnu-toolchain/bin/../lib/gcc/avr/4.7.2/../../../../avr/lib/avrxmega5\libm.a(divsf3.o)
                0x00003c6a                __divsf3
 .text.avr-libc.fplib
                0x00003c6e       0xcc c:/program files (x86)/atmel/atmel toolchain/avr8 gcc/native/3.4.2.1002/avr8-gnu-toolchain/bin/../lib/gcc/avr/4.7.2/../../../../avr/lib/avrxmega5\libm.a(divsf3x.o)
                0x00003c84                __divsf3x
                0x00003c88                __divsf3_pse
 .text.avr-libc.fplib
                0x00003d3a        0xa c:/program files (x86)/atmel/atmel toolchain/avr8 gcc/native/3.4.2.1002/avr8-gnu-toolchain/bin/../lib/gcc/avr/4.7.2/../../../../avr/lib/avrxmega5\libm.a(fixsfsi.o)
                0x00003d3a                __fixsfsi
 .text.avr-libc.fplib
                0x00003d44       0x58 c:/program files (x86)/atmel/atmel toolchain/avr8 gcc/native/3.4.2.1002/avr8-gnu-toolchain/bin/../lib/gcc/avr/4.7.2/../../../../avr/lib/avrxmega5\libm.a(fixunssfsi.o)
                0x00003d44                __fixunssfsi
 .text.avr-libc.fplib
                0x00003d9c       0x7a c:/program files (x86)/atmel/atmel toolchain/avr8 gcc/native/3.4.2.1002/avr8-gnu-toolchain/bin/../lib/gcc/avr/4.7.2/../../../../avr/lib/avrxmega5\libm.a(floatsisf.o)
                0x00003d9c                __floatunsisf
                0x00003da0                __floatsisf
 .text.avr-libc.fplib
                0x00003e16       0x26 c:/program files (x86)/atmel/atmel toolchain/avr8 gcc/native/3.4.2.1002/avr8-gnu-toolchain/bin/../lib/gcc/avr/4.7.2/../../../../avr/lib/avrxmega5\libm.a(floor.o)
                0x00003e16                floor
 .text.avr-libc.fplib
                0x00003e3c       0x48 c:/program files (x86)/atmel/atmel toolchain/avr8 gcc/native/3.4.2.1002/avr8-gnu-toolchain/bin/../lib/gcc/avr/4.7.2/../../../../avr/lib/avrxmega5\libm.a(fp_cmp.o)
                0x00003e3c                __fp_cmp
 .text.avr-libc.fplib
                0x00003e84        0xc c:/program files (x86)/atmel/atmel toolchain/avr8 gcc/native/3.4.2.1002/avr8-gnu-toolchain/bin/../lib/gcc/avr/4.7.2/../../../../avr/lib/avrxmega5\libm.a(fp_inf.o)
                0x00003e84                __fp_inf
 .text.avr-libc.fplib
                0x00003e90       0x36 c:/program files (x86)/atmel/atmel toolchain/avr8 gcc/native/3.4.2.1002/avr8-gnu-toolchain/bin/../lib/gcc/avr/4.7.2/../../../../avr/lib/avrxmega5\libm.a(fp_mintl.o)
                0x00003e90                __fp_mintl
 .text.avr-libc.fplib
                0x00003ec6       0x1c c:/program files (x86)/atmel/atmel toolchain/avr8 gcc/native/3.4.2.1002/avr8-gnu-toolchain/bin/../lib/gcc/avr/4.7.2/../../../../avr/lib/avrxmega5\libm.a(fp_mpack.o)
                0x00003ec6                __fp_mpack
                0x00003eca                __fp_mpack_finite
 .text.avr-libc.fplib
                0x00003ee2        0x6 c:/program files (x86)/atmel/atmel toolchain/avr8 gcc/native/3.4.2.1002/avr8-gnu-toolchain/bin/../lib/gcc/avr/4.7.2/../../../../avr/lib/avrxmega5\libm.a(fp_nan.o)
                0x00003ee2                __fp_nan
 .text.avr-libc.fplib
                0x00003ee8       0x4a c:/program files (x86)/atmel/atmel toolchain/avr8 gcc/native/3.4.2.1002/avr8-gnu-toolchain/bin/../lib/gcc/avr/4.7.2/../../../../avr/lib/avrxmega5\libm.a(fp_powser.o)
                0x00003ee8                __fp_powser
 .text.avr-libc.fplib
                0x00003f32        0xe c:/program files (x86)/atmel/atmel toolchain/avr8 gcc/native/3.4.2.1002/avr8-gnu-toolchain/bin/../lib/gcc/avr/4.7.2/../../../../avr/lib/avrxmega5\libm.a(fp_pscA.o)
                0x00003f32                __fp_pscA
 .text.avr-libc.fplib
                0x00003f40        0xe c:/program files (x86)/atmel/atmel toolchain/avr8 gcc/native/3.4.2.1002/avr8-gnu-toolchain/bin/../lib/gcc/avr/4.7.2/../../../../avr/lib/avrxmega5\libm.a(fp_pscB.o)
                0x00003f40                __fp_pscB
 .text.avr-libc.fplib
                0x00003f4e       0x22 c:/program files (x86)/atmel/atmel toolchain/avr8 gcc/native/3.4.2.1002/avr8-gnu-toolchain/bin/../lib/gcc/avr/4.7.2/../../../../avr/lib/avrxmega5\libm.a(fp_round.o)
                0x00003f4e                __fp_round
 .text.avr-libc.fplib
                0x00003f70       0x44 c:/program files (x86)/atmel/atmel toolchain/avr8 gcc/native/3.4.2.1002/avr8-gnu-toolchain/bin/../lib/gcc/avr/4.7.2/../../../../avr/lib/avrxmega5\libm.a(fp_split3.o)
                0x00003f70                __fp_split3
                0x00003f80                __fp_splitA
 .text.avr-libc.fplib
                0x00003fb4       0x2e c:/program files (x86)/atmel/atmel toolchain/avr8 gcc/native/3.4.2.1002/avr8-gnu-toolchain/bin/../lib/gcc/avr/4.7.2/../../../../avr/lib/avrxmega5\libm.a(fp_trunc.o)
                0x00003fb4                __fp_trunc
 .text.avr-libc.fplib
                0x00003fe2        0xe c:/program files (x86)/atmel/atmel toolchain/avr8 gcc/native/3.4.2.1002/avr8-gnu-toolchain/bin/../lib/gcc/avr/4.7.2/../../../../avr/lib/avrxmega5\libm.a(fp_zero.o)
                0x00003fe2                __fp_zero
                0x00003fe4                __fp_szero
 .text.avr-libc.fplib
                0x00003ff0        0x8 c:/program files (x86)/atmel/atmel toolchain/avr8 gcc/native/3.4.2.1002/avr8-gnu-toolchain/bin/../lib/gcc/avr/4.7.2/../../../../avr/lib/avrxmega5\libm.a(gesf2.o)
                0x00003ff0                __gesf2
                0x00003ff0                __gtsf2
 .text.avr-libc.fplib
                0x00003ff8       0xc2 c:/program files (x86)/atmel/atmel toolchain/avr8 gcc/native/3.4.2.1002/avr8-gnu-toolchain/bin/../lib/gcc/avr/4.7.2/../../../../avr/lib/avrxmega5\libm.a(hypot.o)
                0x0000400a                hypot
 .text.avr-libc.fplib
                0x000040ba        0xe c:/program files (x86)/atmel/atmel toolchain/avr8 gcc/native/3.4.2.1002/avr8-gnu-toolchain/bin/../lib/gcc/avr/4.7.2/../../../../avr/lib/avrxmega5\libm.a(inverse.o)
                0x000040ba                inverse
 .text.avr-libc.fplib
                0x000040c8       0x6c c:/program files (x86)/atmel/atmel toolchain/avr8 gcc/native/3.4.2.1002/avr8-gnu-toolchain/bin/../lib/gcc/avr/4.7.2/../../../../avr/lib/avrxmega5\libm.a(ldexp.o)
                0x000040cc                ldexp
 .text.avr-libc.fplib
                0x00004134        0x4 c:/program files (x86)/atmel/atmel toolchain/avr8 gcc/native/3.4.2.1002/avr8-gnu-toolchain/bin/../lib/gcc/avr/4.7.2/../../../../avr/lib/avrxmega5\libm.a(mulsf3.o)
                0x00004134                __mulsf3
 .text.avr-libc.fplib
                0x00004138       0xc2 c:/program files (x86)/atmel/atmel toolchain/avr8 gcc/native/3.4.2.1002/avr8-gnu-toolchain/bin/../lib/gcc/avr/4.7.2/../../../../avr/lib/avrxmega5\libm.a(mulsf3x.o)
                0x0000414c                __mulsf3x
                0x00004150                __mulsf3_pse
 .text.avr-libc.fplib
                0x000041fa       0x84 c:/program files (x86)/atmel/atmel toolchain/avr8 gcc/native/3.4.2.1002/avr8-gnu-toolchain/bin/../lib/gcc/avr/4.7.2/../../../../avr/lib/avrxmega5\libm.a(sqrt.o)
                0x00004202                sqrt
 .text.avr-libc.fplib
                0x0000427e        0x6 c:/program files (x86)/atmel/atmel toolchain/avr8 gcc/native/3.4.2.1002/avr8-gnu-toolchain/bin/../lib/gcc/avr/4.7.2/../../../../avr/lib/avrxmega5\libm.a(square.o)
                0x0000427e                square
 .text.avr-libc.fplib
                0x00004284        0xe c:/program files (x86)/atmel/atmel toolchain/avr8 gcc/native/3.4.2.1002/avr8-gnu-toolchain/bin/../lib/gcc/avr/4.7.2/../../../../avr/lib/avrxmega5\libm.a(fp_norm2.o)
                0x00004284                __fp_norm2
 .text.libgcc   0x00004292        0xc c:/program files (x86)/atmel/atmel toolchain/avr8 gcc/native/3.4.2.1002/avr8-gnu-toolchain/bin/../lib/gcc/avr/4.7.2/avrxmega5\libgcc.a(_tablejump.o)
                0x00004292                __tablejump2__
                0x00004296                __tablejump__
 .text.libgcc   0x0000429e        0xa c:/program files (x86)/atmel/atmel toolchain/avr8 gcc/native/3.4.2.1002/avr8-gnu-toolchain/bin/../lib/gcc/avr/4.7.2/avrxmega5\libgcc.a(_tablejump_elpm.o)
                0x0000429e                __tablejump_elpm__
 .text.avr-libc
                0x000042a8       0x12 c:/program files (x86)/atmel/atmel toolchain/avr8 gcc/native/3.4.2.1002/avr8-gnu-toolchain/bin/../lib/gcc/avr/4.7.2/../../../../avr/lib/avrxmega5\libc.a(memcpy.o)
                0x000042a8                memcpy
 .text.avr-libc
                0x000042ba       0x42 c:/program files (x86)/atmel/atmel toolchain/avr8 gcc/native/3.4.2.1002/avr8-gnu-toolchain/bin/../lib/gcc/avr/4.7.2/../../../../avr/lib/avrxmega5\libc.a(itoa.o)
                0x000042ba                itoa
 .text.avr-libc
                0x000042fc        0xa c:/program files (x86)/atmel/atmel toolchain/avr8 gcc/native/3.4.2.1002/avr8-gnu-toolchain/bin/../lib/gcc/avr/4.7.2/../../../../avr/lib/avrxmega5\libc.a(eerd_word_atxmega64a1.o)
                0x000042fc                __eerd_word_x64a1
 .text.avr-libc
                0x00004306        0xa c:/program files (x86)/atmel/atmel toolchain/avr8 gcc/native/3.4.2.1002/avr8-gnu-toolchain/bin/../lib/gcc/avr/4.7.2/../../../../avr/lib/avrxmega5\libc.a(eewr_word_atxmega64a1.o)
                0x00004306                __eewr_word_x64a1
 .text.avr-libc
                0x00004310       0x20 c:/program files (x86)/atmel/atmel toolchain/avr8 gcc/native/3.4.2.1002/avr8-gnu-toolchain/bin/../lib/gcc/avr/4.7.2/../../../../avr/lib/avrxmega5\libc.a(eerd_byte_atxmega64a1u.o)
                0x00004310                __eerd_byte_x64a1u
                0x00004318                eeprom_mapen
 .text.avr-libc
                0x00004330       0x20 c:/program files (x86)/atmel/atmel toolchain/avr8 gcc/native/3.4.2.1002/avr8-gnu-toolchain/bin/../lib/gcc/avr/4.7.2/../../../../avr/lib/avrxmega5\libc.a(strrev.o)
                0x00004330                strrev
 .text.avr-libc
                0x00004350       0x46 c:/program files (x86)/atmel/atmel toolchain/avr8 gcc/native/3.4.2.1002/avr8-gnu-toolchain/bin/../lib/gcc/avr/4.7.2/../../../../avr/lib/avrxmega5\libc.a(eewr_byte_atxmega64a1.o)
                0x00004350                __eewr_byte_x64a1
                0x00004352                __eewr_r18_x64a1
 .text.libgcc.div
                0x00004396       0x28 c:/program files (x86)/atmel/atmel toolchain/avr8 gcc/native/3.4.2.1002/avr8-gnu-toolchain/bin/../lib/gcc/avr/4.7.2/avrxmega5\libgcc.a(_udivmodhi4.o)
                0x00004396                __udivmodhi4
                0x000043be                . = ALIGN (0x2)
 *(.fini9)
 .fini9         0x000043be        0x0 c:/program files (x86)/atmel/atmel toolchain/avr8 gcc/native/3.4.2.1002/avr8-gnu-toolchain/bin/../lib/gcc/avr/4.7.2/avrxmega5\libgcc.a(_exit.o)
                0x000043be                _exit
                0x000043be                exit
 *(.fini9)
 *(.fini8)
 *(.fini8)
 *(.fini7)
 *(.fini7)
 *(.fini6)
 .fini6         0x000043be       0x20 c:/program files (x86)/atmel/atmel toolchain/avr8 gcc/native/3.4.2.1002/avr8-gnu-toolchain/bin/../lib/gcc/avr/4.7.2/avrxmega5\libgcc.a(_dtors.o)
                0x000043be                __do_global_dtors
 *(.fini6)
 *(.fini5)
 *(.fini5)
 *(.fini4)
 *(.fini4)
 *(.fini3)
 *(.fini3)
 *(.fini2)
 *(.fini2)
 *(.fini1)
 *(.fini1)
 *(.fini0)
 .fini0         0x000043de        0x4 c:/program files (x86)/atmel/atmel toolchain/avr8 gcc/native/3.4.2.1002/avr8-gnu-toolchain/bin/../lib/gcc/avr/4.7.2/avrxmega5\libgcc.a(_exit.o)
 *(.fini0)
                0x000043e2                _etext = .

.data           0x00802000      0x454 load address 0x000043e2
                0x00802000                PROVIDE (__data_start, .)
 *(.data)
 .data          0x00802000        0x0 c:/program files (x86)/atmel/atmel toolchain/avr8 gcc/native/3.4.2.1002/avr8-gnu-toolchain/bin/../lib/gcc/avr/4.7.2/../../../../avr/lib/avrxmega5/crtx64a1.o
 .data          0x00802000        0x0 driver/twimaster.o
 .data          0x00802000        0x0 driver/usart.o
 .data          0x00802000        0x0 libs/atmega8.o
 .data          0x00802000        0x0 libs/ir.o
 .data          0x00802000        0x0 libs/ir_asm.o
 .data          0x00802000        0x0 libs/motor.o
 .data          0x00802000        0x0 libs/periphery.o
 .data          0x00802000        0x0 main.o
 .data          0x00802000        0x0 sensor/cmps03.o
 .data          0x00802000        0x0 sensor/lcd03.o
 .data          0x00802000        0x0 sensor/legoIR.o
 .data          0x00802000        0x0 sensor/mpu6050.o
 .data          0x00802000        0x0 sensor/pixie.o
 .data          0x00802000        0x0 sensor/srf08.o
 .data          0x00802000        0x0 c:/program files (x86)/atmel/atmel toolchain/avr8 gcc/native/3.4.2.1002/avr8-gnu-toolchain/bin/../lib/gcc/avr/4.7.2/../../../../avr/lib/avrxmega5\libm.a(addsf3.o)
 .data          0x00802000        0x0 c:/program files (x86)/atmel/atmel toolchain/avr8 gcc/native/3.4.2.1002/avr8-gnu-toolchain/bin/../lib/gcc/avr/4.7.2/../../../../avr/lib/avrxmega5\libm.a(addsf3x.o)
 .data          0x00802000        0x0 c:/program files (x86)/atmel/atmel toolchain/avr8 gcc/native/3.4.2.1002/avr8-gnu-toolchain/bin/../lib/gcc/avr/4.7.2/../../../../avr/lib/avrxmega5\libm.a(atan2.o)
 .data          0x00802000        0x0 c:/program files (x86)/atmel/atmel toolchain/avr8 gcc/native/3.4.2.1002/avr8-gnu-toolchain/bin/../lib/gcc/avr/4.7.2/../../../../avr/lib/avrxmega5\libm.a(atan.o)
 .data          0x00802000        0x0 c:/program files (x86)/atmel/atmel toolchain/avr8 gcc/native/3.4.2.1002/avr8-gnu-toolchain/bin/../lib/gcc/avr/4.7.2/../../../../avr/lib/avrxmega5\libm.a(ceil.o)
 .data          0x00802000        0x0 c:/program files (x86)/atmel/atmel toolchain/avr8 gcc/native/3.4.2.1002/avr8-gnu-toolchain/bin/../lib/gcc/avr/4.7.2/../../../../avr/lib/avrxmega5\libm.a(cmpsf2.o)
 .data          0x00802000        0x0 c:/program files (x86)/atmel/atmel toolchain/avr8 gcc/native/3.4.2.1002/avr8-gnu-toolchain/bin/../lib/gcc/avr/4.7.2/../../../../avr/lib/avrxmega5\libm.a(divsf3.o)
 .data          0x00802000        0x0 c:/program files (x86)/atmel/atmel toolchain/avr8 gcc/native/3.4.2.1002/avr8-gnu-toolchain/bin/../lib/gcc/avr/4.7.2/../../../../avr/lib/avrxmega5\libm.a(divsf3x.o)
 .data          0x00802000        0x0 c:/program files (x86)/atmel/atmel toolchain/avr8 gcc/native/3.4.2.1002/avr8-gnu-toolchain/bin/../lib/gcc/avr/4.7.2/../../../../avr/lib/avrxmega5\libm.a(fixsfsi.o)
 .data          0x00802000        0x0 c:/program files (x86)/atmel/atmel toolchain/avr8 gcc/native/3.4.2.1002/avr8-gnu-toolchain/bin/../lib/gcc/avr/4.7.2/../../../../avr/lib/avrxmega5\libm.a(fixunssfsi.o)
 .data          0x00802000        0x0 c:/program files (x86)/atmel/atmel toolchain/avr8 gcc/native/3.4.2.1002/avr8-gnu-toolchain/bin/../lib/gcc/avr/4.7.2/../../../../avr/lib/avrxmega5\libm.a(floatsisf.o)
 .data          0x00802000        0x0 c:/program files (x86)/atmel/atmel toolchain/avr8 gcc/native/3.4.2.1002/avr8-gnu-toolchain/bin/../lib/gcc/avr/4.7.2/../../../../avr/lib/avrxmega5\libm.a(floor.o)
 .data          0x00802000        0x0 c:/program files (x86)/atmel/atmel toolchain/avr8 gcc/native/3.4.2.1002/avr8-gnu-toolchain/bin/../lib/gcc/avr/4.7.2/../../../../avr/lib/avrxmega5\libm.a(fp_cmp.o)
 .data          0x00802000        0x0 c:/program files (x86)/atmel/atmel toolchain/avr8 gcc/native/3.4.2.1002/avr8-gnu-toolchain/bin/../lib/gcc/avr/4.7.2/../../../../avr/lib/avrxmega5\libm.a(fp_inf.o)
 .data          0x00802000        0x0 c:/program files (x86)/atmel/atmel toolchain/avr8 gcc/native/3.4.2.1002/avr8-gnu-toolchain/bin/../lib/gcc/avr/4.7.2/../../../../avr/lib/avrxmega5\libm.a(fp_mintl.o)
 .data          0x00802000        0x0 c:/program files (x86)/atmel/atmel toolchain/avr8 gcc/native/3.4.2.1002/avr8-gnu-toolchain/bin/../lib/gcc/avr/4.7.2/../../../../avr/lib/avrxmega5\libm.a(fp_mpack.o)
 .data          0x00802000        0x0 c:/program files (x86)/atmel/atmel toolchain/avr8 gcc/native/3.4.2.1002/avr8-gnu-toolchain/bin/../lib/gcc/avr/4.7.2/../../../../avr/lib/avrxmega5\libm.a(fp_nan.o)
 .data          0x00802000        0x0 c:/program files (x86)/atmel/atmel toolchain/avr8 gcc/native/3.4.2.1002/avr8-gnu-toolchain/bin/../lib/gcc/avr/4.7.2/../../../../avr/lib/avrxmega5\libm.a(fp_powser.o)
 .data          0x00802000        0x0 c:/program files (x86)/atmel/atmel toolchain/avr8 gcc/native/3.4.2.1002/avr8-gnu-toolchain/bin/../lib/gcc/avr/4.7.2/../../../../avr/lib/avrxmega5\libm.a(fp_pscA.o)
 .data          0x00802000        0x0 c:/program files (x86)/atmel/atmel toolchain/avr8 gcc/native/3.4.2.1002/avr8-gnu-toolchain/bin/../lib/gcc/avr/4.7.2/../../../../avr/lib/avrxmega5\libm.a(fp_pscB.o)
 .data          0x00802000        0x0 c:/program files (x86)/atmel/atmel toolchain/avr8 gcc/native/3.4.2.1002/avr8-gnu-toolchain/bin/../lib/gcc/avr/4.7.2/../../../../avr/lib/avrxmega5\libm.a(fp_round.o)
 .data          0x00802000        0x0 c:/program files (x86)/atmel/atmel toolchain/avr8 gcc/native/3.4.2.1002/avr8-gnu-toolchain/bin/../lib/gcc/avr/4.7.2/../../../../avr/lib/avrxmega5\libm.a(fp_split3.o)
 .data          0x00802000        0x0 c:/program files (x86)/atmel/atmel toolchain/avr8 gcc/native/3.4.2.1002/avr8-gnu-toolchain/bin/../lib/gcc/avr/4.7.2/../../../../avr/lib/avrxmega5\libm.a(fp_trunc.o)
 .data          0x00802000        0x0 c:/program files (x86)/atmel/atmel toolchain/avr8 gcc/native/3.4.2.1002/avr8-gnu-toolchain/bin/../lib/gcc/avr/4.7.2/../../../../avr/lib/avrxmega5\libm.a(fp_zero.o)
 .data          0x00802000        0x0 c:/program files (x86)/atmel/atmel toolchain/avr8 gcc/native/3.4.2.1002/avr8-gnu-toolchain/bin/../lib/gcc/avr/4.7.2/../../../../avr/lib/avrxmega5\libm.a(gesf2.o)
 .data          0x00802000        0x0 c:/program files (x86)/atmel/atmel toolchain/avr8 gcc/native/3.4.2.1002/avr8-gnu-toolchain/bin/../lib/gcc/avr/4.7.2/../../../../avr/lib/avrxmega5\libm.a(hypot.o)
 .data          0x00802000        0x0 c:/program files (x86)/atmel/atmel toolchain/avr8 gcc/native/3.4.2.1002/avr8-gnu-toolchain/bin/../lib/gcc/avr/4.7.2/../../../../avr/lib/avrxmega5\libm.a(inverse.o)
 .data          0x00802000        0x0 c:/program files (x86)/atmel/atmel toolchain/avr8 gcc/native/3.4.2.1002/avr8-gnu-toolchain/bin/../lib/gcc/avr/4.7.2/../../../../avr/lib/avrxmega5\libm.a(ldexp.o)
 .data          0x00802000        0x0 c:/program files (x86)/atmel/atmel toolchain/avr8 gcc/native/3.4.2.1002/avr8-gnu-toolchain/bin/../lib/gcc/avr/4.7.2/../../../../avr/lib/avrxmega5\libm.a(mulsf3.o)
 .data          0x00802000        0x0 c:/program files (x86)/atmel/atmel toolchain/avr8 gcc/native/3.4.2.1002/avr8-gnu-toolchain/bin/../lib/gcc/avr/4.7.2/../../../../avr/lib/avrxmega5\libm.a(mulsf3x.o)
 .data          0x00802000        0x0 c:/program files (x86)/atmel/atmel toolchain/avr8 gcc/native/3.4.2.1002/avr8-gnu-toolchain/bin/../lib/gcc/avr/4.7.2/../../../../avr/lib/avrxmega5\libm.a(sqrt.o)
 .data          0x00802000        0x0 c:/program files (x86)/atmel/atmel toolchain/avr8 gcc/native/3.4.2.1002/avr8-gnu-toolchain/bin/../lib/gcc/avr/4.7.2/../../../../avr/lib/avrxmega5\libm.a(square.o)
 .data          0x00802000        0x0 c:/program files (x86)/atmel/atmel toolchain/avr8 gcc/native/3.4.2.1002/avr8-gnu-toolchain/bin/../lib/gcc/avr/4.7.2/../../../../avr/lib/avrxmega5\libm.a(fp_norm2.o)
 .data          0x00802000        0x0 c:/program files (x86)/atmel/atmel toolchain/avr8 gcc/native/3.4.2.1002/avr8-gnu-toolchain/bin/../lib/gcc/avr/4.7.2/avrxmega5\libgcc.a(_exit.o)
 .data          0x00802000        0x0 c:/program files (x86)/atmel/atmel toolchain/avr8 gcc/native/3.4.2.1002/avr8-gnu-toolchain/bin/../lib/gcc/avr/4.7.2/avrxmega5\libgcc.a(_tablejump.o)
 .data          0x00802000        0x0 c:/program files (x86)/atmel/atmel toolchain/avr8 gcc/native/3.4.2.1002/avr8-gnu-toolchain/bin/../lib/gcc/avr/4.7.2/avrxmega5\libgcc.a(_copy_data.o)
 .data          0x00802000        0x0 c:/program files (x86)/atmel/atmel toolchain/avr8 gcc/native/3.4.2.1002/avr8-gnu-toolchain/bin/../lib/gcc/avr/4.7.2/avrxmega5\libgcc.a(_clear_bss.o)
 .data          0x00802000        0x0 c:/program files (x86)/atmel/atmel toolchain/avr8 gcc/native/3.4.2.1002/avr8-gnu-toolchain/bin/../lib/gcc/avr/4.7.2/avrxmega5\libgcc.a(_ctors.o)
 .data          0x00802000        0x0 c:/program files (x86)/atmel/atmel toolchain/avr8 gcc/native/3.4.2.1002/avr8-gnu-toolchain/bin/../lib/gcc/avr/4.7.2/avrxmega5\libgcc.a(_dtors.o)
 .data          0x00802000        0x0 c:/program files (x86)/atmel/atmel toolchain/avr8 gcc/native/3.4.2.1002/avr8-gnu-toolchain/bin/../lib/gcc/avr/4.7.2/avrxmega5\libgcc.a(_tablejump_elpm.o)
 .data          0x00802000        0x0 c:/program files (x86)/atmel/atmel toolchain/avr8 gcc/native/3.4.2.1002/avr8-gnu-toolchain/bin/../lib/gcc/avr/4.7.2/../../../../avr/lib/avrxmega5\libc.a(memcpy.o)
 .data          0x00802000        0x0 c:/program files (x86)/atmel/atmel toolchain/avr8 gcc/native/3.4.2.1002/avr8-gnu-toolchain/bin/../lib/gcc/avr/4.7.2/../../../../avr/lib/avrxmega5\libc.a(itoa.o)
 .data          0x00802000        0x0 c:/program files (x86)/atmel/atmel toolchain/avr8 gcc/native/3.4.2.1002/avr8-gnu-toolchain/bin/../lib/gcc/avr/4.7.2/../../../../avr/lib/avrxmega5\libc.a(eerd_word_atxmega64a1.o)
 .data          0x00802000        0x0 c:/program files (x86)/atmel/atmel toolchain/avr8 gcc/native/3.4.2.1002/avr8-gnu-toolchain/bin/../lib/gcc/avr/4.7.2/../../../../avr/lib/avrxmega5\libc.a(eewr_word_atxmega64a1.o)
 .data          0x00802000        0x0 c:/program files (x86)/atmel/atmel toolchain/avr8 gcc/native/3.4.2.1002/avr8-gnu-toolchain/bin/../lib/gcc/avr/4.7.2/../../../../avr/lib/avrxmega5\libc.a(eerd_byte_atxmega64a1u.o)
 .data          0x00802000        0x0 c:/program files (x86)/atmel/atmel toolchain/avr8 gcc/native/3.4.2.1002/avr8-gnu-toolchain/bin/../lib/gcc/avr/4.7.2/../../../../avr/lib/avrxmega5\libc.a(strrev.o)
 .data          0x00802000        0x0 c:/program files (x86)/atmel/atmel toolchain/avr8 gcc/native/3.4.2.1002/avr8-gnu-toolchain/bin/../lib/gcc/avr/4.7.2/../../../../avr/lib/avrxmega5\libc.a(eewr_byte_atxmega64a1.o)
 .data          0x00802000        0x0 c:/program files (x86)/atmel/atmel toolchain/avr8 gcc/native/3.4.2.1002/avr8-gnu-toolchain/bin/../lib/gcc/avr/4.7.2/avrxmega5\libgcc.a(_udivmodhi4.o)
 *(.data*)
 .data._ZN6schuss9schuss_OKE
                0x00802000        0x1 libs/periphery.o
                0x00802000                _ZN6schuss9schuss_OKE
 .data._ZN8dribbler8nachlaufE
                0x00802001        0x1 libs/periphery.o
                0x00802001                _ZN8dribbler8nachlaufE
 .data.Sinus    0x00802002      0x16c main.o
                0x00802002                Sinus
 .data.US_tw_pos
                0x0080216e        0x4 main.o
                0x0080216e                US_tw_pos
 .data.ADC_Offset
                0x00802172       0x10 main.o
                0x00802172                ADC_Offset
 .data.EEPROM_write
                0x00802182        0x1 main.o
                0x00802182                EEPROM_write
 *(.rodata)
 .rodata        0x00802183       0x20 libs/motor.o
 *(.rodata*)
 .rodata.str1.1
                0x008021a3      0x2a1 main.o
                                0x2a6 (size before relaxing)
 .rodata._ZL10ADC_Winkel
                0x00802444       0x10 main.o
 *(.gnu.linkonce.d*)
                0x00802454                . = ALIGN (0x2)
                0x00802454                _edata = .
                0x00802454                PROVIDE (__data_end, .)

.bss            0x00802454      0x17e
                0x00802454                PROVIDE (__bss_start, .)
 *(.bss)
 *(.bss*)
 .bss.timer_fail
                0x00802454        0x1 libs/atmega8.o
                0x00802454                timer_fail
 .bss.mux       0x00802455        0x1 libs/atmega8.o
                0x00802455                mux
 .bss.out_pos   0x00802456        0x1 libs/atmega8.o
                0x00802456                out_pos
 .bss.out_pos1  0x00802457        0x1 libs/atmega8.o
                0x00802457                out_pos1
 .bss.out       0x00802458        0x1 libs/atmega8.o
                0x00802458                out
 .bss.out_winkel
                0x00802459        0x2 libs/atmega8.o
                0x00802459                out_winkel
 .bss.linie     0x0080245b       0x20 libs/atmega8.o
                0x0080245b                linie
 .bss.USART_line
                0x0080247b       0x2b libs/atmega8.o
                0x0080247b                USART_line
 .bss._ZZ19atmega8_kalibrationhE14zaehler_taster
                0x008024a6        0x1 libs/atmega8.o
 .bss._ZN6ballda6ball_tE
                0x008024a7        0x2 libs/periphery.o
                0x008024a7                _ZN6ballda6ball_tE
 .bss._ZN6ballda7ball_daE
                0x008024a9        0x1 libs/periphery.o
                0x008024a9                _ZN6ballda7ball_daE
 .bss._ZN6schuss14schuss_counterE
                0x008024aa        0x2 libs/periphery.o
                0x008024aa                _ZN6schuss14schuss_counterE
 .bss._ZN8dribbler9force_offE
                0x008024ac        0x1 libs/periphery.o
                0x008024ac                _ZN8dribbler9force_offE
 .bss.kamera    0x008024ad       0x10 main.o
                0x008024ad                kamera
 .bss.legoir    0x008024bd        0x4 main.o
                0x008024bd                legoir
 .bss.US_sensor
                0x008024c1       0x10 main.o
                0x008024c1                US_sensor
 .bss.kompass   0x008024d1        0x4 main.o
                0x008024d1                kompass
 .bss.display   0x008024d5        0x3 main.o
                0x008024d5                display
 .bss.mpu       0x008024d8        0x4 main.o
                0x008024d8                mpu
 .bss.twiMasterD
                0x008024dc       0x49 main.o
                0x008024dc                twiMasterD
 .bss.twiMaster
                0x00802525       0x49 main.o
                0x00802525                twiMaster
 .bss.display_counter
                0x0080256e        0x1 main.o
                0x0080256e                display_counter
 .bss.select_page
                0x0080256f        0x2 main.o
                0x0080256f                select_page
 .bss.keypad_last
                0x00802571        0x2 main.o
                0x00802571                keypad_last
 .bss.display_page
                0x00802573        0x1 main.o
                0x00802573                display_page
 .bss.SW_pos    0x00802574        0x1 main.o
                0x00802574                SW_pos
 .bss.US_n_pos  0x00802575        0x4 main.o
                0x00802575                US_n_pos
 .bss.US_Werte  0x00802579        0x8 main.o
                0x00802579                US_Werte
 .bss.TSOP      0x00802581        0x2 main.o
                0x00802581                TSOP
 .bss.lego_IR   0x00802583        0x1 main.o
                0x00802583                lego_IR
 .bss.torwart2feldspieler
                0x00802584        0x1 main.o
                0x00802584                torwart2feldspieler
 .bss.ball_counter
                0x00802585        0x2 main.o
                0x00802585                ball_counter
 .bss.ball_Winkel_alt
                0x00802587        0x2 main.o
                0x00802587                ball_Winkel_alt
 .bss.ball_Distanz_alt
                0x00802589        0x2 main.o
                0x00802589                ball_Distanz_alt
 .bss.ball_Winkel
                0x0080258b        0x2 main.o
                0x0080258b                ball_Winkel
 .bss.ball_DistanzWinkel
                0x0080258d        0x2 main.o
                0x0080258d                ball_DistanzWinkel
 .bss.ball_Distanz
                0x0080258f        0x2 main.o
                0x0080258f                ball_Distanz
 .bss.ADC_Werte_TP
                0x00802591       0x10 main.o
                0x00802591                ADC_Werte_TP
 .bss.ADC_Werte
                0x008025a1       0x10 main.o
                0x008025a1                ADC_Werte
 .bss.muxIR     0x008025b1        0x1 main.o
                0x008025b1                muxIR
 .bss.tor_winkel
                0x008025b2        0x1 main.o
                0x008025b2                tor_winkel
 .bss.super_turn
                0x008025b3        0x1 main.o
                0x008025b3                super_turn
 .bss.PID       0x008025b4        0x4 main.o
                0x008025b4                PID
 .bss.PID_flaeche
                0x008025b8        0x4 main.o
                0x008025b8                PID_flaeche
 .bss.delta_phi
                0x008025bc        0x2 main.o
                0x008025bc                delta_phi
 .bss.delta_phi_alt
                0x008025be        0x2 main.o
                0x008025be                delta_phi_alt
 .bss.Torrichtung
                0x008025c0        0x2 main.o
                0x008025c0                Torrichtung
 .bss.PID_Counter
                0x008025c2        0x1 main.o
                0x008025c2                PID_Counter
 .bss.soll_phi  0x008025c3        0x2 main.o
                0x008025c3                soll_phi
 .bss.phi_jetzt
                0x008025c5        0x2 main.o
                0x008025c5                phi_jetzt
 .bss.PID_int   0x008025c7        0x2 main.o
                0x008025c7                PID_int
 .bss.k         0x008025c9        0x8 main.o
                0x008025c9                k
 .bss.Soft_Counter
                0x008025d1        0x1 main.o
                0x008025d1                Soft_Counter
 *(COMMON)
                0x008025d2                PROVIDE (__bss_end, .)
                0x000043e2                __data_load_start = LOADADDR (.data)
                0x00004836                __data_load_end = (__data_load_start + SIZEOF (.data))

.noinit         0x008025d2        0x0
                0x008025d2                PROVIDE (__noinit_start, .)
 *(.noinit*)
                0x008025d2                PROVIDE (__noinit_end, .)
                0x008025d2                _end = .
                0x008025d2                PROVIDE (__heap_start, .)

.eeprom         0x00810000        0x0
 *(.eeprom*)
                0x00810000                __eeprom_end = .

.fuse
 *(.fuse)
 *(.lfuse)
 *(.hfuse)
 *(.efuse)

.lock
 *(.lock*)

.signature
 *(.signature*)

.user_signatures
 *(.user_signatures*)

.stab           0x00000000     0x4404
 *(.stab)
 .stab          0x00000000      0x6fc c:/program files (x86)/atmel/atmel toolchain/avr8 gcc/native/3.4.2.1002/avr8-gnu-toolchain/bin/../lib/gcc/avr/4.7.2/../../../../avr/lib/avrxmega5/crtx64a1.o
 .stab          0x000006fc       0x78 c:/program files (x86)/atmel/atmel toolchain/avr8 gcc/native/3.4.2.1002/avr8-gnu-toolchain/bin/../lib/gcc/avr/4.7.2/../../../../avr/lib/avrxmega5\libm.a(addsf3.o)
                                 0x84 (size before relaxing)
 .stab          0x00000774      0x4bc c:/program files (x86)/atmel/atmel toolchain/avr8 gcc/native/3.4.2.1002/avr8-gnu-toolchain/bin/../lib/gcc/avr/4.7.2/../../../../avr/lib/avrxmega5\libm.a(addsf3x.o)
                                0x4c8 (size before relaxing)
 .stab          0x00000c30      0x2f4 c:/program files (x86)/atmel/atmel toolchain/avr8 gcc/native/3.4.2.1002/avr8-gnu-toolchain/bin/../lib/gcc/avr/4.7.2/../../../../avr/lib/avrxmega5\libm.a(atan2.o)
                                0x300 (size before relaxing)
 .stab          0x00000f24      0x210 c:/program files (x86)/atmel/atmel toolchain/avr8 gcc/native/3.4.2.1002/avr8-gnu-toolchain/bin/../lib/gcc/avr/4.7.2/../../../../avr/lib/avrxmega5\libm.a(atan.o)
                                0x21c (size before relaxing)
 .stab          0x00001134      0x114 c:/program files (x86)/atmel/atmel toolchain/avr8 gcc/native/3.4.2.1002/avr8-gnu-toolchain/bin/../lib/gcc/avr/4.7.2/../../../../avr/lib/avrxmega5\libm.a(ceil.o)
                                0x120 (size before relaxing)
 .stab          0x00001248       0x90 c:/program files (x86)/atmel/atmel toolchain/avr8 gcc/native/3.4.2.1002/avr8-gnu-toolchain/bin/../lib/gcc/avr/4.7.2/../../../../avr/lib/avrxmega5\libm.a(cmpsf2.o)
                                 0x9c (size before relaxing)
 .stab          0x000012d8       0x48 c:/program files (x86)/atmel/atmel toolchain/avr8 gcc/native/3.4.2.1002/avr8-gnu-toolchain/bin/../lib/gcc/avr/4.7.2/../../../../avr/lib/avrxmega5\libm.a(divsf3.o)
                                 0x54 (size before relaxing)
 .stab          0x00001320      0x510 c:/program files (x86)/atmel/atmel toolchain/avr8 gcc/native/3.4.2.1002/avr8-gnu-toolchain/bin/../lib/gcc/avr/4.7.2/../../../../avr/lib/avrxmega5\libm.a(divsf3x.o)
                                0x51c (size before relaxing)
 .stab          0x00001830       0x6c c:/program files (x86)/atmel/atmel toolchain/avr8 gcc/native/3.4.2.1002/avr8-gnu-toolchain/bin/../lib/gcc/avr/4.7.2/../../../../avr/lib/avrxmega5\libm.a(fixsfsi.o)
                                 0x78 (size before relaxing)
 .stab          0x0000189c      0x240 c:/program files (x86)/atmel/atmel toolchain/avr8 gcc/native/3.4.2.1002/avr8-gnu-toolchain/bin/../lib/gcc/avr/4.7.2/../../../../avr/lib/avrxmega5\libm.a(fixunssfsi.o)
                                0x24c (size before relaxing)
 .stab          0x00001adc      0x318 c:/program files (x86)/atmel/atmel toolchain/avr8 gcc/native/3.4.2.1002/avr8-gnu-toolchain/bin/../lib/gcc/avr/4.7.2/../../../../avr/lib/avrxmega5\libm.a(floatsisf.o)
                                0x324 (size before relaxing)
 .stab          0x00001df4      0x114 c:/program files (x86)/atmel/atmel toolchain/avr8 gcc/native/3.4.2.1002/avr8-gnu-toolchain/bin/../lib/gcc/avr/4.7.2/../../../../avr/lib/avrxmega5\libm.a(floor.o)
                                0x120 (size before relaxing)
 .stab          0x00001f08      0x1e0 c:/program files (x86)/atmel/atmel toolchain/avr8 gcc/native/3.4.2.1002/avr8-gnu-toolchain/bin/../lib/gcc/avr/4.7.2/../../../../avr/lib/avrxmega5\libm.a(fp_cmp.o)
                                0x1ec (size before relaxing)
 .stab          0x000020e8       0x78 c:/program files (x86)/atmel/atmel toolchain/avr8 gcc/native/3.4.2.1002/avr8-gnu-toolchain/bin/../lib/gcc/avr/4.7.2/../../../../avr/lib/avrxmega5\libm.a(fp_inf.o)
                                 0x84 (size before relaxing)
 .stab          0x00002160      0x174 c:/program files (x86)/atmel/atmel toolchain/avr8 gcc/native/3.4.2.1002/avr8-gnu-toolchain/bin/../lib/gcc/avr/4.7.2/../../../../avr/lib/avrxmega5\libm.a(fp_mintl.o)
                                0x180 (size before relaxing)
 .stab          0x000022d4       0xe4 c:/program files (x86)/atmel/atmel toolchain/avr8 gcc/native/3.4.2.1002/avr8-gnu-toolchain/bin/../lib/gcc/avr/4.7.2/../../../../avr/lib/avrxmega5\libm.a(fp_mpack.o)
                                 0xf0 (size before relaxing)
 .stab          0x000023b8       0x54 c:/program files (x86)/atmel/atmel toolchain/avr8 gcc/native/3.4.2.1002/avr8-gnu-toolchain/bin/../lib/gcc/avr/4.7.2/../../../../avr/lib/avrxmega5\libm.a(fp_nan.o)
                                 0x60 (size before relaxing)
 .stab          0x0000240c      0x1ec c:/program files (x86)/atmel/atmel toolchain/avr8 gcc/native/3.4.2.1002/avr8-gnu-toolchain/bin/../lib/gcc/avr/4.7.2/../../../../avr/lib/avrxmega5\libm.a(fp_powser.o)
                                0x1f8 (size before relaxing)
 .stab          0x000025f8       0x84 c:/program files (x86)/atmel/atmel toolchain/avr8 gcc/native/3.4.2.1002/avr8-gnu-toolchain/bin/../lib/gcc/avr/4.7.2/../../../../avr/lib/avrxmega5\libm.a(fp_pscA.o)
                                 0x90 (size before relaxing)
 .stab          0x0000267c       0x84 c:/program files (x86)/atmel/atmel toolchain/avr8 gcc/native/3.4.2.1002/avr8-gnu-toolchain/bin/../lib/gcc/avr/4.7.2/../../../../avr/lib/avrxmega5\libm.a(fp_pscB.o)
                                 0x90 (size before relaxing)
 .stab          0x00002700       0xfc c:/program files (x86)/atmel/atmel toolchain/avr8 gcc/native/3.4.2.1002/avr8-gnu-toolchain/bin/../lib/gcc/avr/4.7.2/../../../../avr/lib/avrxmega5\libm.a(fp_round.o)
                                0x108 (size before relaxing)
 .stab          0x000027fc      0x1d4 c:/program files (x86)/atmel/atmel toolchain/avr8 gcc/native/3.4.2.1002/avr8-gnu-toolchain/bin/../lib/gcc/avr/4.7.2/../../../../avr/lib/avrxmega5\libm.a(fp_split3.o)
                                0x1e0 (size before relaxing)
 .stab          0x000029d0      0x144 c:/program files (x86)/atmel/atmel toolchain/avr8 gcc/native/3.4.2.1002/avr8-gnu-toolchain/bin/../lib/gcc/avr/4.7.2/../../../../avr/lib/avrxmega5\libm.a(fp_trunc.o)
                                0x150 (size before relaxing)
 .stab          0x00002b14       0x90 c:/program files (x86)/atmel/atmel toolchain/avr8 gcc/native/3.4.2.1002/avr8-gnu-toolchain/bin/../lib/gcc/avr/4.7.2/../../../../avr/lib/avrxmega5\libm.a(fp_zero.o)
                                 0x9c (size before relaxing)
 .stab          0x00002ba4       0x6c c:/program files (x86)/atmel/atmel toolchain/avr8 gcc/native/3.4.2.1002/avr8-gnu-toolchain/bin/../lib/gcc/avr/4.7.2/../../../../avr/lib/avrxmega5\libm.a(gesf2.o)
                                 0x78 (size before relaxing)
 .stab          0x00002c10      0x4c8 c:/program files (x86)/atmel/atmel toolchain/avr8 gcc/native/3.4.2.1002/avr8-gnu-toolchain/bin/../lib/gcc/avr/4.7.2/../../../../avr/lib/avrxmega5\libm.a(hypot.o)
                                0x4d4 (size before relaxing)
 .stab          0x000030d8       0x84 c:/program files (x86)/atmel/atmel toolchain/avr8 gcc/native/3.4.2.1002/avr8-gnu-toolchain/bin/../lib/gcc/avr/4.7.2/../../../../avr/lib/avrxmega5\libm.a(inverse.o)
                                 0x90 (size before relaxing)
 .stab          0x0000315c      0x2c4 c:/program files (x86)/atmel/atmel toolchain/avr8 gcc/native/3.4.2.1002/avr8-gnu-toolchain/bin/../lib/gcc/avr/4.7.2/../../../../avr/lib/avrxmega5\libm.a(ldexp.o)
                                0x2d0 (size before relaxing)
 .stab          0x00003420       0x48 c:/program files (x86)/atmel/atmel toolchain/avr8 gcc/native/3.4.2.1002/avr8-gnu-toolchain/bin/../lib/gcc/avr/4.7.2/../../../../avr/lib/avrxmega5\libm.a(mulsf3.o)
                                 0x54 (size before relaxing)
 .stab          0x00003468      0x4d4 c:/program files (x86)/atmel/atmel toolchain/avr8 gcc/native/3.4.2.1002/avr8-gnu-toolchain/bin/../lib/gcc/avr/4.7.2/../../../../avr/lib/avrxmega5\libm.a(mulsf3x.o)
                                0x4e0 (size before relaxing)
 .stab          0x0000393c      0x354 c:/program files (x86)/atmel/atmel toolchain/avr8 gcc/native/3.4.2.1002/avr8-gnu-toolchain/bin/../lib/gcc/avr/4.7.2/../../../../avr/lib/avrxmega5\libm.a(sqrt.o)
                                0x360 (size before relaxing)
 .stab          0x00003c90       0x54 c:/program files (x86)/atmel/atmel toolchain/avr8 gcc/native/3.4.2.1002/avr8-gnu-toolchain/bin/../lib/gcc/avr/4.7.2/../../../../avr/lib/avrxmega5\libm.a(square.o)
                                 0x60 (size before relaxing)
 .stab          0x00003ce4       0x84 c:/program files (x86)/atmel/atmel toolchain/avr8 gcc/native/3.4.2.1002/avr8-gnu-toolchain/bin/../lib/gcc/avr/4.7.2/../../../../avr/lib/avrxmega5\libm.a(fp_norm2.o)
                                 0x90 (size before relaxing)
 .stab          0x00003d68       0x84 c:/program files (x86)/atmel/atmel toolchain/avr8 gcc/native/3.4.2.1002/avr8-gnu-toolchain/bin/../lib/gcc/avr/4.7.2/../../../../avr/lib/avrxmega5\libc.a(memcpy.o)
                                 0x90 (size before relaxing)
 .stab          0x00003dec      0x1b0 c:/program files (x86)/atmel/atmel toolchain/avr8 gcc/native/3.4.2.1002/avr8-gnu-toolchain/bin/../lib/gcc/avr/4.7.2/../../../../avr/lib/avrxmega5\libc.a(itoa.o)
                                0x1bc (size before relaxing)
 .stab          0x00003f9c       0x60 c:/program files (x86)/atmel/atmel toolchain/avr8 gcc/native/3.4.2.1002/avr8-gnu-toolchain/bin/../lib/gcc/avr/4.7.2/../../../../avr/lib/avrxmega5\libc.a(eerd_word_atxmega64a1.o)
                                 0x6c (size before relaxing)
 .stab          0x00003ffc       0x54 c:/program files (x86)/atmel/atmel toolchain/avr8 gcc/native/3.4.2.1002/avr8-gnu-toolchain/bin/../lib/gcc/avr/4.7.2/../../../../avr/lib/avrxmega5\libc.a(eewr_word_atxmega64a1.o)
                                 0x60 (size before relaxing)
 .stab          0x00004050       0xfc c:/program files (x86)/atmel/atmel toolchain/avr8 gcc/native/3.4.2.1002/avr8-gnu-toolchain/bin/../lib/gcc/avr/4.7.2/../../../../avr/lib/avrxmega5\libc.a(eerd_byte_atxmega64a1u.o)
                                0x108 (size before relaxing)
 .stab          0x0000414c       0xd8 c:/program files (x86)/atmel/atmel toolchain/avr8 gcc/native/3.4.2.1002/avr8-gnu-toolchain/bin/../lib/gcc/avr/4.7.2/../../../../avr/lib/avrxmega5\libc.a(strrev.o)
                                 0xe4 (size before relaxing)
 .stab          0x00004224      0x1e0 c:/program files (x86)/atmel/atmel toolchain/avr8 gcc/native/3.4.2.1002/avr8-gnu-toolchain/bin/../lib/gcc/avr/4.7.2/../../../../avr/lib/avrxmega5\libc.a(eewr_byte_atxmega64a1.o)
                                0x1ec (size before relaxing)

.stabstr        0x00000000     0x12b2
 *(.stabstr)
 .stabstr       0x00000000     0x12b2 c:/program files (x86)/atmel/atmel toolchain/avr8 gcc/native/3.4.2.1002/avr8-gnu-toolchain/bin/../lib/gcc/avr/4.7.2/../../../../avr/lib/avrxmega5/crtx64a1.o

.stab.excl
 *(.stab.excl)

.stab.exclstr
 *(.stab.exclstr)

.stab.index
 *(.stab.index)

.stab.indexstr
 *(.stab.indexstr)

.comment        0x00000000       0x2f
 *(.comment)
 .comment       0x00000000       0x2f driver/twimaster.o
                                 0x30 (size before relaxing)
 .comment       0x00000000       0x30 driver/usart.o
 .comment       0x00000000       0x30 libs/atmega8.o
 .comment       0x00000000       0x30 libs/ir.o
 .comment       0x00000000       0x30 libs/motor.o
 .comment       0x00000000       0x30 libs/periphery.o
 .comment       0x00000000       0x30 main.o
 .comment       0x00000000       0x30 sensor/cmps03.o
 .comment       0x00000000       0x30 sensor/lcd03.o
 .comment       0x00000000       0x30 sensor/legoIR.o
 .comment       0x00000000       0x30 sensor/mpu6050.o
 .comment       0x00000000       0x30 sensor/pixie.o
 .comment       0x00000000       0x30 sensor/srf08.o

.debug
 *(.debug)

.line
 *(.line)

.debug_srcinfo
 *(.debug_srcinfo)

.debug_sfnames
 *(.debug_sfnames)

.debug_aranges
 *(.debug_aranges)

.debug_pubnames
 *(.debug_pubnames)

.debug_info
 *(.debug_info)
 *(.gnu.linkonce.wi.*)

.debug_abbrev
 *(.debug_abbrev)

.debug_line
 *(.debug_line)

.debug_frame
 *(.debug_frame)

.debug_str
 *(.debug_str)

.debug_loc
 *(.debug_loc)

.debug_macinfo
 *(.debug_macinfo)

.debug_pubtypes
 *(.debug_pubtypes)

.debug_ranges
 *(.debug_ranges)

.debug_macro
 *(.debug_macro)
OUTPUT(AtXMega.elf elf32-avr)
LOAD linker stubs
